Archive member included to satisfy reference by file (symbol)

C:\Dev\GIT\LELEC210X_GROUP_E\mcu\optimization_main_app\ARM_CMSIS\CMSIS\DSP\Lib\GCC\libarm_cortexM4lf_math.a(arm_rfft_q15.o)
                              ./Core/Src/spectrogram.o (arm_rfft_q15)
C:\Dev\GIT\LELEC210X_GROUP_E\mcu\optimization_main_app\ARM_CMSIS\CMSIS\DSP\Lib\GCC\libarm_cortexM4lf_math.a(arm_rfft_init_q15.o)
                              ./Core/Src/spectrogram.o (arm_rfft_init_q15)
C:\Dev\GIT\LELEC210X_GROUP_E\mcu\optimization_main_app\ARM_CMSIS\CMSIS\DSP\Lib\GCC\libarm_cortexM4lf_math.a(arm_dot_prod_q15.o)
                              ./Core/Src/spectrogram.o (arm_dot_prod_q15)
C:\Dev\GIT\LELEC210X_GROUP_E\mcu\optimization_main_app\ARM_CMSIS\CMSIS\DSP\Lib\GCC\libarm_cortexM4lf_math.a(arm_const_structs.o)
                              C:\Dev\GIT\LELEC210X_GROUP_E\mcu\optimization_main_app\ARM_CMSIS\CMSIS\DSP\Lib\GCC\libarm_cortexM4lf_math.a(arm_rfft_init_q15.o) (arm_cfft_sR_q15_len4096)
C:\Dev\GIT\LELEC210X_GROUP_E\mcu\optimization_main_app\ARM_CMSIS\CMSIS\DSP\Lib\GCC\libarm_cortexM4lf_math.a(arm_common_tables.o)
                              C:\Dev\GIT\LELEC210X_GROUP_E\mcu\optimization_main_app\ARM_CMSIS\CMSIS\DSP\Lib\GCC\libarm_cortexM4lf_math.a(arm_rfft_init_q15.o) (realCoefBQ15)
C:\Dev\GIT\LELEC210X_GROUP_E\mcu\optimization_main_app\ARM_CMSIS\CMSIS\DSP\Lib\GCC\libarm_cortexM4lf_math.a(arm_cfft_q15.o)
                              C:\Dev\GIT\LELEC210X_GROUP_E\mcu\optimization_main_app\ARM_CMSIS\CMSIS\DSP\Lib\GCC\libarm_cortexM4lf_math.a(arm_rfft_q15.o) (arm_cfft_q15)
C:\Dev\GIT\LELEC210X_GROUP_E\mcu\optimization_main_app\ARM_CMSIS\CMSIS\DSP\Lib\GCC\libarm_cortexM4lf_math.a(arm_cfft_radix4_q15.o)
                              C:\Dev\GIT\LELEC210X_GROUP_E\mcu\optimization_main_app\ARM_CMSIS\CMSIS\DSP\Lib\GCC\libarm_cortexM4lf_math.a(arm_cfft_q15.o) (arm_radix4_butterfly_q15)
C:\Dev\GIT\LELEC210X_GROUP_E\mcu\optimization_main_app\ARM_CMSIS\CMSIS\DSP\Lib\GCC\libarm_cortexM4lf_math.a(arm_bitreversal2.o)
                              C:\Dev\GIT\LELEC210X_GROUP_E\mcu\optimization_main_app\ARM_CMSIS\CMSIS\DSP\Lib\GCC\libarm_cortexM4lf_math.a(arm_cfft_q15.o) (arm_bitreversal_16)
C:\Dev\GIT\LELEC210X_GROUP_E\mcu\optimization_main_app\ARM_CMSIS\CMSIS\DSP\Lib\GCC\libarm_cortexM4lf_math.a(arm_bitreversal.o)
                              C:\Dev\GIT\LELEC210X_GROUP_E\mcu\optimization_main_app\ARM_CMSIS\CMSIS\DSP\Lib\GCC\libarm_cortexM4lf_math.a(arm_cfft_radix4_q15.o) (arm_bitreversal_q15)
C:/ST/STM32CubeIDE_1.16.1/STM32CubeIDE/plugins/com.st.stm32cube.ide.mcu.externaltools.gnu-tools-for-stm32.12.3.rel1.win32_1.0.200.202406191623/tools/bin/../lib/gcc/arm-none-eabi/12.3.1/../../../../arm-none-eabi/lib/thumb/v7e-m+fp/hard\libc_nano.a(libc_a-exit.o)
                              C:/ST/STM32CubeIDE_1.16.1/STM32CubeIDE/plugins/com.st.stm32cube.ide.mcu.externaltools.gnu-tools-for-stm32.12.3.rel1.win32_1.0.200.202406191623/tools/bin/../lib/gcc/arm-none-eabi/12.3.1/../../../../arm-none-eabi/lib/thumb/v7e-m+fp/hard/crt0.o (exit)
C:/ST/STM32CubeIDE_1.16.1/STM32CubeIDE/plugins/com.st.stm32cube.ide.mcu.externaltools.gnu-tools-for-stm32.12.3.rel1.win32_1.0.200.202406191623/tools/bin/../lib/gcc/arm-none-eabi/12.3.1/../../../../arm-none-eabi/lib/thumb/v7e-m+fp/hard\libc_nano.a(libc_a-malloc.o)
                              ./Core/Src/packet.o (malloc)
C:/ST/STM32CubeIDE_1.16.1/STM32CubeIDE/plugins/com.st.stm32cube.ide.mcu.externaltools.gnu-tools-for-stm32.12.3.rel1.win32_1.0.200.202406191623/tools/bin/../lib/gcc/arm-none-eabi/12.3.1/../../../../arm-none-eabi/lib/thumb/v7e-m+fp/hard\libc_nano.a(libc_a-mallocr.o)
                              C:/ST/STM32CubeIDE_1.16.1/STM32CubeIDE/plugins/com.st.stm32cube.ide.mcu.externaltools.gnu-tools-for-stm32.12.3.rel1.win32_1.0.200.202406191623/tools/bin/../lib/gcc/arm-none-eabi/12.3.1/../../../../arm-none-eabi/lib/thumb/v7e-m+fp/hard\libc_nano.a(libc_a-malloc.o) (_malloc_r)
C:/ST/STM32CubeIDE_1.16.1/STM32CubeIDE/plugins/com.st.stm32cube.ide.mcu.externaltools.gnu-tools-for-stm32.12.3.rel1.win32_1.0.200.202406191623/tools/bin/../lib/gcc/arm-none-eabi/12.3.1/../../../../arm-none-eabi/lib/thumb/v7e-m+fp/hard\libc_nano.a(libc_a-mlock.o)
                              C:/ST/STM32CubeIDE_1.16.1/STM32CubeIDE/plugins/com.st.stm32cube.ide.mcu.externaltools.gnu-tools-for-stm32.12.3.rel1.win32_1.0.200.202406191623/tools/bin/../lib/gcc/arm-none-eabi/12.3.1/../../../../arm-none-eabi/lib/thumb/v7e-m+fp/hard\libc_nano.a(libc_a-mallocr.o) (__malloc_lock)
C:/ST/STM32CubeIDE_1.16.1/STM32CubeIDE/plugins/com.st.stm32cube.ide.mcu.externaltools.gnu-tools-for-stm32.12.3.rel1.win32_1.0.200.202406191623/tools/bin/../lib/gcc/arm-none-eabi/12.3.1/../../../../arm-none-eabi/lib/thumb/v7e-m+fp/hard\libc_nano.a(libc_a-findfp.o)
[...]
Memory Configuration

Name             Origin             Length             Attributes
RAM              0x20000000         0x00050000         xrw
RAM2             0x10000000         0x00010000         xrw
FLASH            0x08000000         0x00100000         xr
*default*        0x00000000         0xffffffff

Linker script and memory map

LOAD C:/ST/STM32CubeIDE_1.16.1/STM32CubeIDE/plugins/com.st.stm32cube.ide.mcu.externaltools.gnu-tools-for-stm32.12.3.rel1.win32_1.0.200.202406191623/tools/bin/../lib/gcc/arm-none-eabi/12.3.1/thumb/v7e-m+fp/hard/crti.o
LOAD C:/ST/STM32CubeIDE_1.16.1/STM32CubeIDE/plugins/com.st.stm32cube.ide.mcu.externaltools.gnu-tools-for-stm32.12.3.rel1.win32_1.0.200.202406191623/tools/bin/../lib/gcc/arm-none-eabi/12.3.1/thumb/v7e-m+fp/hard/crtbegin.o
LOAD C:/ST/STM32CubeIDE_1.16.1/STM32CubeIDE/plugins/com.st.stm32cube.ide.mcu.externaltools.gnu-tools-for-stm32.12.3.rel1.win32_1.0.200.202406191623/tools/bin/../lib/gcc/arm-none-eabi/12.3.1/../../../../arm-none-eabi/lib/thumb/v7e-m+fp/hard/crt0.o
LOAD ./Core/Src/adc.o
LOAD ./Core/Src/adc_dblbuf.o
LOAD ./Core/Src/aes.o
LOAD ./Core/Src/aes_ref.o
LOAD ./Core/Src/arm_absmax_q15.o
LOAD ./Core/Src/dma.o
LOAD ./Core/Src/eval_radio.o
LOAD ./Core/Src/gpio.o
LOAD ./Core/Src/main.o
LOAD ./Core/Src/packet.o
LOAD ./Core/Src/retarget.o
LOAD ./Core/Src/s2lp.o
LOAD ./Core/Src/spectrogram.o
LOAD ./Core/Src/spi.o
LOAD ./Core/Src/stm32l4xx_hal_msp.o
LOAD ./Core/Src/stm32l4xx_it.o
LOAD ./Core/Src/sysmem.o
LOAD ./Core/Src/system_stm32l4xx.o
LOAD ./Core/Src/tim.o
LOAD ./Core/Src/usart.o
LOAD ./Core/Src/utils.o
LOAD ./Core/Startup/startup_stm32l4a6zgtx.o
LOAD ./Drivers/STM32L4xx_HAL_Driver/Src/stm32l4xx_hal.o
LOAD ./Drivers/STM32L4xx_HAL_Driver/Src/stm32l4xx_hal_adc.o
LOAD ./Drivers/STM32L4xx_HAL_Driver/Src/stm32l4xx_hal_adc_ex.o
LOAD ./Drivers/STM32L4xx_HAL_Driver/Src/stm32l4xx_hal_cortex.o
LOAD ./Drivers/STM32L4xx_HAL_Driver/Src/stm32l4xx_hal_cryp.o
LOAD ./Drivers/STM32L4xx_HAL_Driver/Src/stm32l4xx_hal_cryp_ex.o
LOAD ./Drivers/STM32L4xx_HAL_Driver/Src/stm32l4xx_hal_dma.o
LOAD ./Drivers/STM32L4xx_HAL_Driver/Src/stm32l4xx_hal_dma_ex.o
LOAD ./Drivers/STM32L4xx_HAL_Driver/Src/stm32l4xx_hal_exti.o
LOAD ./Drivers/STM32L4xx_HAL_Driver/Src/stm32l4xx_hal_flash.o
LOAD ./Drivers/STM32L4xx_HAL_Driver/Src/stm32l4xx_hal_flash_ex.o
LOAD ./Drivers/STM32L4xx_HAL_Driver/Src/stm32l4xx_hal_flash_ramfunc.o
LOAD ./Drivers/STM32L4xx_HAL_Driver/Src/stm32l4xx_hal_gpio.o
LOAD ./Drivers/STM32L4xx_HAL_Driver/Src/stm32l4xx_hal_i2c.o
LOAD ./Drivers/STM32L4xx_HAL_Driver/Src/stm32l4xx_hal_i2c_ex.o
LOAD ./Drivers/STM32L4xx_HAL_Driver/Src/stm32l4xx_hal_pwr.o
LOAD ./Drivers/STM32L4xx_HAL_Driver/Src/stm32l4xx_hal_pwr_ex.o
LOAD ./Drivers/STM32L4xx_HAL_Driver/Src/stm32l4xx_hal_rcc.o
LOAD ./Drivers/STM32L4xx_HAL_Driver/Src/stm32l4xx_hal_rcc_ex.o
LOAD ./Drivers/STM32L4xx_HAL_Driver/Src/stm32l4xx_hal_spi.o
LOAD ./Drivers/STM32L4xx_HAL_Driver/Src/stm32l4xx_hal_spi_ex.o
LOAD ./Drivers/STM32L4xx_HAL_Driver/Src/stm32l4xx_hal_tim.o
LOAD ./Drivers/STM32L4xx_HAL_Driver/Src/stm32l4xx_hal_tim_ex.o
LOAD ./Drivers/STM32L4xx_HAL_Driver/Src/stm32l4xx_hal_uart.o
LOAD ./Drivers/STM32L4xx_HAL_Driver/Src/stm32l4xx_hal_uart_ex.o
LOAD C:\Dev\GIT\LELEC210X_GROUP_E\mcu\optimization_main_app\ARM_CMSIS\CMSIS\DSP\Lib\GCC\libarm_cortexM4lf_math.a
START GROUP
LOAD C:/ST/STM32CubeIDE_1.16.1/STM32CubeIDE/plugins/com.st.stm32cube.ide.mcu.externaltools.gnu-tools-for-stm32.12.3.rel1.win32_1.0.200.202406191623/tools/bin/../lib/gcc/arm-none-eabi/12.3.1/../../../../arm-none-eabi/lib/thumb/v7e-m+fp/hard\libc_nano.a
LOAD C:/ST/STM32CubeIDE_1.16.1/STM32CubeIDE/plugins/com.st.stm32cube.ide.mcu.externaltools.gnu-tools-for-stm32.12.3.rel1.win32_1.0.200.202406191623/tools/bin/../lib/gcc/arm-none-eabi/12.3.1/../../../../arm-none-eabi/lib/thumb/v7e-m+fp/hard\libm.a
END GROUP
START GROUP
LOAD C:/ST/STM32CubeIDE_1.16.1/STM32CubeIDE/plugins/com.st.stm32cube.ide.mcu.externaltools.gnu-tools-for-stm32.12.3.rel1.win32_1.0.200.202406191623/tools/bin/../lib/gcc/arm-none-eabi/12.3.1/thumb/v7e-m+fp/hard\libgcc.a
LOAD C:/ST/STM32CubeIDE_1.16.1/STM32CubeIDE/plugins/com.st.stm32cube.ide.mcu.externaltools.gnu-tools-for-stm32.12.3.rel1.win32_1.0.200.202406191623/tools/bin/../lib/gcc/arm-none-eabi/12.3.1/../../../../arm-none-eabi/lib/thumb/v7e-m+fp/hard\libc_nano.a
END GROUP
START GROUP
LOAD C:/ST/STM32CubeIDE_1.16.1/STM32CubeIDE/plugins/com.st.stm32cube.ide.mcu.externaltools.gnu-tools-for-stm32.12.3.rel1.win32_1.0.200.202406191623/tools/bin/../lib/gcc/arm-none-eabi/12.3.1/thumb/v7e-m+fp/hard\libgcc.a
LOAD C:/ST/STM32CubeIDE_1.16.1/STM32CubeIDE/plugins/com.st.stm32cube.ide.mcu.externaltools.gnu-tools-for-stm32.12.3.rel1.win32_1.0.200.202406191623/tools/bin/../lib/gcc/arm-none-eabi/12.3.1/../../../../arm-none-eabi/lib/thumb/v7e-m+fp/hard\libc_nano.a
LOAD C:/ST/STM32CubeIDE_1.16.1/STM32CubeIDE/plugins/com.st.stm32cube.ide.mcu.externaltools.gnu-tools-for-stm32.12.3.rel1.win32_1.0.200.202406191623/tools/bin/../lib/gcc/arm-none-eabi/12.3.1/../../../../arm-none-eabi/lib/thumb/v7e-m+fp/hard\libnosys.a
END GROUP
START GROUP
LOAD C:/ST/STM32CubeIDE_1.16.1/STM32CubeIDE/plugins/com.st.stm32cube.ide.mcu.externaltools.gnu-tools-for-stm32.12.3.rel1.win32_1.0.200.202406191623/tools/bin/../lib/gcc/arm-none-eabi/12.3.1/thumb/v7e-m+fp/hard\libgcc.a
LOAD C:/ST/STM32CubeIDE_1.16.1/STM32CubeIDE/plugins/com.st.stm32cube.ide.mcu.externaltools.gnu-tools-for-stm32.12.3.rel1.win32_1.0.200.202406191623/tools/bin/../lib/gcc/arm-none-eabi/12.3.1/../../../../arm-none-eabi/lib/thumb/v7e-m+fp/hard\libc_nano.a
LOAD C:/ST/STM32CubeIDE_1.16.1/STM32CubeIDE/plugins/com.st.stm32cube.ide.mcu.externaltools.gnu-tools-for-stm32.12.3.rel1.win32_1.0.200.202406191623/tools/bin/../lib/gcc/arm-none-eabi/12.3.1/../../../../arm-none-eabi/lib/thumb/v7e-m+fp/hard\libnosys.a
END GROUP
LOAD C:/ST/STM32CubeIDE_1.16.1/STM32CubeIDE/plugins/com.st.stm32cube.ide.mcu.externaltools.gnu-tools-for-stm32.12.3.rel1.win32_1.0.200.202406191623/tools/bin/../lib/gcc/arm-none-eabi/12.3.1/thumb/v7e-m+fp/hard/crtend.o
LOAD C:/ST/STM32CubeIDE_1.16.1/STM32CubeIDE/plugins/com.st.stm32cube.ide.mcu.externaltools.gnu-tools-for-stm32.12.3.rel1.win32_1.0.200.202406191623/tools/bin/../lib/gcc/arm-none-eabi/12.3.1/thumb/v7e-m+fp/hard/crtn.o
                0x20050000                        _estack = (ORIGIN (RAM) + LENGTH (RAM))
                0x00000200                        _Min_Heap_Size = 0x200
                0x00000400                        _Min_Stack_Size = 0x400

.isr_vector     0x08000000      0x1ac
                0x08000000                        . = ALIGN (0x4)
 *(.isr_vector)
 .isr_vector    0x08000000      0x1ac ./Core/Startup/startup_stm32l4a6zgtx.o
                0x08000000                g_pfnVectors
                0x080001ac                        . = ALIGN (0x4)

.text           0x080001b0     0x8f88
                0x080001b0                        . = ALIGN (0x4)
 *(.text)
 .text          0x080001b0       0x40 C:/ST/STM32CubeIDE_1.16.1/STM32CubeIDE/plugins/com.st.stm32cube.ide.mcu.externaltools.gnu-tools-for-stm32.12.3.rel1.win32_1.0.200.202406191623/tools/bin/../lib/gcc/arm-none-eabi/12.3.1/thumb/v7e-m+fp/hard/crtbegin.o
 .text          0x080001f0       0xa0 C:/ST/STM32CubeIDE_1.16.1/STM32CubeIDE/plugins/com.st.stm32cube.ide.mcu.externaltools.gnu-tools-for-stm32.12.3.rel1.win32_1.0.200.202406191623/tools/bin/../lib/gcc/arm-none-eabi/12.3.1/../../../../arm-none-eabi/lib/thumb/v7e-m+fp/hard\libc_nano.a(libc_a-memchr.o)
                0x080001f0                memchr
 .text          0x08000290       0x30 C:/ST/STM32CubeIDE_1.16.1/STM32CubeIDE/plugins/com.st.stm32cube.ide.mcu.externaltools.gnu-tools-for-stm32.12.3.rel1.win32_1.0.200.202406191623/tools/bin/../lib/gcc/arm-none-eabi/12.3.1/thumb/v7e-m+fp/hard\libgcc.a(_aeabi_uldivmod.o)
                0x08000290                __aeabi_uldivmod
 .text          0x080002c0      0x2bc C:/ST/STM32CubeIDE_1.16.1/STM32CubeIDE/plugins/com.st.stm32cube.ide.mcu.externaltools.gnu-tools-for-stm32.12.3.rel1.win32_1.0.200.202406191623/tools/bin/../lib/gcc/arm-none-eabi/12.3.1/thumb/v7e-m+fp/hard\libgcc.a(_udivmoddi4.o)
                0x080002c0                __udivmoddi4
 .text          0x0800057c        0x4 C:/ST/STM32CubeIDE_1.16.1/STM32CubeIDE/plugins/com.st.stm32cube.ide.mcu.externaltools.gnu-tools-for-stm32.12.3.rel1.win32_1.0.200.202406191623/tools/bin/../lib/gcc/arm-none-eabi/12.3.1/thumb/v7e-m+fp/hard\libgcc.a(_dvmd_tls.o)
                0x0800057c                __aeabi_idiv0
                0x0800057c                __aeabi_ldiv0
 *(.text*)
 .text.MX_ADC1_Init
                0x08000580       0xac ./Core/Src/adc.o
                0x08000580                MX_ADC1_Init
 .text.HAL_ADC_MspInit
                0x0800062c       0xc8 ./Core/Src/adc.o
                0x0800062c                HAL_ADC_MspInit
 .text.send_spectrogram
                0x080006f4      0x14c ./Core/Src/adc_dblbuf.o
 .text.StartADCAcq
                0x08000840       0x30 ./Core/Src/adc_dblbuf.o
                0x08000840                StartADCAcq
 .text.IsADCFinished
                0x08000870       0x10 ./Core/Src/adc_dblbuf.o
                0x08000870                IsADCFinished
 .text.threshold_mel_vectors
                0x08000880      0x184 ./Core/Src/adc_dblbuf.o
                0x08000880                threshold_mel_vectors
 .text.HAL_ADC_ConvCpltCallback
                0x08000a04       0xa0 ./Core/Src/adc_dblbuf.o
                0x08000a04                HAL_ADC_ConvCpltCallback
 .text.HAL_ADC_ConvHalfCpltCallback
                0x08000aa4       0xa0 ./Core/Src/adc_dblbuf.o
                0x08000aa4                HAL_ADC_ConvHalfCpltCallback
 *fill*         0x08000b44        0x4 
 .text.MX_AES_Init
                0x08000b48       0x74 ./Core/Src/aes.o
                0x08000b48                MX_AES_Init
 .text.HAL_CRYP_MspInit
                0x08000bbc       0x30 ./Core/Src/aes.o
                0x08000bbc                HAL_CRYP_MspInit
 .text.HAL_CRYP_MspDeInit
                0x08000bec       0x20 ./Core/Src/aes.o
                0x08000bec                HAL_CRYP_MspDeInit
 .text.MX_DMA_Init
                0x08000c0c       0x30 ./Core/Src/dma.o
                0x08000c0c                MX_DMA_Init
 .text.MX_GPIO_Init
                0x08000c3c      0x294 ./Core/Src/gpio.o
                0x08000c3c                MX_GPIO_Init
 .text.HAL_GPIO_EXTI_Callback
                0x08000ed0       0x1c ./Core/Src/main.o
                0x08000ed0                HAL_GPIO_EXTI_Callback
 .text.run      0x08000eec       0xc8 ./Core/Src/main.o
                0x08000eec                run
 .text.Error_Handler
                0x08000fb4      0x128 ./Core/Src/main.o
                0x08000fb4                Error_Handler
 *fill*         0x080010dc        0x4 
 .text.SystemClock_Config
                0x080010e0       0x70 ./Core/Src/main.o
                0x080010e0                SystemClock_Config
 .text.startup.main
                0x08001150       0x9c ./Core/Src/main.o
                0x08001150                main
 .text.make_packet
                0x080011ec       0xac ./Core/Src/packet.o
                0x080011ec                make_packet
 .text.RetargetInit
                0x08001298       0x24 ./Core/Src/retarget.o
                0x08001298                RetargetInit
 .text._isatty  0x080012bc       0x18 ./Core/Src/retarget.o
                0x080012bc                _isatty
 .text._write   0x080012d4       0x34 ./Core/Src/retarget.o
                0x080012d4                _write
 .text._close   0x08001308       0x18 ./Core/Src/retarget.o
                0x08001308                _close
 .text._lseek   0x08001320       0x10 ./Core/Src/retarget.o
                0x08001320                _lseek
 .text._read    0x08001330       0x30 ./Core/Src/retarget.o
                0x08001330                _read
 .text._fstat   0x08001360       0x1c ./Core/Src/retarget.o
                0x08001360                _fstat
 .text.S2LP_Command
                0x0800137c       0x64 ./Core/Src/s2lp.o
                0x0800137c                S2LP_Command
 .text.S2LP_ReadReg
                0x080013e0       0x7c ./Core/Src/s2lp.o
                0x080013e0                S2LP_ReadReg
 .text.S2LP_WriteReg
                0x0800145c       0x74 ./Core/Src/s2lp.o
                0x0800145c                S2LP_WriteReg
 .text.S2LP_WriteTxFIFO
                0x080014d0       0x88 ./Core/Src/s2lp.o
                0x080014d0                S2LP_WriteTxFIFO
 .text.S2LP_Send
                0x08001558      0x1dc ./Core/Src/s2lp.o
                0x08001558                S2LP_Send
 .text.S2LP_PrintStatus
                0x08001734      0x200 ./Core/Src/s2lp.o
                0x08001734                S2LP_PrintStatus
 *fill*         0x08001934        0x4 
 .text.S2LP_PLLConf
                0x08001938      0x23c ./Core/Src/s2lp.o
                0x08001938                S2LP_PLLConf
 .text.ComputeDatarate
                0x08001b74      0x11c ./Core/Src/s2lp.o
                0x08001b74                ComputeDatarate
 .text.SearchDatarateME
                0x08001c90      0x2b4 ./Core/Src/s2lp.o
                0x08001c90                SearchDatarateME
 .text.ComputeFreqDeviation
                0x08001f44       0xfc ./Core/Src/s2lp.o
                0x08001f44                ComputeFreqDeviation
 .text.SearchFreqDevME
                0x08002040      0x254 ./Core/Src/s2lp.o
                0x08002040                SearchFreqDevME
 .text.S2LP_SetModulation
                0x08002294       0x80 ./Core/Src/s2lp.o
                0x08002294                S2LP_SetModulation
 .text.S2LP_SetPALeveldBm
                0x08002314       0x54 ./Core/Src/s2lp.o
                0x08002314                S2LP_SetPALeveldBm
 .text.S2LP_Init
                0x08002368      0x144 ./Core/Src/s2lp.o
                0x08002368                S2LP_Init
 .text.S2LP_IRQ_Handler
                0x080024ac       0x64 ./Core/Src/s2lp.o
                0x080024ac                S2LP_IRQ_Handler
 .text.Spectrogram_Format
                0x08002510       0xf0 ./Core/Src/spectrogram.o
                0x08002510                Spectrogram_Format
 .text.Spectrogram_Compute
                0x08002600      0x18c ./Core/Src/spectrogram.o
                0x08002600                Spectrogram_Compute
 .text.MX_SPI1_Init
                0x0800278c       0x50 ./Core/Src/spi.o
                0x0800278c                MX_SPI1_Init
 .text.HAL_SPI_MspInit
                0x080027dc       0x94 ./Core/Src/spi.o
                0x080027dc                HAL_SPI_MspInit
 .text.HAL_MspInit
                0x08002870       0x30 ./Core/Src/stm32l4xx_hal_msp.o
                0x08002870                HAL_MspInit
 .text.NMI_Handler
                0x080028a0        0x4 ./Core/Src/stm32l4xx_it.o
                0x080028a0                NMI_Handler
 .text.HardFault_Handler
                0x080028a4        0x4 ./Core/Src/stm32l4xx_it.o
                0x080028a4                HardFault_Handler
 .text.MemManage_Handler
                0x080028a8        0x4 ./Core/Src/stm32l4xx_it.o
                0x080028a8                MemManage_Handler
 .text.BusFault_Handler
                0x080028ac        0x4 ./Core/Src/stm32l4xx_it.o
                0x080028ac                BusFault_Handler
 .text.UsageFault_Handler
                0x080028b0        0x4 ./Core/Src/stm32l4xx_it.o
                0x080028b0                UsageFault_Handler
 .text.SVC_Handler
                0x080028b4        0x4 ./Core/Src/stm32l4xx_it.o
                0x080028b4                SVC_Handler
 .text.DebugMon_Handler
                0x080028b8        0x4 ./Core/Src/stm32l4xx_it.o
                0x080028b8                DebugMon_Handler
 .text.PendSV_Handler
                0x080028bc        0x4 ./Core/Src/stm32l4xx_it.o
                0x080028bc                PendSV_Handler
 .text.SysTick_Handler
                0x080028c0        0x4 ./Core/Src/stm32l4xx_it.o
                0x080028c0                SysTick_Handler
 .text.EXTI3_IRQHandler
                0x080028c4        0x8 ./Core/Src/stm32l4xx_it.o
                0x080028c4                EXTI3_IRQHandler
 .text.DMA1_Channel1_IRQHandler
                0x080028cc        0xc ./Core/Src/stm32l4xx_it.o
                0x080028cc                DMA1_Channel1_IRQHandler
 .text.TIM3_IRQHandler
                0x080028d8        0xc ./Core/Src/stm32l4xx_it.o
                0x080028d8                TIM3_IRQHandler
 .text.EXTI15_10_IRQHandler
                0x080028e4        0x8 ./Core/Src/stm32l4xx_it.o
                0x080028e4                EXTI15_10_IRQHandler
 .text._sbrk    0x080028ec       0x44 ./Core/Src/sysmem.o
                0x080028ec                _sbrk
 .text.SystemInit
                0x08002930       0x44 ./Core/Src/system_stm32l4xx.o
                0x08002930                SystemInit
 .text.MX_TIM3_Init
                0x08002974       0x78 ./Core/Src/tim.o
                0x08002974                MX_TIM3_Init
 .text.HAL_TIM_Base_MspInit
                0x080029ec       0x44 ./Core/Src/tim.o
                0x080029ec                HAL_TIM_Base_MspInit
 .text.MX_LPUART1_UART_Init
                0x08002a30       0x48 ./Core/Src/usart.o
                0x08002a30                MX_LPUART1_UART_Init
 .text.HAL_UART_MspInit
                0x08002a78       0x9c ./Core/Src/usart.o
                0x08002a78                HAL_UART_MspInit
 .text.start_cycle_count
                0x08002b14       0x40 ./Core/Src/utils.o
                0x08002b14                start_cycle_count
 .text.stop_cycle_count
                0x08002b54       0x38 ./Core/Src/utils.o
                0x08002b54                stop_cycle_count
 .text.hex_encode
                0x08002b8c      0x124 ./Core/Src/utils.o
                0x08002b8c                hex_encode
 .text.Reset_Handler
                0x08002cb0       0x50 ./Core/Startup/startup_stm32l4a6zgtx.o
                0x08002cb0                Reset_Handler
 .text.Default_Handler
                0x08002d00        0x2 ./Core/Startup/startup_stm32l4a6zgtx.o
                0x08002d00                RTC_Alarm_IRQHandler
                0x08002d00                HASH_RNG_IRQHandler
                0x08002d00                EXTI2_IRQHandler
                0x08002d00                TIM8_TRG_COM_IRQHandler
                0x08002d00                TIM8_CC_IRQHandler
                0x08002d00                TIM1_CC_IRQHandler
                0x08002d00                TSC_IRQHandler
                0x08002d00                TAMP_STAMP_IRQHandler
                0x08002d00                CAN2_RX1_IRQHandler
                0x08002d00                LPTIM2_IRQHandler
                0x08002d00                DFSDM1_FLT1_IRQHandler
                0x08002d00                I2C3_ER_IRQHandler
                0x08002d00                DFSDM1_FLT2_IRQHandler
                0x08002d00                EXTI0_IRQHandler
                0x08002d00                I2C2_EV_IRQHandler
                0x08002d00                CAN1_RX0_IRQHandler
                0x08002d00                FPU_IRQHandler
                0x08002d00                TIM1_UP_TIM16_IRQHandler
                0x08002d00                CAN2_SCE_IRQHandler
                0x08002d00                ADC1_2_IRQHandler
                0x08002d00                SPI1_IRQHandler
                0x08002d00                TIM6_DAC_IRQHandler
                0x08002d00                DCMI_IRQHandler
                0x08002d00                CAN2_RX0_IRQHandler
                0x08002d00                TIM8_UP_IRQHandler
                0x08002d00                DMA2_Channel2_IRQHandler
                0x08002d00                DMA1_Channel4_IRQHandler
                0x08002d00                SAI2_IRQHandler
                0x08002d00                DFSDM1_FLT3_IRQHandler
                0x08002d00                USART3_IRQHandler
                0x08002d00                DMA1_Channel7_IRQHandler
                0x08002d00                CAN1_RX1_IRQHandler
                0x08002d00                LCD_IRQHandler
                0x08002d00                UART5_IRQHandler
                0x08002d00                ADC3_IRQHandler
                0x08002d00                TIM4_IRQHandler
                0x08002d00                DMA2_Channel1_IRQHandler
                0x08002d00                QUADSPI_IRQHandler
                0x08002d00                I2C1_EV_IRQHandler
                0x08002d00                DMA1_Channel6_IRQHandler
                0x08002d00                UART4_IRQHandler
                0x08002d00                DMA2_Channel4_IRQHandler
                0x08002d00                RCC_IRQHandler
                0x08002d00                Default_Handler
                0x08002d00                DMA2_Channel7_IRQHandler
                0x08002d00                TIM7_IRQHandler
                0x08002d00                SDMMC1_IRQHandler
                0x08002d00                CAN2_TX_IRQHandler
                0x08002d00                TIM5_IRQHandler
                0x08002d00                I2C3_EV_IRQHandler
                0x08002d00                EXTI9_5_IRQHandler
                0x08002d00                RTC_WKUP_IRQHandler
                0x08002d00                PVD_PVM_IRQHandler
                0x08002d00                SPI2_IRQHandler
                0x08002d00                CAN1_TX_IRQHandler
                0x08002d00                DMA2_Channel5_IRQHandler
                0x08002d00                CRS_IRQHandler
                0x08002d00                DMA1_Channel5_IRQHandler
                0x08002d00                EXTI4_IRQHandler
                0x08002d00                TIM1_TRG_COM_TIM17_IRQHandler
                0x08002d00                DMA1_Channel3_IRQHandler
                0x08002d00                COMP_IRQHandler
                0x08002d00                WWDG_IRQHandler
                0x08002d00                I2C4_EV_IRQHandler
                0x08002d00                LPUART1_IRQHandler
                0x08002d00                DMA2_Channel6_IRQHandler
                0x08002d00                TIM2_IRQHandler
                0x08002d00                DMA2D_IRQHandler
                0x08002d00                EXTI1_IRQHandler
                0x08002d00                AES_IRQHandler
                0x08002d00                USART2_IRQHandler
                0x08002d00                DFSDM1_FLT0_IRQHandler
                0x08002d00                I2C2_ER_IRQHandler
                0x08002d00                DMA1_Channel2_IRQHandler
                0x08002d00                TIM8_BRK_IRQHandler
                0x08002d00                CAN1_SCE_IRQHandler
                0x08002d00                FLASH_IRQHandler
                0x08002d00                USART1_IRQHandler
                0x08002d00                OTG_FS_IRQHandler
                0x08002d00                SPI3_IRQHandler
                0x08002d00                I2C1_ER_IRQHandler
                0x08002d00                FMC_IRQHandler
                0x08002d00                SWPMI1_IRQHandler
                0x08002d00                LPTIM1_IRQHandler
                0x08002d00                I2C4_ER_IRQHandler
                0x08002d00                SAI1_IRQHandler
                0x08002d00                DMA2_Channel3_IRQHandler
                0x08002d00                TIM1_BRK_TIM15_IRQHandler
 *fill*         0x08002d02        0x2 
 .text.HAL_InitTick
                0x08002d04       0x4c ./Drivers/STM32L4xx_HAL_Driver/Src/stm32l4xx_hal.o
                0x08002d04                HAL_InitTick
 .text.HAL_Init
                0x08002d50       0x20 ./Drivers/STM32L4xx_HAL_Driver/Src/stm32l4xx_hal.o
                0x08002d50                HAL_Init
 .text.HAL_IncTick
                0x08002d70       0x18 ./Drivers/STM32L4xx_HAL_Driver/Src/stm32l4xx_hal.o
                0x08002d70                HAL_IncTick
 .text.HAL_GetTick
                0x08002d88        0xc ./Drivers/STM32L4xx_HAL_Driver/Src/stm32l4xx_hal.o
                0x08002d88                HAL_GetTick
 .text.HAL_Delay
                0x08002d94       0x6c ./Drivers/STM32L4xx_HAL_Driver/Src/stm32l4xx_hal.o
                0x08002d94                HAL_Delay
 .text.HAL_ADC_Init
                0x08002e00      0x20c ./Drivers/STM32L4xx_HAL_Driver/Src/stm32l4xx_hal_adc.o
                0x08002e00                HAL_ADC_Init
 .text.ADC_DMAHalfConvCplt
                0x0800300c        0xc ./Drivers/STM32L4xx_HAL_Driver/Src/stm32l4xx_hal_adc.o
                0x0800300c                ADC_DMAHalfConvCplt
 .text.HAL_ADC_ErrorCallback
                0x08003018        0x4 ./Drivers/STM32L4xx_HAL_Driver/Src/stm32l4xx_hal_adc.o
                0x08003018                HAL_ADC_ErrorCallback
 .text.ADC_DMAConvCplt
                0x0800301c       0x6c ./Drivers/STM32L4xx_HAL_Driver/Src/stm32l4xx_hal_adc.o
                0x0800301c                ADC_DMAConvCplt
 .text.ADC_DMAError
                0x08003088       0x1c ./Drivers/STM32L4xx_HAL_Driver/Src/stm32l4xx_hal_adc.o
                0x08003088                ADC_DMAError
 .text.HAL_ADC_ConfigChannel
                0x080030a4      0x51c ./Drivers/STM32L4xx_HAL_Driver/Src/stm32l4xx_hal_adc.o
                0x080030a4                HAL_ADC_ConfigChannel
 .text.ADC_Enable
                0x080035c0      0x10c ./Drivers/STM32L4xx_HAL_Driver/Src/stm32l4xx_hal_adc.o
                0x080035c0                ADC_Enable
 .text.HAL_ADC_Start_DMA
                0x080036cc       0xfc ./Drivers/STM32L4xx_HAL_Driver/Src/stm32l4xx_hal_adc.o
                0x080036cc                HAL_ADC_Start_DMA
 .text.ADC_Disable
                0x080037c8       0x74 ./Drivers/STM32L4xx_HAL_Driver/Src/stm32l4xx_hal_adc.o
                0x080037c8                ADC_Disable
 .text.HAL_ADCEx_Calibration_Start
                0x0800383c       0x98 ./Drivers/STM32L4xx_HAL_Driver/Src/stm32l4xx_hal_adc_ex.o
                0x0800383c                HAL_ADCEx_Calibration_Start
 .text.HAL_ADCEx_MultiModeConfigChannel
                0x080038d4       0xdc ./Drivers/STM32L4xx_HAL_Driver/Src/stm32l4xx_hal_adc_ex.o
                0x080038d4                HAL_ADCEx_MultiModeConfigChannel
 .text.HAL_NVIC_SetPriorityGrouping
                0x080039b0       0x24 ./Drivers/STM32L4xx_HAL_Driver/Src/stm32l4xx_hal_cortex.o
                0x080039b0                HAL_NVIC_SetPriorityGrouping
 .text.HAL_NVIC_SetPriority
                0x080039d4       0x78 ./Drivers/STM32L4xx_HAL_Driver/Src/stm32l4xx_hal_cortex.o
                0x080039d4                HAL_NVIC_SetPriority
 .text.HAL_NVIC_EnableIRQ
                0x08003a4c       0x1c ./Drivers/STM32L4xx_HAL_Driver/Src/stm32l4xx_hal_cortex.o
                0x08003a4c                HAL_NVIC_EnableIRQ
 .text.HAL_SYSTICK_Config
                0x08003a68       0x34 ./Drivers/STM32L4xx_HAL_Driver/Src/stm32l4xx_hal_cortex.o
                0x08003a68                HAL_SYSTICK_Config
 .text.CRYP_SetKey
                0x08003a9c       0x54 ./Drivers/STM32L4xx_HAL_Driver/Src/stm32l4xx_hal_cryp.o
 .text.HAL_CRYP_Init
                0x08003af0      0x160 ./Drivers/STM32L4xx_HAL_Driver/Src/stm32l4xx_hal_cryp.o
                0x08003af0                HAL_CRYP_Init
 .text.HAL_CRYP_AESCBC_Encrypt
                0x08003c50      0x208 ./Drivers/STM32L4xx_HAL_Driver/Src/stm32l4xx_hal_cryp.o
                0x08003c50                HAL_CRYP_AESCBC_Encrypt
 .text.HAL_CRYPEx_AES
                0x08003e58      0x204 ./Drivers/STM32L4xx_HAL_Driver/Src/stm32l4xx_hal_cryp_ex.o
                0x08003e58                HAL_CRYPEx_AES
 .text.HAL_DMA_Init
                0x0800405c       0xdc ./Drivers/STM32L4xx_HAL_Driver/Src/stm32l4xx_hal_dma.o
                0x0800405c                HAL_DMA_Init
 .text.HAL_DMA_Start_IT
                0x08004138       0x88 ./Drivers/STM32L4xx_HAL_Driver/Src/stm32l4xx_hal_dma.o
                0x08004138                HAL_DMA_Start_IT
 .text.HAL_DMA_IRQHandler
                0x080041c0       0x9c ./Drivers/STM32L4xx_HAL_Driver/Src/stm32l4xx_hal_dma.o
                0x080041c0                HAL_DMA_IRQHandler
 .text.HAL_GPIO_Init
                0x0800425c      0x238 ./Drivers/STM32L4xx_HAL_Driver/Src/stm32l4xx_hal_gpio.o
                0x0800425c                HAL_GPIO_Init
 .text.HAL_GPIO_WritePin
                0x08004494        0xc ./Drivers/STM32L4xx_HAL_Driver/Src/stm32l4xx_hal_gpio.o
                0x08004494                HAL_GPIO_WritePin
 .text.HAL_GPIO_EXTI_IRQHandler
                0x080044a0       0x18 ./Drivers/STM32L4xx_HAL_Driver/Src/stm32l4xx_hal_gpio.o
                0x080044a0                HAL_GPIO_EXTI_IRQHandler
 .text.HAL_PWREx_GetVoltageRange
                0x080044b8       0x10 ./Drivers/STM32L4xx_HAL_Driver/Src/stm32l4xx_hal_pwr_ex.o
                0x080044b8                HAL_PWREx_GetVoltageRange
 .text.HAL_PWREx_ControlVoltageScaling
                0x080044c8      0x104 ./Drivers/STM32L4xx_HAL_Driver/Src/stm32l4xx_hal_pwr_ex.o
                0x080044c8                HAL_PWREx_ControlVoltageScaling
 .text.HAL_PWREx_EnableVddIO2
                0x080045cc       0x10 ./Drivers/STM32L4xx_HAL_Driver/Src/stm32l4xx_hal_pwr_ex.o
                0x080045cc                HAL_PWREx_EnableVddIO2
 .text.RCC_SetFlashLatencyFromMSIRange
                0x080045dc       0x8c ./Drivers/STM32L4xx_HAL_Driver/Src/stm32l4xx_hal_rcc.o
 .text.HAL_RCC_GetSysClockFreq
                0x08004668       0xb4 ./Drivers/STM32L4xx_HAL_Driver/Src/stm32l4xx_hal_rcc.o
                0x08004668                HAL_RCC_GetSysClockFreq
 .text.HAL_RCC_OscConfig
                0x0800471c      0x62c ./Drivers/STM32L4xx_HAL_Driver/Src/stm32l4xx_hal_rcc.o
                0x0800471c                HAL_RCC_OscConfig
 .text.HAL_RCC_ClockConfig
                0x08004d48      0x16c ./Drivers/STM32L4xx_HAL_Driver/Src/stm32l4xx_hal_rcc.o
                0x08004d48                HAL_RCC_ClockConfig
 .text.HAL_RCC_GetHCLKFreq
                0x08004eb4        0xc ./Drivers/STM32L4xx_HAL_Driver/Src/stm32l4xx_hal_rcc.o
                0x08004eb4                HAL_RCC_GetHCLKFreq
 .text.HAL_RCC_GetPCLK1Freq
                0x08004ec0       0x28 ./Drivers/STM32L4xx_HAL_Driver/Src/stm32l4xx_hal_rcc.o
                0x08004ec0                HAL_RCC_GetPCLK1Freq
 .text.HAL_RCC_GetPCLK2Freq
                0x08004ee8       0x28 ./Drivers/STM32L4xx_HAL_Driver/Src/stm32l4xx_hal_rcc.o
                0x08004ee8                HAL_RCC_GetPCLK2Freq
 .text.RCCEx_PLLSAI1_Config
                0x08004f10      0x11c ./Drivers/STM32L4xx_HAL_Driver/Src/stm32l4xx_hal_rcc_ex.o
 .text.RCCEx_PLLSAI2_Config
                0x0800502c      0x100 ./Drivers/STM32L4xx_HAL_Driver/Src/stm32l4xx_hal_rcc_ex.o
 .text.HAL_RCCEx_PeriphCLKConfig
                0x0800512c      0x464 ./Drivers/STM32L4xx_HAL_Driver/Src/stm32l4xx_hal_rcc_ex.o
                0x0800512c                HAL_RCCEx_PeriphCLKConfig
 .text.SPI_WaitFifoStateUntilTimeout.constprop.0
                0x08005590      0x184 ./Drivers/STM32L4xx_HAL_Driver/Src/stm32l4xx_hal_spi.o
 .text.SPI_EndRxTxTransaction
                0x08005714      0x1b0 ./Drivers/STM32L4xx_HAL_Driver/Src/stm32l4xx_hal_spi.o
 .text.HAL_SPI_Init
                0x080058c4       0xf8 ./Drivers/STM32L4xx_HAL_Driver/Src/stm32l4xx_hal_spi.o
                0x080058c4                HAL_SPI_Init
 .text.HAL_SPI_TransmitReceive
                0x080059bc      0x368 ./Drivers/STM32L4xx_HAL_Driver/Src/stm32l4xx_hal_spi.o
                0x080059bc                HAL_SPI_TransmitReceive
 .text.HAL_TIM_Base_Init
                0x08005d24      0x12c ./Drivers/STM32L4xx_HAL_Driver/Src/stm32l4xx_hal_tim.o
                0x08005d24                HAL_TIM_Base_Init
 .text.HAL_TIM_Base_Start
                0x08005e50       0x70 ./Drivers/STM32L4xx_HAL_Driver/Src/stm32l4xx_hal_tim.o
                0x08005e50                HAL_TIM_Base_Start
 .text.HAL_TIM_ConfigClockSource
                0x08005ec0      0x154 ./Drivers/STM32L4xx_HAL_Driver/Src/stm32l4xx_hal_tim.o
                0x08005ec0                HAL_TIM_ConfigClockSource
 .text.HAL_TIM_PeriodElapsedCallback
                0x08006014        0x4 ./Drivers/STM32L4xx_HAL_Driver/Src/stm32l4xx_hal_tim.o
                0x08006014                HAL_TIM_PeriodElapsedCallback
 .text.HAL_TIM_OC_DelayElapsedCallback
                0x08006018        0x4 ./Drivers/STM32L4xx_HAL_Driver/Src/stm32l4xx_hal_tim.o
                0x08006018                HAL_TIM_OC_DelayElapsedCallback
 .text.HAL_TIM_IC_CaptureCallback
                0x0800601c        0x4 ./Drivers/STM32L4xx_HAL_Driver/Src/stm32l4xx_hal_tim.o
                0x0800601c                HAL_TIM_IC_CaptureCallback
 .text.HAL_TIM_PWM_PulseFinishedCallback
                0x08006020        0x4 ./Drivers/STM32L4xx_HAL_Driver/Src/stm32l4xx_hal_tim.o
                0x08006020                HAL_TIM_PWM_PulseFinishedCallback
 .text.HAL_TIM_TriggerCallback
                0x08006024        0x4 ./Drivers/STM32L4xx_HAL_Driver/Src/stm32l4xx_hal_tim.o
                0x08006024                HAL_TIM_TriggerCallback
 .text.HAL_TIM_IRQHandler
                0x08006028      0x158 ./Drivers/STM32L4xx_HAL_Driver/Src/stm32l4xx_hal_tim.o
                0x08006028                HAL_TIM_IRQHandler
 .text.HAL_TIMEx_MasterConfigSynchronization
                0x08006180       0xa0 ./Drivers/STM32L4xx_HAL_Driver/Src/stm32l4xx_hal_tim_ex.o
                0x08006180                HAL_TIMEx_MasterConfigSynchronization
 .text.HAL_TIMEx_CommutCallback
                0x08006220        0x4 ./Drivers/STM32L4xx_HAL_Driver/Src/stm32l4xx_hal_tim_ex.o
                0x08006220                HAL_TIMEx_CommutCallback
 .text.HAL_TIMEx_BreakCallback
                0x08006224        0x4 ./Drivers/STM32L4xx_HAL_Driver/Src/stm32l4xx_hal_tim_ex.o
                0x08006224                HAL_TIMEx_BreakCallback
 .text.HAL_TIMEx_Break2Callback
                0x08006228        0x4 ./Drivers/STM32L4xx_HAL_Driver/Src/stm32l4xx_hal_tim_ex.o
                0x08006228                HAL_TIMEx_Break2Callback
 .text.HAL_UART_Transmit
                0x0800622c      0x13c ./Drivers/STM32L4xx_HAL_Driver/Src/stm32l4xx_hal_uart.o
                0x0800622c                HAL_UART_Transmit
 .text.HAL_UART_Receive
                0x08006368      0x4a0 ./Drivers/STM32L4xx_HAL_Driver/Src/stm32l4xx_hal_uart.o
                0x08006368                HAL_UART_Receive
 .text.UART_SetConfig
                0x08006808      0x248 ./Drivers/STM32L4xx_HAL_Driver/Src/stm32l4xx_hal_uart.o
                0x08006808                UART_SetConfig
 .text.UART_AdvFeatureConfig
                0x08006a50       0xb0 ./Drivers/STM32L4xx_HAL_Driver/Src/stm32l4xx_hal_uart.o
                0x08006a50                UART_AdvFeatureConfig
 .text.UART_CheckIdleState
                0x08006b00      0x860 ./Drivers/STM32L4xx_HAL_Driver/Src/stm32l4xx_hal_uart.o
                0x08006b00                UART_CheckIdleState
 .text.HAL_UART_Init
                0x08007360       0x64 ./Drivers/STM32L4xx_HAL_Driver/Src/stm32l4xx_hal_uart.o
                0x08007360                HAL_UART_Init
 .text.arm_split_rfft_q15
                0x080073c4      0x10c C:\Dev\GIT\LELEC210X_GROUP_E\mcu\optimization_main_app\ARM_CMSIS\CMSIS\DSP\Lib\GCC\libarm_cortexM4lf_math.a(arm_rfft_q15.o)
                0x080073c4                arm_split_rfft_q15
 .text.arm_rfft_q15
                0x080074d0       0xf8 C:\Dev\GIT\LELEC210X_GROUP_E\mcu\optimization_main_app\ARM_CMSIS\CMSIS\DSP\Lib\GCC\libarm_cortexM4lf_math.a(arm_rfft_q15.o)
                0x080074d0                arm_rfft_q15
 .text.arm_rfft_init_q15
                0x080075c8       0xf8 C:\Dev\GIT\LELEC210X_GROUP_E\mcu\optimization_main_app\ARM_CMSIS\CMSIS\DSP\Lib\GCC\libarm_cortexM4lf_math.a(arm_rfft_init_q15.o)
                0x080075c8                arm_rfft_init_q15
 .text.arm_dot_prod_q15
                0x080076c0       0x80 C:\Dev\GIT\LELEC210X_GROUP_E\mcu\optimization_main_app\ARM_CMSIS\CMSIS\DSP\Lib\GCC\libarm_cortexM4lf_math.a(arm_dot_prod_q15.o)
                0x080076c0                arm_dot_prod_q15
 .text.arm_cfft_radix4by2_q15
                0x08007740       0xbc C:\Dev\GIT\LELEC210X_GROUP_E\mcu\optimization_main_app\ARM_CMSIS\CMSIS\DSP\Lib\GCC\libarm_cortexM4lf_math.a(arm_cfft_q15.o)
                0x08007740                arm_cfft_radix4by2_q15
 .text.arm_cfft_radix4by2_inverse_q15
                0x080077fc       0xbc C:\Dev\GIT\LELEC210X_GROUP_E\mcu\optimization_main_app\ARM_CMSIS\CMSIS\DSP\Lib\GCC\libarm_cortexM4lf_math.a(arm_cfft_q15.o)
                0x080077fc                arm_cfft_radix4by2_inverse_q15
 .text.arm_cfft_q15
                0x080078b8       0xbc C:\Dev\GIT\LELEC210X_GROUP_E\mcu\optimization_main_app\ARM_CMSIS\CMSIS\DSP\Lib\GCC\libarm_cortexM4lf_math.a(arm_cfft_q15.o)
                0x080078b8                arm_cfft_q15
 .text.arm_radix4_butterfly_q15
                0x08007974      0x354 C:\Dev\GIT\LELEC210X_GROUP_E\mcu\optimization_main_app\ARM_CMSIS\CMSIS\DSP\Lib\GCC\libarm_cortexM4lf_math.a(arm_cfft_radix4_q15.o)
                0x08007974                arm_radix4_butterfly_q15
 .text.arm_radix4_butterfly_inverse_q15
                0x08007cc8      0x354 C:\Dev\GIT\LELEC210X_GROUP_E\mcu\optimization_main_app\ARM_CMSIS\CMSIS\DSP\Lib\GCC\libarm_cortexM4lf_math.a(arm_cfft_radix4_q15.o)
                0x08007cc8                arm_radix4_butterfly_inverse_q15
 .text.arm_bitreversal_16
                0x0800801c       0x44 C:\Dev\GIT\LELEC210X_GROUP_E\mcu\optimization_main_app\ARM_CMSIS\CMSIS\DSP\Lib\GCC\libarm_cortexM4lf_math.a(arm_bitreversal2.o)
                0x0800801c                arm_bitreversal_16
 .text.malloc   0x08008060       0x10 C:/ST/STM32CubeIDE_1.16.1/STM32CubeIDE/plugins/com.st.stm32cube.ide.mcu.externaltools.gnu-tools-for-stm32.12.3.rel1.win32_1.0.200.202406191623/tools/bin/../lib/gcc/arm-none-eabi/12.3.1/../../../../arm-none-eabi/lib/thumb/v7e-m+fp/hard\libc_nano.a(libc_a-malloc.o)
                0x08008060                malloc
 .text.free     0x08008070       0x10 C:/ST/STM32CubeIDE_1.16.1/STM32CubeIDE/plugins/com.st.stm32cube.ide.mcu.externaltools.gnu-tools-for-stm32.12.3.rel1.win32_1.0.200.202406191623/tools/bin/../lib/gcc/arm-none-eabi/12.3.1/../../../../arm-none-eabi/lib/thumb/v7e-m+fp/hard\libc_nano.a(libc_a-malloc.o)
                0x08008070                free
 .text.sbrk_aligned
                0x08008080       0x44 C:/ST/STM32CubeIDE_1.16.1/STM32CubeIDE/plugins/com.st.stm32cube.ide.mcu.externaltools.gnu-tools-for-stm32.12.3.rel1.win32_1.0.200.202406191623/tools/bin/../lib/gcc/arm-none-eabi/12.3.1/../../../../arm-none-eabi/lib/thumb/v7e-m+fp/hard\libc_nano.a(libc_a-mallocr.o)
 .text._malloc_r
                0x080080c4      0x100 C:/ST/STM32CubeIDE_1.16.1/STM32CubeIDE/plugins/com.st.stm32cube.ide.mcu.externaltools.gnu-tools-for-stm32.12.3.rel1.win32_1.0.200.202406191623/tools/bin/../lib/gcc/arm-none-eabi/12.3.1/../../../../arm-none-eabi/lib/thumb/v7e-m+fp/hard\libc_nano.a(libc_a-mallocr.o)
                0x080080c4                _malloc_r
 .text.__malloc_lock
                0x080081c4        0xc C:/ST/STM32CubeIDE_1.16.1/STM32CubeIDE/plugins/com.st.stm32cube.ide.mcu.externaltools.gnu-tools-for-stm32.12.3.rel1.win32_1.0.200.202406191623/tools/bin/../lib/gcc/arm-none-eabi/12.3.1/../../../../arm-none-eabi/lib/thumb/v7e-m+fp/hard\libc_nano.a(libc_a-mlock.o)
                0x080081c4                __malloc_lock
 .text.__malloc_unlock
                0x080081d0        0xc C:/ST/STM32CubeIDE_1.16.1/STM32CubeIDE/plugins/com.st.stm32cube.ide.mcu.externaltools.gnu-tools-for-stm32.12.3.rel1.win32_1.0.200.202406191623/tools/bin/../lib/gcc/arm-none-eabi/12.3.1/../../../../arm-none-eabi/lib/thumb/v7e-m+fp/hard\libc_nano.a(libc_a-mlock.o)
                0x080081d0                __malloc_unlock
 .text.std      0x080081dc       0x6c C:/ST/STM32CubeIDE_1.16.1/STM32CubeIDE/plugins/com.st.stm32cube.ide.mcu.externaltools.gnu-tools-for-stm32.12.3.rel1.win32_1.0.200.202406191623/tools/bin/../lib/gcc/arm-none-eabi/12.3.1/../../../../arm-none-eabi/lib/thumb/v7e-m+fp/hard\libc_nano.a(libc_a-findfp.o)
 .text.stdio_exit_handler
                0x08008248       0x18 C:/ST/STM32CubeIDE_1.16.1/STM32CubeIDE/plugins/com.st.stm32cube.ide.mcu.externaltools.gnu-tools-for-stm32.12.3.rel1.win32_1.0.200.202406191623/tools/bin/../lib/gcc/arm-none-eabi/12.3.1/../../../../arm-none-eabi/lib/thumb/v7e-m+fp/hard\libc_nano.a(libc_a-findfp.o)
 .text.cleanup_stdio
                0x08008260       0x40 C:/ST/STM32CubeIDE_1.16.1/STM32CubeIDE/plugins/com.st.stm32cube.ide.mcu.externaltools.gnu-tools-for-stm32.12.3.rel1.win32_1.0.200.202406191623/tools/bin/../lib/gcc/arm-none-eabi/12.3.1/../../../../arm-none-eabi/lib/thumb/v7e-m+fp/hard\libc_nano.a(libc_a-findfp.o)
 .text.global_stdio_init.part.0
                0x080082a0       0x3c C:/ST/STM32CubeIDE_1.16.1/STM32CubeIDE/plugins/com.st.stm32cube.ide.mcu.externaltools.gnu-tools-for-stm32.12.3.rel1.win32_1.0.200.202406191623/tools/bin/../lib/gcc/arm-none-eabi/12.3.1/../../../../arm-none-eabi/lib/thumb/v7e-m+fp/hard\libc_nano.a(libc_a-findfp.o)
 .text.__sfp_lock_acquire
                0x080082dc        0xc C:/ST/STM32CubeIDE_1.16.1/STM32CubeIDE/plugins/com.st.stm32cube.ide.mcu.externaltools.gnu-tools-for-stm32.12.3.rel1.win32_1.0.200.202406191623/tools/bin/../lib/gcc/arm-none-eabi/12.3.1/../../../../arm-none-eabi/lib/thumb/v7e-m+fp/hard\libc_nano.a(libc_a-findfp.o)
                0x080082dc                __sfp_lock_acquire
 .text.__sfp_lock_release
                0x080082e8        0xc C:/ST/STM32CubeIDE_1.16.1/STM32CubeIDE/plugins/com.st.stm32cube.ide.mcu.externaltools.gnu-tools-for-stm32.12.3.rel1.win32_1.0.200.202406191623/tools/bin/../lib/gcc/arm-none-eabi/12.3.1/../../../../arm-none-eabi/lib/thumb/v7e-m+fp/hard\libc_nano.a(libc_a-findfp.o)
                0x080082e8                __sfp_lock_release
 .text.__sinit  0x080082f4       0x30 C:/ST/STM32CubeIDE_1.16.1/STM32CubeIDE/plugins/com.st.stm32cube.ide.mcu.externaltools.gnu-tools-for-stm32.12.3.rel1.win32_1.0.200.202406191623/tools/bin/../lib/gcc/arm-none-eabi/12.3.1/../../../../arm-none-eabi/lib/thumb/v7e-m+fp/hard\libc_nano.a(libc_a-findfp.o)
                0x080082f4                __sinit
 .text._fwalk_sglue
                0x08008324       0x3c C:/ST/STM32CubeIDE_1.16.1/STM32CubeIDE/plugins/com.st.stm32cube.ide.mcu.externaltools.gnu-tools-for-stm32.12.3.rel1.win32_1.0.200.202406191623/tools/bin/../lib/gcc/arm-none-eabi/12.3.1/../../../../arm-none-eabi/lib/thumb/v7e-m+fp/hard\libc_nano.a(libc_a-fwalk.o)
                0x08008324                _fwalk_sglue
 .text.printf   0x08008360       0x24 C:/ST/STM32CubeIDE_1.16.1/STM32CubeIDE/plugins/com.st.stm32cube.ide.mcu.externaltools.gnu-tools-for-stm32.12.3.rel1.win32_1.0.200.202406191623/tools/bin/../lib/gcc/arm-none-eabi/12.3.1/../../../../arm-none-eabi/lib/thumb/v7e-m+fp/hard\libc_nano.a(libc_a-printf.o)
                0x08008360                iprintf
                0x08008360                printf
 .text._puts_r  0x08008384       0xaa C:/ST/STM32CubeIDE_1.16.1/STM32CubeIDE/plugins/com.st.stm32cube.ide.mcu.externaltools.gnu-tools-for-stm32.12.3.rel1.win32_1.0.200.202406191623/tools/bin/../lib/gcc/arm-none-eabi/12.3.1/../../../../arm-none-eabi/lib/thumb/v7e-m+fp/hard\libc_nano.a(libc_a-puts.o)
                0x08008384                _puts_r
 *fill*         0x0800842e        0x2 
 .text.puts     0x08008430       0x10 C:/ST/STM32CubeIDE_1.16.1/STM32CubeIDE/plugins/com.st.stm32cube.ide.mcu.externaltools.gnu-tools-for-stm32.12.3.rel1.win32_1.0.200.202406191623/tools/bin/../lib/gcc/arm-none-eabi/12.3.1/../../../../arm-none-eabi/lib/thumb/v7e-m+fp/hard\libc_nano.a(libc_a-puts.o)
                0x08008430                puts
 .text.setvbuf  0x08008440      0x168 C:/ST/STM32CubeIDE_1.16.1/STM32CubeIDE/plugins/com.st.stm32cube.ide.mcu.externaltools.gnu-tools-for-stm32.12.3.rel1.win32_1.0.200.202406191623/tools/bin/../lib/gcc/arm-none-eabi/12.3.1/../../../../arm-none-eabi/lib/thumb/v7e-m+fp/hard\libc_nano.a(libc_a-setvbuf.o)
                0x08008440                setvbuf
 .text.__sread  0x080085a8       0x22 C:/ST/STM32CubeIDE_1.16.1/STM32CubeIDE/plugins/com.st.stm32cube.ide.mcu.externaltools.gnu-tools-for-stm32.12.3.rel1.win32_1.0.200.202406191623/tools/bin/../lib/gcc/arm-none-eabi/12.3.1/../../../../arm-none-eabi/lib/thumb/v7e-m+fp/hard\libc_nano.a(libc_a-stdio.o)
                0x080085a8                __sread
 .text.__swrite
                0x080085ca       0x38 C:/ST/STM32CubeIDE_1.16.1/STM32CubeIDE/plugins/com.st.stm32cube.ide.mcu.externaltools.gnu-tools-for-stm32.12.3.rel1.win32_1.0.200.202406191623/tools/bin/../lib/gcc/arm-none-eabi/12.3.1/../../../../arm-none-eabi/lib/thumb/v7e-m+fp/hard\libc_nano.a(libc_a-stdio.o)
                0x080085ca                __swrite
 .text.__sseek  0x08008602       0x24 C:/ST/STM32CubeIDE_1.16.1/STM32CubeIDE/plugins/com.st.stm32cube.ide.mcu.externaltools.gnu-tools-for-stm32.12.3.rel1.win32_1.0.200.202406191623/tools/bin/../lib/gcc/arm-none-eabi/12.3.1/../../../../arm-none-eabi/lib/thumb/v7e-m+fp/hard\libc_nano.a(libc_a-stdio.o)
                0x08008602                __sseek
 .text.__sclose
                0x08008626        0x8 C:/ST/STM32CubeIDE_1.16.1/STM32CubeIDE/plugins/com.st.stm32cube.ide.mcu.externaltools.gnu-tools-for-stm32.12.3.rel1.win32_1.0.200.202406191623/tools/bin/../lib/gcc/arm-none-eabi/12.3.1/../../../../arm-none-eabi/lib/thumb/v7e-m+fp/hard\libc_nano.a(libc_a-stdio.o)
                0x08008626                __sclose
 .text.__swbuf_r
                0x0800862e       0x7c C:/ST/STM32CubeIDE_1.16.1/STM32CubeIDE/plugins/com.st.stm32cube.ide.mcu.externaltools.gnu-tools-for-stm32.12.3.rel1.win32_1.0.200.202406191623/tools/bin/../lib/gcc/arm-none-eabi/12.3.1/../../../../arm-none-eabi/lib/thumb/v7e-m+fp/hard\libc_nano.a(libc_a-wbuf.o)
                0x0800862e                __swbuf_r
 *fill*         0x080086aa        0x2 
 .text.__swsetup_r
                0x080086ac       0xac C:/ST/STM32CubeIDE_1.16.1/STM32CubeIDE/plugins/com.st.stm32cube.ide.mcu.externaltools.gnu-tools-for-stm32.12.3.rel1.win32_1.0.200.202406191623/tools/bin/../lib/gcc/arm-none-eabi/12.3.1/../../../../arm-none-eabi/lib/thumb/v7e-m+fp/hard\libc_nano.a(libc_a-wsetup.o)
                0x080086ac                __swsetup_r
 .text.memset   0x08008758       0x10 C:/ST/STM32CubeIDE_1.16.1/STM32CubeIDE/plugins/com.st.stm32cube.ide.mcu.externaltools.gnu-tools-for-stm32.12.3.rel1.win32_1.0.200.202406191623/tools/bin/../lib/gcc/arm-none-eabi/12.3.1/../../../../arm-none-eabi/lib/thumb/v7e-m+fp/hard\libc_nano.a(libc_a-memset.o)
                0x08008758                memset
 .text._close_r
                0x08008768       0x20 C:/ST/STM32CubeIDE_1.16.1/STM32CubeIDE/plugins/com.st.stm32cube.ide.mcu.externaltools.gnu-tools-for-stm32.12.3.rel1.win32_1.0.200.202406191623/tools/bin/../lib/gcc/arm-none-eabi/12.3.1/../../../../arm-none-eabi/lib/thumb/v7e-m+fp/hard\libc_nano.a(libc_a-closer.o)
                0x08008768                _close_r
 .text._lseek_r
                0x08008788       0x24 C:/ST/STM32CubeIDE_1.16.1/STM32CubeIDE/plugins/com.st.stm32cube.ide.mcu.externaltools.gnu-tools-for-stm32.12.3.rel1.win32_1.0.200.202406191623/tools/bin/../lib/gcc/arm-none-eabi/12.3.1/../../../../arm-none-eabi/lib/thumb/v7e-m+fp/hard\libc_nano.a(libc_a-lseekr.o)
                0x08008788                _lseek_r
 .text._read_r  0x080087ac       0x24 C:/ST/STM32CubeIDE_1.16.1/STM32CubeIDE/plugins/com.st.stm32cube.ide.mcu.externaltools.gnu-tools-for-stm32.12.3.rel1.win32_1.0.200.202406191623/tools/bin/../lib/gcc/arm-none-eabi/12.3.1/../../../../arm-none-eabi/lib/thumb/v7e-m+fp/hard\libc_nano.a(libc_a-readr.o)
                0x080087ac                _read_r
 .text._sbrk_r  0x080087d0       0x20 C:/ST/STM32CubeIDE_1.16.1/STM32CubeIDE/plugins/com.st.stm32cube.ide.mcu.externaltools.gnu-tools-for-stm32.12.3.rel1.win32_1.0.200.202406191623/tools/bin/../lib/gcc/arm-none-eabi/12.3.1/../../../../arm-none-eabi/lib/thumb/v7e-m+fp/hard\libc_nano.a(libc_a-sbrkr.o)
                0x080087d0                _sbrk_r
 .text._write_r
                0x080087f0       0x24 C:/ST/STM32CubeIDE_1.16.1/STM32CubeIDE/plugins/com.st.stm32cube.ide.mcu.externaltools.gnu-tools-for-stm32.12.3.rel1.win32_1.0.200.202406191623/tools/bin/../lib/gcc/arm-none-eabi/12.3.1/../../../../arm-none-eabi/lib/thumb/v7e-m+fp/hard\libc_nano.a(libc_a-writer.o)
                0x080087f0                _write_r
 .text.__errno  0x08008814        0xc C:/ST/STM32CubeIDE_1.16.1/STM32CubeIDE/plugins/com.st.stm32cube.ide.mcu.externaltools.gnu-tools-for-stm32.12.3.rel1.win32_1.0.200.202406191623/tools/bin/../lib/gcc/arm-none-eabi/12.3.1/../../../../arm-none-eabi/lib/thumb/v7e-m+fp/hard\libc_nano.a(libc_a-errno.o)
                0x08008814                __errno
 .text.__libc_init_array
                0x08008820       0x48 C:/ST/STM32CubeIDE_1.16.1/STM32CubeIDE/plugins/com.st.stm32cube.ide.mcu.externaltools.gnu-tools-for-stm32.12.3.rel1.win32_1.0.200.202406191623/tools/bin/../lib/gcc/arm-none-eabi/12.3.1/../../../../arm-none-eabi/lib/thumb/v7e-m+fp/hard\libc_nano.a(libc_a-init.o)
                0x08008820                __libc_init_array
 .text.__retarget_lock_init_recursive
                0x08008868        0x2 C:/ST/STM32CubeIDE_1.16.1/STM32CubeIDE/plugins/com.st.stm32cube.ide.mcu.externaltools.gnu-tools-for-stm32.12.3.rel1.win32_1.0.200.202406191623/tools/bin/../lib/gcc/arm-none-eabi/12.3.1/../../../../arm-none-eabi/lib/thumb/v7e-m+fp/hard\libc_nano.a(libc_a-lock.o)
                0x08008868                __retarget_lock_init_recursive
 .text.__retarget_lock_acquire_recursive
                0x0800886a        0x2 C:/ST/STM32CubeIDE_1.16.1/STM32CubeIDE/plugins/com.st.stm32cube.ide.mcu.externaltools.gnu-tools-for-stm32.12.3.rel1.win32_1.0.200.202406191623/tools/bin/../lib/gcc/arm-none-eabi/12.3.1/../../../../arm-none-eabi/lib/thumb/v7e-m+fp/hard\libc_nano.a(libc_a-lock.o)
                0x0800886a                __retarget_lock_acquire_recursive
 .text.__retarget_lock_release_recursive
                0x0800886c        0x2 C:/ST/STM32CubeIDE_1.16.1/STM32CubeIDE/plugins/com.st.stm32cube.ide.mcu.externaltools.gnu-tools-for-stm32.12.3.rel1.win32_1.0.200.202406191623/tools/bin/../lib/gcc/arm-none-eabi/12.3.1/../../../../arm-none-eabi/lib/thumb/v7e-m+fp/hard\libc_nano.a(libc_a-lock.o)
                0x0800886c                __retarget_lock_release_recursive
 .text.memcpy   0x0800886e       0x1c C:/ST/STM32CubeIDE_1.16.1/STM32CubeIDE/plugins/com.st.stm32cube.ide.mcu.externaltools.gnu-tools-for-stm32.12.3.rel1.win32_1.0.200.202406191623/tools/bin/../lib/gcc/arm-none-eabi/12.3.1/../../../../arm-none-eabi/lib/thumb/v7e-m+fp/hard\libc_nano.a(libc_a-memcpy-stub.o)
                0x0800886e                memcpy
 *fill*         0x0800888a        0x2 
 .text._free_r  0x0800888c       0x94 C:/ST/STM32CubeIDE_1.16.1/STM32CubeIDE/plugins/com.st.stm32cube.ide.mcu.externaltools.gnu-tools-for-stm32.12.3.rel1.win32_1.0.200.202406191623/tools/bin/../lib/gcc/arm-none-eabi/12.3.1/../../../../arm-none-eabi/lib/thumb/v7e-m+fp/hard\libc_nano.a(libc_a-freer.o)
                0x0800888c                _free_r
 .text.__sfputc_r
                0x08008920       0x2e C:/ST/STM32CubeIDE_1.16.1/STM32CubeIDE/plugins/com.st.stm32cube.ide.mcu.externaltools.gnu-tools-for-stm32.12.3.rel1.win32_1.0.200.202406191623/tools/bin/../lib/gcc/arm-none-eabi/12.3.1/../../../../arm-none-eabi/lib/thumb/v7e-m+fp/hard\libc_nano.a(libc_a-nano-vfprintf.o)
 .text.__sfputs_r
                0x0800894e       0x24 C:/ST/STM32CubeIDE_1.16.1/STM32CubeIDE/plugins/com.st.stm32cube.ide.mcu.externaltools.gnu-tools-for-stm32.12.3.rel1.win32_1.0.200.202406191623/tools/bin/../lib/gcc/arm-none-eabi/12.3.1/../../../../arm-none-eabi/lib/thumb/v7e-m+fp/hard\libc_nano.a(libc_a-nano-vfprintf.o)
                0x0800894e                __sfputs_r
 *fill*         0x08008972        0x2 
 .text._vfprintf_r
                0x08008974      0x230 C:/ST/STM32CubeIDE_1.16.1/STM32CubeIDE/plugins/com.st.stm32cube.ide.mcu.externaltools.gnu-tools-for-stm32.12.3.rel1.win32_1.0.200.202406191623/tools/bin/../lib/gcc/arm-none-eabi/12.3.1/../../../../arm-none-eabi/lib/thumb/v7e-m+fp/hard\libc_nano.a(libc_a-nano-vfprintf.o)
                0x08008974                _vfprintf_r
                0x08008974                _vfiprintf_r
 .text._printf_common
                0x08008ba4       0xda C:/ST/STM32CubeIDE_1.16.1/STM32CubeIDE/plugins/com.st.stm32cube.ide.mcu.externaltools.gnu-tools-for-stm32.12.3.rel1.win32_1.0.200.202406191623/tools/bin/../lib/gcc/arm-none-eabi/12.3.1/../../../../arm-none-eabi/lib/thumb/v7e-m+fp/hard\libc_nano.a(libc_a-nano-vfprintf_i.o)
                0x08008ba4                _printf_common
 *fill*         0x08008c7e        0x2 
 .text._printf_i
                0x08008c80      0x240 C:/ST/STM32CubeIDE_1.16.1/STM32CubeIDE/plugins/com.st.stm32cube.ide.mcu.externaltools.gnu-tools-for-stm32.12.3.rel1.win32_1.0.200.202406191623/tools/bin/../lib/gcc/arm-none-eabi/12.3.1/../../../../arm-none-eabi/lib/thumb/v7e-m+fp/hard\libc_nano.a(libc_a-nano-vfprintf_i.o)
                0x08008c80                _printf_i
 .text.__sflush_r
                0x08008ec0      0x108 C:/ST/STM32CubeIDE_1.16.1/STM32CubeIDE/plugins/com.st.stm32cube.ide.mcu.externaltools.gnu-tools-for-stm32.12.3.rel1.win32_1.0.200.202406191623/tools/bin/../lib/gcc/arm-none-eabi/12.3.1/../../../../arm-none-eabi/lib/thumb/v7e-m+fp/hard\libc_nano.a(libc_a-fflush.o)
                0x08008ec0                __sflush_r
 .text._fflush_r
                0x08008fc8       0x50 C:/ST/STM32CubeIDE_1.16.1/STM32CubeIDE/plugins/com.st.stm32cube.ide.mcu.externaltools.gnu-tools-for-stm32.12.3.rel1.win32_1.0.200.202406191623/tools/bin/../lib/gcc/arm-none-eabi/12.3.1/../../../../arm-none-eabi/lib/thumb/v7e-m+fp/hard\libc_nano.a(libc_a-fflush.o)
                0x08008fc8                _fflush_r
 .text.__swhatbuf_r
                0x08009018       0x4c C:/ST/STM32CubeIDE_1.16.1/STM32CubeIDE/plugins/com.st.stm32cube.ide.mcu.externaltools.gnu-tools-for-stm32.12.3.rel1.win32_1.0.200.202406191623/tools/bin/../lib/gcc/arm-none-eabi/12.3.1/../../../../arm-none-eabi/lib/thumb/v7e-m+fp/hard\libc_nano.a(libc_a-makebuf.o)
                0x08009018                __swhatbuf_r
 .text.__smakebuf_r
                0x08009064       0x78 C:/ST/STM32CubeIDE_1.16.1/STM32CubeIDE/plugins/com.st.stm32cube.ide.mcu.externaltools.gnu-tools-for-stm32.12.3.rel1.win32_1.0.200.202406191623/tools/bin/../lib/gcc/arm-none-eabi/12.3.1/../../../../arm-none-eabi/lib/thumb/v7e-m+fp/hard\libc_nano.a(libc_a-makebuf.o)
                0x08009064                __smakebuf_r
 .text._fstat_r
                0x080090dc       0x24 C:/ST/STM32CubeIDE_1.16.1/STM32CubeIDE/plugins/com.st.stm32cube.ide.mcu.externaltools.gnu-tools-for-stm32.12.3.rel1.win32_1.0.200.202406191623/tools/bin/../lib/gcc/arm-none-eabi/12.3.1/../../../../arm-none-eabi/lib/thumb/v7e-m+fp/hard\libc_nano.a(libc_a-fstatr.o)
                0x080090dc                _fstat_r
 .text._isatty_r
                0x08009100       0x20 C:/ST/STM32CubeIDE_1.16.1/STM32CubeIDE/plugins/com.st.stm32cube.ide.mcu.externaltools.gnu-tools-for-stm32.12.3.rel1.win32_1.0.200.202406191623/tools/bin/../lib/gcc/arm-none-eabi/12.3.1/../../../../arm-none-eabi/lib/thumb/v7e-m+fp/hard\libc_nano.a(libc_a-isattyr.o)
                0x08009100                _isatty_r
 *(.glue_7)
 .glue_7        0x08009120        0x0 linker stubs
 *(.glue_7t)
 .glue_7t       0x08009120        0x0 linker stubs
 *(.eh_frame)
 .eh_frame      0x08009120        0x0 C:/ST/STM32CubeIDE_1.16.1/STM32CubeIDE/plugins/com.st.stm32cube.ide.mcu.externaltools.gnu-tools-for-stm32.12.3.rel1.win32_1.0.200.202406191623/tools/bin/../lib/gcc/arm-none-eabi/12.3.1/thumb/v7e-m+fp/hard/crtbegin.o
 *(.init)
 .init          0x08009120        0x4 C:/ST/STM32CubeIDE_1.16.1/STM32CubeIDE/plugins/com.st.stm32cube.ide.mcu.externaltools.gnu-tools-for-stm32.12.3.rel1.win32_1.0.200.202406191623/tools/bin/../lib/gcc/arm-none-eabi/12.3.1/thumb/v7e-m+fp/hard/crti.o
                0x08009120                _init
 .init          0x08009124        0x8 C:/ST/STM32CubeIDE_1.16.1/STM32CubeIDE/plugins/com.st.stm32cube.ide.mcu.externaltools.gnu-tools-for-stm32.12.3.rel1.win32_1.0.200.202406191623/tools/bin/../lib/gcc/arm-none-eabi/12.3.1/thumb/v7e-m+fp/hard/crtn.o
 *(.fini)
 .fini          0x0800912c        0x4 C:/ST/STM32CubeIDE_1.16.1/STM32CubeIDE/plugins/com.st.stm32cube.ide.mcu.externaltools.gnu-tools-for-stm32.12.3.rel1.win32_1.0.200.202406191623/tools/bin/../lib/gcc/arm-none-eabi/12.3.1/thumb/v7e-m+fp/hard/crti.o
                0x0800912c                _fini
 .fini          0x08009130        0x8 C:/ST/STM32CubeIDE_1.16.1/STM32CubeIDE/plugins/com.st.stm32cube.ide.mcu.externaltools.gnu-tools-for-stm32.12.3.rel1.win32_1.0.200.202406191623/tools/bin/../lib/gcc/arm-none-eabi/12.3.1/thumb/v7e-m+fp/hard/crtn.o
                0x08009138                        . = ALIGN (0x4)
                0x08009138                        _etext = .

.vfp11_veneer   0x08009138        0x0
 .vfp11_veneer  0x08009138        0x0 linker stubs

.v4_bx          0x08009138        0x0
 .v4_bx         0x08009138        0x0 linker stubs

.iplt           0x08009138        0x0
 .iplt          0x08009138        0x0 C:/ST/STM32CubeIDE_1.16.1/STM32CubeIDE/plugins/com.st.stm32cube.ide.mcu.externaltools.gnu-tools-for-stm32.12.3.rel1.win32_1.0.200.202406191623/tools/bin/../lib/gcc/arm-none-eabi/12.3.1/thumb/v7e-m+fp/hard/crtbegin.o

.rodata         0x08009138    0x12d08
                0x08009138                        . = ALIGN (0x4)
 *(.rodata)
 .rodata        0x08009138      0x2a3 ./Core/Src/s2lp.o
 *(.rodata*)
 *fill*         0x080093db        0x1 
 .rodata.send_spectrogram.str1.4
                0x080093dc       0x3c ./Core/Src/adc_dblbuf.o
 .rodata.threshold_mel_vectors.str1.4
                0x08009418       0x14 ./Core/Src/adc_dblbuf.o
 .rodata.HAL_ADC_ConvCpltCallback.str1.4
                0x0800942c       0x31 ./Core/Src/adc_dblbuf.o
 *fill*         0x0800945d        0x3 
 .rodata.pInitVectAES
                0x08009460       0x10 ./Core/Src/aes.o
 .rodata.pKeyAES
                0x08009470       0x10 ./Core/Src/aes.o
 .rodata.run.str1.4
                0x08009480       0x1e ./Core/Src/main.o
 *fill*         0x0800949e        0x2 
 .rodata.Error_Handler.str1.4
                0x080094a0       0x18 ./Core/Src/main.o
 .rodata.main.str1.4
                0x080094b8       0x8d ./Core/Src/main.o
 *fill*         0x08009545        0x3 
 .rodata.make_packet.str1.4
                0x08009548       0x11 ./Core/Src/packet.o
 *fill*         0x08009559        0x3 
 .rodata.mel_triangles
                0x0800955c      0x9b0 ./Core/Src/spectrogram.o
 .rodata.MSIRangeTable
                0x08009f0c       0x30 ./Core/Src/system_stm32l4xx.o
                0x08009f0c                MSIRangeTable
 .rodata.APBPrescTable
                0x08009f3c        0x8 ./Core/Src/system_stm32l4xx.o
                0x08009f3c                APBPrescTable
 .rodata.AHBPrescTable
                0x08009f44       0x10 ./Core/Src/system_stm32l4xx.o
                0x08009f44                AHBPrescTable
 .rodata.start_cycle_count.str1.4
                0x08009f54       0x22 ./Core/Src/utils.o
 *fill*         0x08009f76        0x2 
 .rodata.stop_cycle_count.str1.4
                0x08009f78       0x17 ./Core/Src/utils.o
 *fill*         0x08009f8f        0x1 
 .rodata.hex_encode.str1.4
                0x08009f90       0x11 ./Core/Src/utils.o
 *fill*         0x08009fa1        0x3 
 .rodata.CSWTCH.108
                0x08009fa4       0x10 ./Drivers/STM32L4xx_HAL_Driver/Src/stm32l4xx_hal_adc.o
 .rodata.arm_cfft_sR_q15_len1024
                0x08009fb4       0x10 C:\Dev\GIT\LELEC210X_GROUP_E\mcu\optimization_main_app\ARM_CMSIS\CMSIS\DSP\Lib\GCC\libarm_cortexM4lf_math.a(arm_const_structs.o)
                0x08009fb4                arm_cfft_sR_q15_len1024
 .rodata.arm_cfft_sR_q15_len128
                0x08009fc4       0x10 C:\Dev\GIT\LELEC210X_GROUP_E\mcu\optimization_main_app\ARM_CMSIS\CMSIS\DSP\Lib\GCC\libarm_cortexM4lf_math.a(arm_const_structs.o)
                0x08009fc4                arm_cfft_sR_q15_len128
 .rodata.arm_cfft_sR_q15_len16
                0x08009fd4       0x10 C:\Dev\GIT\LELEC210X_GROUP_E\mcu\optimization_main_app\ARM_CMSIS\CMSIS\DSP\Lib\GCC\libarm_cortexM4lf_math.a(arm_const_structs.o)
                0x08009fd4                arm_cfft_sR_q15_len16
 .rodata.arm_cfft_sR_q15_len2048
                0x08009fe4       0x10 C:\Dev\GIT\LELEC210X_GROUP_E\mcu\optimization_main_app\ARM_CMSIS\CMSIS\DSP\Lib\GCC\libarm_cortexM4lf_math.a(arm_const_structs.o)
                0x08009fe4                arm_cfft_sR_q15_len2048
 .rodata.arm_cfft_sR_q15_len256
                0x08009ff4       0x10 C:\Dev\GIT\LELEC210X_GROUP_E\mcu\optimization_main_app\ARM_CMSIS\CMSIS\DSP\Lib\GCC\libarm_cortexM4lf_math.a(arm_const_structs.o)
                0x08009ff4                arm_cfft_sR_q15_len256
 .rodata.arm_cfft_sR_q15_len32
                0x0800a004       0x10 C:\Dev\GIT\LELEC210X_GROUP_E\mcu\optimization_main_app\ARM_CMSIS\CMSIS\DSP\Lib\GCC\libarm_cortexM4lf_math.a(arm_const_structs.o)
                0x0800a004                arm_cfft_sR_q15_len32
 .rodata.arm_cfft_sR_q15_len4096
                0x0800a014       0x10 C:\Dev\GIT\LELEC210X_GROUP_E\mcu\optimization_main_app\ARM_CMSIS\CMSIS\DSP\Lib\GCC\libarm_cortexM4lf_math.a(arm_const_structs.o)
                0x0800a014                arm_cfft_sR_q15_len4096
 .rodata.arm_cfft_sR_q15_len512
                0x0800a024       0x10 C:\Dev\GIT\LELEC210X_GROUP_E\mcu\optimization_main_app\ARM_CMSIS\CMSIS\DSP\Lib\GCC\libarm_cortexM4lf_math.a(arm_const_structs.o)
                0x0800a024                arm_cfft_sR_q15_len512
 .rodata.arm_cfft_sR_q15_len64
                0x0800a034       0x10 C:\Dev\GIT\LELEC210X_GROUP_E\mcu\optimization_main_app\ARM_CMSIS\CMSIS\DSP\Lib\GCC\libarm_cortexM4lf_math.a(arm_const_structs.o)
                0x0800a034                arm_cfft_sR_q15_len64
 .rodata.armBitRevIndexTable_fixed_1024
                0x0800a044      0x7c0 C:\Dev\GIT\LELEC210X_GROUP_E\mcu\optimization_main_app\ARM_CMSIS\CMSIS\DSP\Lib\GCC\libarm_cortexM4lf_math.a(arm_common_tables.o)
                0x0800a044                armBitRevIndexTable_fixed_1024
 .rodata.armBitRevIndexTable_fixed_128
                0x0800a804       0xe0 C:\Dev\GIT\LELEC210X_GROUP_E\mcu\optimization_main_app\ARM_CMSIS\CMSIS\DSP\Lib\GCC\libarm_cortexM4lf_math.a(arm_common_tables.o)
                0x0800a804                armBitRevIndexTable_fixed_128
 .rodata.armBitRevIndexTable_fixed_16
                0x0800a8e4       0x18 C:\Dev\GIT\LELEC210X_GROUP_E\mcu\optimization_main_app\ARM_CMSIS\CMSIS\DSP\Lib\GCC\libarm_cortexM4lf_math.a(arm_common_tables.o)
                0x0800a8e4                armBitRevIndexTable_fixed_16
 .rodata.armBitRevIndexTable_fixed_2048
                0x0800a8fc      0xf80 C:\Dev\GIT\LELEC210X_GROUP_E\mcu\optimization_main_app\ARM_CMSIS\CMSIS\DSP\Lib\GCC\libarm_cortexM4lf_math.a(arm_common_tables.o)
                0x0800a8fc                armBitRevIndexTable_fixed_2048
 .rodata.armBitRevIndexTable_fixed_256
                0x0800b87c      0x1e0 C:\Dev\GIT\LELEC210X_GROUP_E\mcu\optimization_main_app\ARM_CMSIS\CMSIS\DSP\Lib\GCC\libarm_cortexM4lf_math.a(arm_common_tables.o)
                0x0800b87c                armBitRevIndexTable_fixed_256
 .rodata.armBitRevIndexTable_fixed_32
                0x0800ba5c       0x30 C:\Dev\GIT\LELEC210X_GROUP_E\mcu\optimization_main_app\ARM_CMSIS\CMSIS\DSP\Lib\GCC\libarm_cortexM4lf_math.a(arm_common_tables.o)
                0x0800ba5c                armBitRevIndexTable_fixed_32
 .rodata.armBitRevIndexTable_fixed_4096
                0x0800ba8c     0x1f80 C:\Dev\GIT\LELEC210X_GROUP_E\mcu\optimization_main_app\ARM_CMSIS\CMSIS\DSP\Lib\GCC\libarm_cortexM4lf_math.a(arm_common_tables.o)
                0x0800ba8c                armBitRevIndexTable_fixed_4096
 .rodata.armBitRevIndexTable_fixed_512
                0x0800da0c      0x3c0 C:\Dev\GIT\LELEC210X_GROUP_E\mcu\optimization_main_app\ARM_CMSIS\CMSIS\DSP\Lib\GCC\libarm_cortexM4lf_math.a(arm_common_tables.o)
                0x0800da0c                armBitRevIndexTable_fixed_512
 .rodata.armBitRevIndexTable_fixed_64
                0x0800ddcc       0x70 C:\Dev\GIT\LELEC210X_GROUP_E\mcu\optimization_main_app\ARM_CMSIS\CMSIS\DSP\Lib\GCC\libarm_cortexM4lf_math.a(arm_common_tables.o)
                0x0800ddcc                armBitRevIndexTable_fixed_64
 .rodata.realCoefAQ15
                0x0800de3c     0x4000 C:\Dev\GIT\LELEC210X_GROUP_E\mcu\optimization_main_app\ARM_CMSIS\CMSIS\DSP\Lib\GCC\libarm_cortexM4lf_math.a(arm_common_tables.o)
                0x0800de3c                realCoefAQ15
 .rodata.realCoefBQ15
                0x08011e3c     0x4000 C:\Dev\GIT\LELEC210X_GROUP_E\mcu\optimization_main_app\ARM_CMSIS\CMSIS\DSP\Lib\GCC\libarm_cortexM4lf_math.a(arm_common_tables.o)
                0x08011e3c                realCoefBQ15
 .rodata.twiddleCoef_1024_q15
                0x08015e3c      0xc00 C:\Dev\GIT\LELEC210X_GROUP_E\mcu\optimization_main_app\ARM_CMSIS\CMSIS\DSP\Lib\GCC\libarm_cortexM4lf_math.a(arm_common_tables.o)
                0x08015e3c                twiddleCoef_1024_q15
 .rodata.twiddleCoef_128_q15
                0x08016a3c      0x180 C:\Dev\GIT\LELEC210X_GROUP_E\mcu\optimization_main_app\ARM_CMSIS\CMSIS\DSP\Lib\GCC\libarm_cortexM4lf_math.a(arm_common_tables.o)
                0x08016a3c                twiddleCoef_128_q15
 .rodata.twiddleCoef_16_q15
                0x08016bbc       0x30 C:\Dev\GIT\LELEC210X_GROUP_E\mcu\optimization_main_app\ARM_CMSIS\CMSIS\DSP\Lib\GCC\libarm_cortexM4lf_math.a(arm_common_tables.o)
                0x08016bbc                twiddleCoef_16_q15
 .rodata.twiddleCoef_2048_q15
                0x08016bec     0x1800 C:\Dev\GIT\LELEC210X_GROUP_E\mcu\optimization_main_app\ARM_CMSIS\CMSIS\DSP\Lib\GCC\libarm_cortexM4lf_math.a(arm_common_tables.o)
                0x08016bec                twiddleCoef_2048_q15
 .rodata.twiddleCoef_256_q15
                0x080183ec      0x300 C:\Dev\GIT\LELEC210X_GROUP_E\mcu\optimization_main_app\ARM_CMSIS\CMSIS\DSP\Lib\GCC\libarm_cortexM4lf_math.a(arm_common_tables.o)
                0x080183ec                twiddleCoef_256_q15
 .rodata.twiddleCoef_32_q15
                0x080186ec       0x60 C:\Dev\GIT\LELEC210X_GROUP_E\mcu\optimization_main_app\ARM_CMSIS\CMSIS\DSP\Lib\GCC\libarm_cortexM4lf_math.a(arm_common_tables.o)
                0x080186ec                twiddleCoef_32_q15
 .rodata.twiddleCoef_4096_q15
                0x0801874c     0x3000 C:\Dev\GIT\LELEC210X_GROUP_E\mcu\optimization_main_app\ARM_CMSIS\CMSIS\DSP\Lib\GCC\libarm_cortexM4lf_math.a(arm_common_tables.o)
                0x0801874c                twiddleCoef_4096_q15
 .rodata.twiddleCoef_512_q15
                0x0801b74c      0x600 C:\Dev\GIT\LELEC210X_GROUP_E\mcu\optimization_main_app\ARM_CMSIS\CMSIS\DSP\Lib\GCC\libarm_cortexM4lf_math.a(arm_common_tables.o)
                0x0801b74c                twiddleCoef_512_q15
 .rodata.twiddleCoef_64_q15
                0x0801bd4c       0xc0 C:\Dev\GIT\LELEC210X_GROUP_E\mcu\optimization_main_app\ARM_CMSIS\CMSIS\DSP\Lib\GCC\libarm_cortexM4lf_math.a(arm_common_tables.o)
                0x0801bd4c                twiddleCoef_64_q15
 .rodata._vfprintf_r.str1.1
                0x0801be0c       0x11 C:/ST/STM32CubeIDE_1.16.1/STM32CubeIDE/plugins/com.st.stm32cube.ide.mcu.externaltools.gnu-tools-for-stm32.12.3.rel1.win32_1.0.200.202406191623/tools/bin/../lib/gcc/arm-none-eabi/12.3.1/../../../../arm-none-eabi/lib/thumb/v7e-m+fp/hard\libc_nano.a(libc_a-nano-vfprintf.o)
 .rodata._printf_i.str1.1
                0x0801be1d       0x22 C:/ST/STM32CubeIDE_1.16.1/STM32CubeIDE/plugins/com.st.stm32cube.ide.mcu.externaltools.gnu-tools-for-stm32.12.3.rel1.win32_1.0.200.202406191623/tools/bin/../lib/gcc/arm-none-eabi/12.3.1/../../../../arm-none-eabi/lib/thumb/v7e-m+fp/hard\libc_nano.a(libc_a-nano-vfprintf_i.o)
                0x0801be40                        . = ALIGN (0x4)
 *fill*         0x0801be3f        0x1 

.ARM.extab      0x0801be40        0x0
                0x0801be40                        . = ALIGN (0x4)
 *(.ARM.extab* .gnu.linkonce.armextab.*)
                0x0801be40                        . = ALIGN (0x4)

.ARM            0x0801be40        0x8
                0x0801be40                        . = ALIGN (0x4)
                0x0801be40                        __exidx_start = .
 *(.ARM.exidx*)
 .ARM.exidx     0x0801be40        0x8 C:/ST/STM32CubeIDE_1.16.1/STM32CubeIDE/plugins/com.st.stm32cube.ide.mcu.externaltools.gnu-tools-for-stm32.12.3.rel1.win32_1.0.200.202406191623/tools/bin/../lib/gcc/arm-none-eabi/12.3.1/../../../../arm-none-eabi/lib/thumb/v7e-m+fp/hard\libc_nano.a(libc_a-memchr.o)
 .ARM.exidx     0x0801be48        0x0 C:/ST/STM32CubeIDE_1.16.1/STM32CubeIDE/plugins/com.st.stm32cube.ide.mcu.externaltools.gnu-tools-for-stm32.12.3.rel1.win32_1.0.200.202406191623/tools/bin/../lib/gcc/arm-none-eabi/12.3.1/thumb/v7e-m+fp/hard\libgcc.a(_udivmoddi4.o)
                                  0x8 (size before relaxing)
                0x0801be48                        __exidx_end = .
                0x0801be48                        . = ALIGN (0x4)

.preinit_array  0x0801be48        0x0
                0x0801be48                        . = ALIGN (0x4)
                0x0801be48                        PROVIDE (__preinit_array_start = .)
 *(.preinit_array*)
                0x0801be48                        PROVIDE (__preinit_array_end = .)
                0x0801be48                        . = ALIGN (0x4)

.init_array     0x0801be48        0x4
                0x0801be48                        . = ALIGN (0x4)
                0x0801be48                        PROVIDE (__init_array_start = .)
 *(SORT_BY_NAME(.init_array.*))
 *(.init_array*)
 .init_array    0x0801be48        0x4 C:/ST/STM32CubeIDE_1.16.1/STM32CubeIDE/plugins/com.st.stm32cube.ide.mcu.externaltools.gnu-tools-for-stm32.12.3.rel1.win32_1.0.200.202406191623/tools/bin/../lib/gcc/arm-none-eabi/12.3.1/thumb/v7e-m+fp/hard/crtbegin.o
                0x0801be4c                        PROVIDE (__init_array_end = .)
                0x0801be4c                        . = ALIGN (0x4)

.fini_array     0x0801be4c        0x4
                0x0801be4c                        . = ALIGN (0x4)
                [!provide]                        PROVIDE (__fini_array_start = .)
 *(SORT_BY_NAME(.fini_array.*))
 *(.fini_array*)
 .fini_array    0x0801be4c        0x4 C:/ST/STM32CubeIDE_1.16.1/STM32CubeIDE/plugins/com.st.stm32cube.ide.mcu.externaltools.gnu-tools-for-stm32.12.3.rel1.win32_1.0.200.202406191623/tools/bin/../lib/gcc/arm-none-eabi/12.3.1/thumb/v7e-m+fp/hard/crtbegin.o
                [!provide]                        PROVIDE (__fini_array_end = .)
                0x0801be50                        . = ALIGN (0x4)
                0x0801be50                        _sidata = LOADADDR (.data)

.rel.dyn        0x0801be50        0x0
 .rel.iplt      0x0801be50        0x0 C:/ST/STM32CubeIDE_1.16.1/STM32CubeIDE/plugins/com.st.stm32cube.ide.mcu.externaltools.gnu-tools-for-stm32.12.3.rel1.win32_1.0.200.202406191623/tools/bin/../lib/gcc/arm-none-eabi/12.3.1/thumb/v7e-m+fp/hard/crtbegin.o

.data           0x20000000      0x468 load address 0x0801be50
                0x20000000                        . = ALIGN (0x4)
                0x20000000                        _sdata = .
 *(.data)
 *(.data*)
 .data.hamming_window
                0x20000000      0x400 ./Core/Src/spectrogram.o
                0x20000000                hamming_window
 .data.SystemCoreClock
                0x20000400        0x4 ./Core/Src/system_stm32l4xx.o
                0x20000400                SystemCoreClock
 .data.uwTickFreq
                0x20000404        0x1 ./Drivers/STM32L4xx_HAL_Driver/Src/stm32l4xx_hal.o
                0x20000404                uwTickFreq
 *fill*         0x20000405        0x3 
 .data.uwTickPrio
                0x20000408        0x4 ./Drivers/STM32L4xx_HAL_Driver/Src/stm32l4xx_hal.o
                0x20000408                uwTickPrio
 .data.__sglue  0x2000040c        0xc C:/ST/STM32CubeIDE_1.16.1/STM32CubeIDE/plugins/com.st.stm32cube.ide.mcu.externaltools.gnu-tools-for-stm32.12.3.rel1.win32_1.0.200.202406191623/tools/bin/../lib/gcc/arm-none-eabi/12.3.1/../../../../arm-none-eabi/lib/thumb/v7e-m+fp/hard\libc_nano.a(libc_a-findfp.o)
                0x2000040c                __sglue
 .data._impure_ptr
                0x20000418        0x4 C:/ST/STM32CubeIDE_1.16.1/STM32CubeIDE/plugins/com.st.stm32cube.ide.mcu.externaltools.gnu-tools-for-stm32.12.3.rel1.win32_1.0.200.202406191623/tools/bin/../lib/gcc/arm-none-eabi/12.3.1/../../../../arm-none-eabi/lib/thumb/v7e-m+fp/hard\libc_nano.a(libc_a-impure.o)
                0x20000418                _impure_ptr
 .data._impure_data
                0x2000041c       0x4c C:/ST/STM32CubeIDE_1.16.1/STM32CubeIDE/plugins/com.st.stm32cube.ide.mcu.externaltools.gnu-tools-for-stm32.12.3.rel1.win32_1.0.200.202406191623/tools/bin/../lib/gcc/arm-none-eabi/12.3.1/../../../../arm-none-eabi/lib/thumb/v7e-m+fp/hard\libc_nano.a(libc_a-impure.o)
                0x2000041c                _impure_data
 *(.RamFunc)
 *(.RamFunc*)
                0x20000468                        . = ALIGN (0x4)
                0x20000468                        _edata = .

.igot.plt       0x20000468        0x0 load address 0x0801c2b8
 .igot.plt      0x20000468        0x0 C:/ST/STM32CubeIDE_1.16.1/STM32CubeIDE/plugins/com.st.stm32cube.ide.mcu.externaltools.gnu-tools-for-stm32.12.3.rel1.win32_1.0.200.202406191623/tools/bin/../lib/gcc/arm-none-eabi/12.3.1/thumb/v7e-m+fp/hard/crtbegin.o
                0x20000468                        . = ALIGN (0x4)

.bss            0x20000468     0x1f0c load address 0x0801c2b8
                0x20000468                        _sbss = .
                0x20000468                        __bss_start__ = _sbss
 *(.bss)
 .bss           0x20000468       0x1c C:/ST/STM32CubeIDE_1.16.1/STM32CubeIDE/plugins/com.st.stm32cube.ide.mcu.externaltools.gnu-tools-for-stm32.12.3.rel1.win32_1.0.200.202406191623/tools/bin/../lib/gcc/arm-none-eabi/12.3.1/thumb/v7e-m+fp/hard/crtbegin.o
 *(.bss*)
 .bss.hdma_adc1
                0x20000484       0x48 ./Core/Src/adc.o
                0x20000484                hdma_adc1
 .bss.hadc1     0x200004cc       0x68 ./Core/Src/adc.o
                0x200004cc                hadc1
 .bss.rem_n_bufs
                0x20000534        0x4 ./Core/Src/adc_dblbuf.o
 .bss.packet_cnt
                0x20000538        0x4 ./Core/Src/adc_dblbuf.o
 .bss.mel_vectors
                0x2000053c      0x320 ./Core/Src/adc_dblbuf.o
 .bss.cur_melvec
                0x2000085c        0x1 ./Core/Src/adc_dblbuf.o
 *fill*         0x2000085d        0x3 
 .bss.ADCProcessBuf
                0x20000860      0x400 ./Core/Src/adc_dblbuf.o
 .bss.ADCDataRdy
                0x20000c60        0x2 ./Core/Src/adc_dblbuf.o
 *fill*         0x20000c62        0x2 
 .bss.ADCDoubleBuf
                0x20000c64      0x800 ./Core/Src/adc_dblbuf.o
 *fill*         0x20001464        0x4 
 .bss.hcryp     0x20001468       0x60 ./Core/Src/aes.o
                0x20001468                hcryp
 .bss.btn_press
                0x200014c8        0x1 ./Core/Src/main.o
                0x200014c8                btn_press
 *fill*         0x200014c9        0x3 
 .bss.tmp_out.0
                0x200014cc        0x4 ./Core/Src/packet.o
 .bss.gHuart    0x200014d0        0x4 ./Core/Src/retarget.o
                0x200014d0                gHuart
 .bss.packet_sent
                0x200014d4        0x1 ./Core/Src/s2lp.o
                0x200014d4                packet_sent
 .bss.fifo_almost_empty
                0x200014d5        0x1 ./Core/Src/s2lp.o
                0x200014d5                fifo_almost_empty
 .bss.underflow
                0x200014d6        0x1 ./Core/Src/s2lp.o
                0x200014d6                underflow
 *fill*         0x200014d7        0x1 
 .bss.gSPI      0x200014d8        0x4 ./Core/Src/s2lp.o
                0x200014d8                gSPI
 .bss.buf_fft   0x200014dc      0x800 ./Core/Src/spectrogram.o
                0x200014dc                buf_fft
 *fill*         0x20001cdc        0x4 
 .bss.buf       0x20001ce0      0x400 ./Core/Src/spectrogram.o
                0x20001ce0                buf
 .bss.hspi1     0x200020e0       0x64 ./Core/Src/spi.o
                0x200020e0                hspi1
 .bss.__sbrk_heap_end
                0x20002144        0x4 ./Core/Src/sysmem.o
 .bss.htim3     0x20002148       0x4c ./Core/Src/tim.o
                0x20002148                htim3
 *fill*         0x20002194        0x4 
 .bss.hlpuart1  0x20002198       0x88 ./Core/Src/usart.o
                0x20002198                hlpuart1
 .bss.counting_cycles
                0x20002220        0x1 ./Core/Src/utils.o
                0x20002220                counting_cycles
 *fill*         0x20002221        0x3 
 .bss.uwTick    0x20002224        0x4 ./Drivers/STM32L4xx_HAL_Driver/Src/stm32l4xx_hal.o
                0x20002224                uwTick
 .bss.__malloc_sbrk_start
                0x20002228        0x4 C:/ST/STM32CubeIDE_1.16.1/STM32CubeIDE/plugins/com.st.stm32cube.ide.mcu.externaltools.gnu-tools-for-stm32.12.3.rel1.win32_1.0.200.202406191623/tools/bin/../lib/gcc/arm-none-eabi/12.3.1/../../../../arm-none-eabi/lib/thumb/v7e-m+fp/hard\libc_nano.a(libc_a-mallocr.o)
                0x20002228                __malloc_sbrk_start
 .bss.__malloc_free_list
                0x2000222c        0x4 C:/ST/STM32CubeIDE_1.16.1/STM32CubeIDE/plugins/com.st.stm32cube.ide.mcu.externaltools.gnu-tools-for-stm32.12.3.rel1.win32_1.0.200.202406191623/tools/bin/../lib/gcc/arm-none-eabi/12.3.1/../../../../arm-none-eabi/lib/thumb/v7e-m+fp/hard\libc_nano.a(libc_a-mallocr.o)
                0x2000222c                __malloc_free_list
 .bss.__sf      0x20002230      0x138 C:/ST/STM32CubeIDE_1.16.1/STM32CubeIDE/plugins/com.st.stm32cube.ide.mcu.externaltools.gnu-tools-for-stm32.12.3.rel1.win32_1.0.200.202406191623/tools/bin/../lib/gcc/arm-none-eabi/12.3.1/../../../../arm-none-eabi/lib/thumb/v7e-m+fp/hard\libc_nano.a(libc_a-findfp.o)
                0x20002230                __sf
 .bss.__stdio_exit_handler
                0x20002368        0x4 C:/ST/STM32CubeIDE_1.16.1/STM32CubeIDE/plugins/com.st.stm32cube.ide.mcu.externaltools.gnu-tools-for-stm32.12.3.rel1.win32_1.0.200.202406191623/tools/bin/../lib/gcc/arm-none-eabi/12.3.1/../../../../arm-none-eabi/lib/thumb/v7e-m+fp/hard\libc_nano.a(libc_a-findfp.o)
                0x20002368                __stdio_exit_handler
 .bss.errno     0x2000236c        0x4 C:/ST/STM32CubeIDE_1.16.1/STM32CubeIDE/plugins/com.st.stm32cube.ide.mcu.externaltools.gnu-tools-for-stm32.12.3.rel1.win32_1.0.200.202406191623/tools/bin/../lib/gcc/arm-none-eabi/12.3.1/../../../../arm-none-eabi/lib/thumb/v7e-m+fp/hard\libc_nano.a(libc_a-reent.o)
                0x2000236c                errno
 .bss.__lock___malloc_recursive_mutex
                0x20002370        0x1 C:/ST/STM32CubeIDE_1.16.1/STM32CubeIDE/plugins/com.st.stm32cube.ide.mcu.externaltools.gnu-tools-for-stm32.12.3.rel1.win32_1.0.200.202406191623/tools/bin/../lib/gcc/arm-none-eabi/12.3.1/../../../../arm-none-eabi/lib/thumb/v7e-m+fp/hard\libc_nano.a(libc_a-lock.o)
                0x20002370                __lock___malloc_recursive_mutex
 .bss.__lock___sfp_recursive_mutex
                0x20002371        0x1 C:/ST/STM32CubeIDE_1.16.1/STM32CubeIDE/plugins/com.st.stm32cube.ide.mcu.externaltools.gnu-tools-for-stm32.12.3.rel1.win32_1.0.200.202406191623/tools/bin/../lib/gcc/arm-none-eabi/12.3.1/../../../../arm-none-eabi/lib/thumb/v7e-m+fp/hard\libc_nano.a(libc_a-lock.o)
                0x20002371                __lock___sfp_recursive_mutex
 *(COMMON)
                0x20002374                        . = ALIGN (0x4)
 *fill*         0x20002372        0x2 
                0x20002374                        _ebss = .
                0x20002374                        __bss_end__ = _ebss

._user_heap_stack
                0x20002374      0x604 load address 0x0801c2b8
                0x20002378                        . = ALIGN (0x8)
 *fill*         0x20002374        0x4 
                [!provide]                        PROVIDE (end = .)
                0x20002378                        PROVIDE (_end = .)
                0x20002578                        . = (. + _Min_Heap_Size)
 *fill*         0x20002378      0x200 
                0x20002978                        . = (. + _Min_Stack_Size)
 *fill*         0x20002578      0x400 
                0x20002978                        . = ALIGN (0x8)

/DISCARD/
 libc.a(*)
 libm.a(*)
 libgcc.a(*)

.ARM.attributes
                0x00000000       0x30
 *(.ARM.attributes)
 .ARM.attributes
                0x00000000       0x22 C:/ST/STM32CubeIDE_1.16.1/STM32CubeIDE/plugins/com.st.stm32cube.ide.mcu.externaltools.gnu-tools-for-stm32.12.3.rel1.win32_1.0.200.202406191623/tools/bin/../lib/gcc/arm-none-eabi/12.3.1/thumb/v7e-m+fp/hard/crti.o
 .ARM.attributes
                0x00000022       0x34 C:/ST/STM32CubeIDE_1.16.1/STM32CubeIDE/plugins/com.st.stm32cube.ide.mcu.externaltools.gnu-tools-for-stm32.12.3.rel1.win32_1.0.200.202406191623/tools/bin/../lib/gcc/arm-none-eabi/12.3.1/thumb/v7e-m+fp/hard/crtbegin.o
 .ARM.attributes
                0x00000056       0x34 ./Core/Src/adc.o
 .ARM.attributes
                0x0000008a       0x34 ./Core/Src/adc_dblbuf.o
 .ARM.attributes
                0x000000be       0x34 ./Core/Src/aes.o
 .ARM.attributes
                0x000000f2       0x34 ./Core/Src/dma.o
 .ARM.attributes
                0x00000126       0x34 ./Core/Src/gpio.o
 .ARM.attributes
                0x0000015a       0x34 ./Core/Src/main.o
 .ARM.attributes
                0x0000018e       0x34 ./Core/Src/packet.o
 .ARM.attributes
                0x000001c2       0x34 ./Core/Src/retarget.o
 .ARM.attributes
                0x000001f6       0x34 ./Core/Src/s2lp.o
 .ARM.attributes
                0x0000022a       0x34 ./Core/Src/spectrogram.o
 .ARM.attributes
                0x0000025e       0x34 ./Core/Src/spi.o
 .ARM.attributes
                0x00000292       0x34 ./Core/Src/stm32l4xx_hal_msp.o
 .ARM.attributes
                0x000002c6       0x34 ./Core/Src/stm32l4xx_it.o
 .ARM.attributes
                0x000002fa       0x34 ./Core/Src/sysmem.o
 .ARM.attributes
                0x0000032e       0x34 ./Core/Src/system_stm32l4xx.o
 .ARM.attributes
                0x00000362       0x34 ./Core/Src/tim.o
 .ARM.attributes
                0x00000396       0x34 ./Core/Src/usart.o
 .ARM.attributes
                0x000003ca       0x34 ./Core/Src/utils.o
 .ARM.attributes
                0x000003fe       0x21 ./Core/Startup/startup_stm32l4a6zgtx.o
 .ARM.attributes
                0x0000041f       0x34 ./Drivers/STM32L4xx_HAL_Driver/Src/stm32l4xx_hal.o
 .ARM.attributes
                0x00000453       0x34 ./Drivers/STM32L4xx_HAL_Driver/Src/stm32l4xx_hal_adc.o
 .ARM.attributes
                0x00000487       0x34 ./Drivers/STM32L4xx_HAL_Driver/Src/stm32l4xx_hal_adc_ex.o
 .ARM.attributes
                0x000004bb       0x34 ./Drivers/STM32L4xx_HAL_Driver/Src/stm32l4xx_hal_cortex.o
 .ARM.attributes
                0x000004ef       0x34 ./Drivers/STM32L4xx_HAL_Driver/Src/stm32l4xx_hal_cryp.o
 .ARM.attributes
                0x00000523       0x34 ./Drivers/STM32L4xx_HAL_Driver/Src/stm32l4xx_hal_cryp_ex.o
 .ARM.attributes
                0x00000557       0x34 ./Drivers/STM32L4xx_HAL_Driver/Src/stm32l4xx_hal_dma.o
 .ARM.attributes
                0x0000058b       0x34 ./Drivers/STM32L4xx_HAL_Driver/Src/stm32l4xx_hal_gpio.o
 .ARM.attributes
                0x000005bf       0x34 ./Drivers/STM32L4xx_HAL_Driver/Src/stm32l4xx_hal_pwr_ex.o
 .ARM.attributes
                0x000005f3       0x34 ./Drivers/STM32L4xx_HAL_Driver/Src/stm32l4xx_hal_rcc.o
 .ARM.attributes
                0x00000627       0x34 ./Drivers/STM32L4xx_HAL_Driver/Src/stm32l4xx_hal_rcc_ex.o
 .ARM.attributes
                0x0000065b       0x34 ./Drivers/STM32L4xx_HAL_Driver/Src/stm32l4xx_hal_spi.o
 .ARM.attributes
                0x0000068f       0x34 ./Drivers/STM32L4xx_HAL_Driver/Src/stm32l4xx_hal_tim.o
 .ARM.attributes
                0x000006c3       0x34 ./Drivers/STM32L4xx_HAL_Driver/Src/stm32l4xx_hal_tim_ex.o
 .ARM.attributes
                0x000006f7       0x34 ./Drivers/STM32L4xx_HAL_Driver/Src/stm32l4xx_hal_uart.o
 .ARM.attributes
                0x0000072b       0x34 C:\Dev\GIT\LELEC210X_GROUP_E\mcu\optimization_main_app\ARM_CMSIS\CMSIS\DSP\Lib\GCC\libarm_cortexM4lf_math.a(arm_rfft_q15.o)
 .ARM.attributes
                0x0000075f       0x34 C:\Dev\GIT\LELEC210X_GROUP_E\mcu\optimization_main_app\ARM_CMSIS\CMSIS\DSP\Lib\GCC\libarm_cortexM4lf_math.a(arm_rfft_init_q15.o)
 .ARM.attributes
                0x00000793       0x34 C:\Dev\GIT\LELEC210X_GROUP_E\mcu\optimization_main_app\ARM_CMSIS\CMSIS\DSP\Lib\GCC\libarm_cortexM4lf_math.a(arm_dot_prod_q15.o)
 .ARM.attributes
                0x000007c7       0x39 C:\Dev\GIT\LELEC210X_GROUP_E\mcu\optimization_main_app\ARM_CMSIS\CMSIS\DSP\Lib\GCC\libarm_cortexM4lf_math.a(arm_const_structs.o)
 .ARM.attributes
                0x00000800       0x39 C:\Dev\GIT\LELEC210X_GROUP_E\mcu\optimization_main_app\ARM_CMSIS\CMSIS\DSP\Lib\GCC\libarm_cortexM4lf_math.a(arm_common_tables.o)
 .ARM.attributes
                0x00000839       0x34 C:\Dev\GIT\LELEC210X_GROUP_E\mcu\optimization_main_app\ARM_CMSIS\CMSIS\DSP\Lib\GCC\libarm_cortexM4lf_math.a(arm_cfft_q15.o)
 .ARM.attributes
                0x0000086d       0x34 C:\Dev\GIT\LELEC210X_GROUP_E\mcu\optimization_main_app\ARM_CMSIS\CMSIS\DSP\Lib\GCC\libarm_cortexM4lf_math.a(arm_cfft_radix4_q15.o)
 .ARM.attributes
                0x000008a1       0x34 C:\Dev\GIT\LELEC210X_GROUP_E\mcu\optimization_main_app\ARM_CMSIS\CMSIS\DSP\Lib\GCC\libarm_cortexM4lf_math.a(arm_bitreversal2.o)
 .ARM.attributes
                0x000008d5       0x34 C:/ST/STM32CubeIDE_1.16.1/STM32CubeIDE/plugins/com.st.stm32cube.ide.mcu.externaltools.gnu-tools-for-stm32.12.3.rel1.win32_1.0.200.202406191623/tools/bin/../lib/gcc/arm-none-eabi/12.3.1/../../../../arm-none-eabi/lib/thumb/v7e-m+fp/hard\libc_nano.a(libc_a-malloc.o)
 .ARM.attributes
                0x00000909       0x34 C:/ST/STM32CubeIDE_1.16.1/STM32CubeIDE/plugins/com.st.stm32cube.ide.mcu.externaltools.gnu-tools-for-stm32.12.3.rel1.win32_1.0.200.202406191623/tools/bin/../lib/gcc/arm-none-eabi/12.3.1/../../../../arm-none-eabi/lib/thumb/v7e-m+fp/hard\libc_nano.a(libc_a-mallocr.o)
 .ARM.attributes
                0x0000093d       0x34 C:/ST/STM32CubeIDE_1.16.1/STM32CubeIDE/plugins/com.st.stm32cube.ide.mcu.externaltools.gnu-tools-for-stm32.12.3.rel1.win32_1.0.200.202406191623/tools/bin/../lib/gcc/arm-none-eabi/12.3.1/../../../../arm-none-eabi/lib/thumb/v7e-m+fp/hard\libc_nano.a(libc_a-mlock.o)
 .ARM.attributes
                0x00000971       0x34 C:/ST/STM32CubeIDE_1.16.1/STM32CubeIDE/plugins/com.st.stm32cube.ide.mcu.externaltools.gnu-tools-for-stm32.12.3.rel1.win32_1.0.200.202406191623/tools/bin/../lib/gcc/arm-none-eabi/12.3.1/../../../../arm-none-eabi/lib/thumb/v7e-m+fp/hard\libc_nano.a(libc_a-findfp.o)
 .ARM.attributes
                0x000009a5       0x34 C:/ST/STM32CubeIDE_1.16.1/STM32CubeIDE/plugins/com.st.stm32cube.ide.mcu.externaltools.gnu-tools-for-stm32.12.3.rel1.win32_1.0.200.202406191623/tools/bin/../lib/gcc/arm-none-eabi/12.3.1/../../../../arm-none-eabi/lib/thumb/v7e-m+fp/hard\libc_nano.a(libc_a-fwalk.o)
 .ARM.attributes
                0x000009d9       0x34 C:/ST/STM32CubeIDE_1.16.1/STM32CubeIDE/plugins/com.st.stm32cube.ide.mcu.externaltools.gnu-tools-for-stm32.12.3.rel1.win32_1.0.200.202406191623/tools/bin/../lib/gcc/arm-none-eabi/12.3.1/../../../../arm-none-eabi/lib/thumb/v7e-m+fp/hard\libc_nano.a(libc_a-printf.o)
 .ARM.attributes
                0x00000a0d       0x34 C:/ST/STM32CubeIDE_1.16.1/STM32CubeIDE/plugins/com.st.stm32cube.ide.mcu.externaltools.gnu-tools-for-stm32.12.3.rel1.win32_1.0.200.202406191623/tools/bin/../lib/gcc/arm-none-eabi/12.3.1/../../../../arm-none-eabi/lib/thumb/v7e-m+fp/hard\libc_nano.a(libc_a-puts.o)
 .ARM.attributes
                0x00000a41       0x34 C:/ST/STM32CubeIDE_1.16.1/STM32CubeIDE/plugins/com.st.stm32cube.ide.mcu.externaltools.gnu-tools-for-stm32.12.3.rel1.win32_1.0.200.202406191623/tools/bin/../lib/gcc/arm-none-eabi/12.3.1/../../../../arm-none-eabi/lib/thumb/v7e-m+fp/hard\libc_nano.a(libc_a-setvbuf.o)
 .ARM.attributes
                0x00000a75       0x34 C:/ST/STM32CubeIDE_1.16.1/STM32CubeIDE/plugins/com.st.stm32cube.ide.mcu.externaltools.gnu-tools-for-stm32.12.3.rel1.win32_1.0.200.202406191623/tools/bin/../lib/gcc/arm-none-eabi/12.3.1/../../../../arm-none-eabi/lib/thumb/v7e-m+fp/hard\libc_nano.a(libc_a-stdio.o)
 .ARM.attributes
                0x00000aa9       0x34 C:/ST/STM32CubeIDE_1.16.1/STM32CubeIDE/plugins/com.st.stm32cube.ide.mcu.externaltools.gnu-tools-for-stm32.12.3.rel1.win32_1.0.200.202406191623/tools/bin/../lib/gcc/arm-none-eabi/12.3.1/../../../../arm-none-eabi/lib/thumb/v7e-m+fp/hard\libc_nano.a(libc_a-wbuf.o)
 .ARM.attributes
                0x00000add       0x34 C:/ST/STM32CubeIDE_1.16.1/STM32CubeIDE/plugins/com.st.stm32cube.ide.mcu.externaltools.gnu-tools-for-stm32.12.3.rel1.win32_1.0.200.202406191623/tools/bin/../lib/gcc/arm-none-eabi/12.3.1/../../../../arm-none-eabi/lib/thumb/v7e-m+fp/hard\libc_nano.a(libc_a-wsetup.o)
 .ARM.attributes
                0x00000b11       0x34 C:/ST/STM32CubeIDE_1.16.1/STM32CubeIDE/plugins/com.st.stm32cube.ide.mcu.externaltools.gnu-tools-for-stm32.12.3.rel1.win32_1.0.200.202406191623/tools/bin/../lib/gcc/arm-none-eabi/12.3.1/../../../../arm-none-eabi/lib/thumb/v7e-m+fp/hard\libc_nano.a(libc_a-memset.o)
 .ARM.attributes
                0x00000b45       0x34 C:/ST/STM32CubeIDE_1.16.1/STM32CubeIDE/plugins/com.st.stm32cube.ide.mcu.externaltools.gnu-tools-for-stm32.12.3.rel1.win32_1.0.200.202406191623/tools/bin/../lib/gcc/arm-none-eabi/12.3.1/../../../../arm-none-eabi/lib/thumb/v7e-m+fp/hard\libc_nano.a(libc_a-closer.o)
 .ARM.attributes
                0x00000b79       0x34 C:/ST/STM32CubeIDE_1.16.1/STM32CubeIDE/plugins/com.st.stm32cube.ide.mcu.externaltools.gnu-tools-for-stm32.12.3.rel1.win32_1.0.200.202406191623/tools/bin/../lib/gcc/arm-none-eabi/12.3.1/../../../../arm-none-eabi/lib/thumb/v7e-m+fp/hard\libc_nano.a(libc_a-reent.o)
 .ARM.attributes
                0x00000bad       0x34 C:/ST/STM32CubeIDE_1.16.1/STM32CubeIDE/plugins/com.st.stm32cube.ide.mcu.externaltools.gnu-tools-for-stm32.12.3.rel1.win32_1.0.200.202406191623/tools/bin/../lib/gcc/arm-none-eabi/12.3.1/../../../../arm-none-eabi/lib/thumb/v7e-m+fp/hard\libc_nano.a(libc_a-impure.o)
 .ARM.attributes
                0x00000be1       0x34 C:/ST/STM32CubeIDE_1.16.1/STM32CubeIDE/plugins/com.st.stm32cube.ide.mcu.externaltools.gnu-tools-for-stm32.12.3.rel1.win32_1.0.200.202406191623/tools/bin/../lib/gcc/arm-none-eabi/12.3.1/../../../../arm-none-eabi/lib/thumb/v7e-m+fp/hard\libc_nano.a(libc_a-lseekr.o)
 .ARM.attributes
                0x00000c15       0x34 C:/ST/STM32CubeIDE_1.16.1/STM32CubeIDE/plugins/com.st.stm32cube.ide.mcu.externaltools.gnu-tools-for-stm32.12.3.rel1.win32_1.0.200.202406191623/tools/bin/../lib/gcc/arm-none-eabi/12.3.1/../../../../arm-none-eabi/lib/thumb/v7e-m+fp/hard\libc_nano.a(libc_a-readr.o)
 .ARM.attributes
                0x00000c49       0x34 C:/ST/STM32CubeIDE_1.16.1/STM32CubeIDE/plugins/com.st.stm32cube.ide.mcu.externaltools.gnu-tools-for-stm32.12.3.rel1.win32_1.0.200.202406191623/tools/bin/../lib/gcc/arm-none-eabi/12.3.1/../../../../arm-none-eabi/lib/thumb/v7e-m+fp/hard\libc_nano.a(libc_a-sbrkr.o)
 .ARM.attributes
                0x00000c7d       0x34 C:/ST/STM32CubeIDE_1.16.1/STM32CubeIDE/plugins/com.st.stm32cube.ide.mcu.externaltools.gnu-tools-for-stm32.12.3.rel1.win32_1.0.200.202406191623/tools/bin/../lib/gcc/arm-none-eabi/12.3.1/../../../../arm-none-eabi/lib/thumb/v7e-m+fp/hard\libc_nano.a(libc_a-writer.o)
 .ARM.attributes
                0x00000cb1       0x34 C:/ST/STM32CubeIDE_1.16.1/STM32CubeIDE/plugins/com.st.stm32cube.ide.mcu.externaltools.gnu-tools-for-stm32.12.3.rel1.win32_1.0.200.202406191623/tools/bin/../lib/gcc/arm-none-eabi/12.3.1/../../../../arm-none-eabi/lib/thumb/v7e-m+fp/hard\libc_nano.a(libc_a-errno.o)
 .ARM.attributes
                0x00000ce5       0x34 C:/ST/STM32CubeIDE_1.16.1/STM32CubeIDE/plugins/com.st.stm32cube.ide.mcu.externaltools.gnu-tools-for-stm32.12.3.rel1.win32_1.0.200.202406191623/tools/bin/../lib/gcc/arm-none-eabi/12.3.1/../../../../arm-none-eabi/lib/thumb/v7e-m+fp/hard\libc_nano.a(libc_a-init.o)
 .ARM.attributes
                0x00000d19       0x34 C:/ST/STM32CubeIDE_1.16.1/STM32CubeIDE/plugins/com.st.stm32cube.ide.mcu.externaltools.gnu-tools-for-stm32.12.3.rel1.win32_1.0.200.202406191623/tools/bin/../lib/gcc/arm-none-eabi/12.3.1/../../../../arm-none-eabi/lib/thumb/v7e-m+fp/hard\libc_nano.a(libc_a-lock.o)
 .ARM.attributes
                0x00000d4d       0x34 C:/ST/STM32CubeIDE_1.16.1/STM32CubeIDE/plugins/com.st.stm32cube.ide.mcu.externaltools.gnu-tools-for-stm32.12.3.rel1.win32_1.0.200.202406191623/tools/bin/../lib/gcc/arm-none-eabi/12.3.1/../../../../arm-none-eabi/lib/thumb/v7e-m+fp/hard\libc_nano.a(libc_a-memcpy-stub.o)
 .ARM.attributes
                0x00000d81       0x34 C:/ST/STM32CubeIDE_1.16.1/STM32CubeIDE/plugins/com.st.stm32cube.ide.mcu.externaltools.gnu-tools-for-stm32.12.3.rel1.win32_1.0.200.202406191623/tools/bin/../lib/gcc/arm-none-eabi/12.3.1/../../../../arm-none-eabi/lib/thumb/v7e-m+fp/hard\libc_nano.a(libc_a-freer.o)
 .ARM.attributes
                0x00000db5       0x34 C:/ST/STM32CubeIDE_1.16.1/STM32CubeIDE/plugins/com.st.stm32cube.ide.mcu.externaltools.gnu-tools-for-stm32.12.3.rel1.win32_1.0.200.202406191623/tools/bin/../lib/gcc/arm-none-eabi/12.3.1/../../../../arm-none-eabi/lib/thumb/v7e-m+fp/hard\libc_nano.a(libc_a-nano-vfprintf.o)
 .ARM.attributes
                0x00000de9       0x34 C:/ST/STM32CubeIDE_1.16.1/STM32CubeIDE/plugins/com.st.stm32cube.ide.mcu.externaltools.gnu-tools-for-stm32.12.3.rel1.win32_1.0.200.202406191623/tools/bin/../lib/gcc/arm-none-eabi/12.3.1/../../../../arm-none-eabi/lib/thumb/v7e-m+fp/hard\libc_nano.a(libc_a-nano-vfprintf_i.o)
 .ARM.attributes
                0x00000e1d       0x34 C:/ST/STM32CubeIDE_1.16.1/STM32CubeIDE/plugins/com.st.stm32cube.ide.mcu.externaltools.gnu-tools-for-stm32.12.3.rel1.win32_1.0.200.202406191623/tools/bin/../lib/gcc/arm-none-eabi/12.3.1/../../../../arm-none-eabi/lib/thumb/v7e-m+fp/hard\libc_nano.a(libc_a-fflush.o)
 .ARM.attributes