Archive member included to satisfy reference by file (symbol)

C:\Dev\GIT\LELEC210X_GROUP_E\mcu\reoptimization_main_app\ARM_CMSIS\CMSIS\DSP\Lib\GCC\libarm_cortexM4lf_math.a(arm_rfft_q15.o)
                              ./Core/Src/spectrogram.o (arm_rfft_q15)
C:\Dev\GIT\LELEC210X_GROUP_E\mcu\reoptimization_main_app\ARM_CMSIS\CMSIS\DSP\Lib\GCC\libarm_cortexM4lf_math.a(arm_rfft_init_q15.o)
                              ./Core/Src/spectrogram.o (arm_rfft_init_q15)
C:\Dev\GIT\LELEC210X_GROUP_E\mcu\reoptimization_main_app\ARM_CMSIS\CMSIS\DSP\Lib\GCC\libarm_cortexM4lf_math.a(arm_mult_q15.o)
                              ./Core/Src/spectrogram.o (arm_mult_q15)
C:\Dev\GIT\LELEC210X_GROUP_E\mcu\reoptimization_main_app\ARM_CMSIS\CMSIS\DSP\Lib\GCC\libarm_cortexM4lf_math.a(arm_dot_prod_q15.o)
                              ./Core/Src/spectrogram.o (arm_dot_prod_q15)
C:\Dev\GIT\LELEC210X_GROUP_E\mcu\reoptimization_main_app\ARM_CMSIS\CMSIS\DSP\Lib\GCC\libarm_cortexM4lf_math.a(arm_const_structs.o)
                              C:\Dev\GIT\LELEC210X_GROUP_E\mcu\reoptimization_main_app\ARM_CMSIS\CMSIS\DSP\Lib\GCC\libarm_cortexM4lf_math.a(arm_rfft_init_q15.o) (arm_cfft_sR_q15_len4096)
C:\Dev\GIT\LELEC210X_GROUP_E\mcu\reoptimization_main_app\ARM_CMSIS\CMSIS\DSP\Lib\GCC\libarm_cortexM4lf_math.a(arm_common_tables.o)
                              C:\Dev\GIT\LELEC210X_GROUP_E\mcu\reoptimization_main_app\ARM_CMSIS\CMSIS\DSP\Lib\GCC\libarm_cortexM4lf_math.a(arm_rfft_init_q15.o) (realCoefBQ15)
C:\Dev\GIT\LELEC210X_GROUP_E\mcu\reoptimization_main_app\ARM_CMSIS\CMSIS\DSP\Lib\GCC\libarm_cortexM4lf_math.a(arm_cfft_q15.o)
                              C:\Dev\GIT\LELEC210X_GROUP_E\mcu\reoptimization_main_app\ARM_CMSIS\CMSIS\DSP\Lib\GCC\libarm_cortexM4lf_math.a(arm_rfft_q15.o) (arm_cfft_q15)
C:\Dev\GIT\LELEC210X_GROUP_E\mcu\reoptimization_main_app\ARM_CMSIS\CMSIS\DSP\Lib\GCC\libarm_cortexM4lf_math.a(arm_cfft_radix4_q15.o)
                              C:\Dev\GIT\LELEC210X_GROUP_E\mcu\reoptimization_main_app\ARM_CMSIS\CMSIS\DSP\Lib\GCC\libarm_cortexM4lf_math.a(arm_cfft_q15.o) (arm_radix4_butterfly_q15)
C:\Dev\GIT\LELEC210X_GROUP_E\mcu\reoptimization_main_app\ARM_CMSIS\CMSIS\DSP\Lib\GCC\libarm_cortexM4lf_math.a(arm_bitreversal2.o)
                              C:\Dev\GIT\LELEC210X_GROUP_E\mcu\reoptimization_main_app\ARM_CMSIS\CMSIS\DSP\Lib\GCC\libarm_cortexM4lf_math.a(arm_cfft_q15.o) (arm_bitreversal_16)
C:\Dev\GIT\LELEC210X_GROUP_E\mcu\reoptimization_main_app\ARM_CMSIS\CMSIS\DSP\Lib\GCC\libarm_cortexM4lf_math.a(arm_bitreversal.o)
                              C:\Dev\GIT\LELEC210X_GROUP_E\mcu\reoptimization_main_app\ARM_CMSIS\CMSIS\DSP\Lib\GCC\libarm_cortexM4lf_math.a(arm_cfft_radix4_q15.o) (arm_bitreversal_q15)
C:/ST/STM32CubeIDE_1.16.1/STM32CubeIDE/plugins/com.st.stm32cube.ide.mcu.externaltools.gnu-tools-for-stm32.12.3.rel1.win32_1.0.200.202406191623/tools/bin/../lib/gcc/arm-none-eabi/12.3.1/../../../../arm-none-eabi/lib/thumb/v7e-m+fp/hard\libc_nano.a(libc_a-exit.o)
                              C:/ST/STM32CubeIDE_1.16.1/STM32CubeIDE/plugins/com.st.stm32cube.ide.mcu.externaltools.gnu-tools-for-stm32.12.3.rel1.win32_1.0.200.202406191623/tools/bin/../lib/gcc/arm-none-eabi/12.3.1/../../../../arm-none-eabi/lib/thumb/v7e-m+fp/hard/crt0.o (exit)
C:/ST/STM32CubeIDE_1.16.1/STM32CubeIDE/plugins/com.st.stm32cube.ide.mcu.externaltools.gnu-tools-for-stm32.12.3.rel1.win32_1.0.200.202406191623/tools/bin/../lib/gcc/arm-none-eabi/12.3.1/../../../../arm-none-eabi/lib/thumb/v7e-m+fp/hard\libc_nano.a(libc_a-malloc.o)
                              ./Core/Src/packet.o (malloc)
C:/ST/STM32CubeIDE_1.16.1/STM32CubeIDE/plugins/com.st.stm32cube.ide.mcu.externaltools.gnu-tools-for-stm32.12.3.rel1.win32_1.0.200.202406191623/tools/bin/../lib/gcc/arm-none-eabi/12.3.1/../../../../arm-none-eabi/lib/thumb/v7e-m+fp/hard\libc_nano.a(libc_a-mallocr.o)
                              C:/ST/STM32CubeIDE_1.16.1/STM32CubeIDE/plugins/com.st.stm32cube.ide.mcu.externaltools.gnu-tools-for-stm32.12.3.rel1.win32_1.0.200.202406191623/tools/bin/../lib/gcc/arm-none-eabi/12.3.1/../../../../arm-none-eabi/lib/thumb/v7e-m+fp/hard\libc_nano.a(libc_a-malloc.o) (_malloc_r)
C:/ST/STM32CubeIDE_1.16.1/STM32CubeIDE/plugins/com.st.stm32cube.ide.mcu.externaltools.gnu-tools-for-stm32.12.3.rel1.win32_1.0.200.202406191623/tools/bin/../lib/gcc/arm-none-eabi/12.3.1/../../../../arm-none-eabi/lib/thumb/v7e-m+fp/hard\libc_nano.a(libc_a-mlock.o)
                              C:/ST/STM32CubeIDE_1.16.1/STM32CubeIDE/plugins/com.st.stm32cube.ide.mcu.externaltools.gnu-tools-for-stm32.12.3.rel1.win32_1.0.200.202406191623/tools/bin/../lib/gcc/arm-none-eabi/12.3.1/../../../../arm-none-eabi/lib/thumb/v7e-m+fp/hard\libc_nano.a(libc_a-mallocr.o) (__malloc_lock)
C:/ST/STM32CubeIDE_1.16.1/STM32CubeIDE/plugins/com.st.stm32cube.ide.mcu.externaltools.gnu-tools-for-stm32.12.3.rel1.win32_1.0.200.202406191623/tools/bin/../lib/gcc/arm-none-eabi/12.3.1/../../../../arm-none-eabi/lib/thumb/v7e-m+fp/hard\libc_nano.a(libc_a-findfp.o)
[...]
Memory Configuration

Name             Origin             Length             Attributes
RAM              0x20000000         0x00050000         xrw
RAM2             0x10000000         0x00010000         xrw
FLASH            0x08000000         0x00100000         xr
*default*        0x00000000         0xffffffff

Linker script and memory map

LOAD C:/ST/STM32CubeIDE_1.16.1/STM32CubeIDE/plugins/com.st.stm32cube.ide.mcu.externaltools.gnu-tools-for-stm32.12.3.rel1.win32_1.0.200.202406191623/tools/bin/../lib/gcc/arm-none-eabi/12.3.1/thumb/v7e-m+fp/hard/crti.o
LOAD C:/ST/STM32CubeIDE_1.16.1/STM32CubeIDE/plugins/com.st.stm32cube.ide.mcu.externaltools.gnu-tools-for-stm32.12.3.rel1.win32_1.0.200.202406191623/tools/bin/../lib/gcc/arm-none-eabi/12.3.1/thumb/v7e-m+fp/hard/crtbegin.o
LOAD C:/ST/STM32CubeIDE_1.16.1/STM32CubeIDE/plugins/com.st.stm32cube.ide.mcu.externaltools.gnu-tools-for-stm32.12.3.rel1.win32_1.0.200.202406191623/tools/bin/../lib/gcc/arm-none-eabi/12.3.1/../../../../arm-none-eabi/lib/thumb/v7e-m+fp/hard/crt0.o
LOAD ./Core/Src/adc.o
LOAD ./Core/Src/adc_dblbuf.o
LOAD ./Core/Src/aes.o
LOAD ./Core/Src/aes_ref.o
LOAD ./Core/Src/arm_absmax_q15.o
LOAD ./Core/Src/dma.o
LOAD ./Core/Src/eval_radio.o
LOAD ./Core/Src/gpio.o
LOAD ./Core/Src/main.o
LOAD ./Core/Src/packet.o
LOAD ./Core/Src/retarget.o
LOAD ./Core/Src/s2lp.o
LOAD ./Core/Src/spectrogram.o
LOAD ./Core/Src/spi.o
LOAD ./Core/Src/stm32l4xx_hal_msp.o
LOAD ./Core/Src/stm32l4xx_it.o
LOAD ./Core/Src/sysmem.o
LOAD ./Core/Src/system_stm32l4xx.o
LOAD ./Core/Src/tim.o
LOAD ./Core/Src/usart.o
LOAD ./Core/Src/utils.o
LOAD ./Core/Startup/startup_stm32l4a6zgtx.o
LOAD ./Drivers/STM32L4xx_HAL_Driver/Src/stm32l4xx_hal.o
LOAD ./Drivers/STM32L4xx_HAL_Driver/Src/stm32l4xx_hal_adc.o
LOAD ./Drivers/STM32L4xx_HAL_Driver/Src/stm32l4xx_hal_adc_ex.o
LOAD ./Drivers/STM32L4xx_HAL_Driver/Src/stm32l4xx_hal_cortex.o
LOAD ./Drivers/STM32L4xx_HAL_Driver/Src/stm32l4xx_hal_cryp.o
LOAD ./Drivers/STM32L4xx_HAL_Driver/Src/stm32l4xx_hal_cryp_ex.o
LOAD ./Drivers/STM32L4xx_HAL_Driver/Src/stm32l4xx_hal_dma.o
LOAD ./Drivers/STM32L4xx_HAL_Driver/Src/stm32l4xx_hal_dma_ex.o
LOAD ./Drivers/STM32L4xx_HAL_Driver/Src/stm32l4xx_hal_exti.o
LOAD ./Drivers/STM32L4xx_HAL_Driver/Src/stm32l4xx_hal_flash.o
LOAD ./Drivers/STM32L4xx_HAL_Driver/Src/stm32l4xx_hal_flash_ex.o
LOAD ./Drivers/STM32L4xx_HAL_Driver/Src/stm32l4xx_hal_flash_ramfunc.o
LOAD ./Drivers/STM32L4xx_HAL_Driver/Src/stm32l4xx_hal_gpio.o
LOAD ./Drivers/STM32L4xx_HAL_Driver/Src/stm32l4xx_hal_i2c.o
LOAD ./Drivers/STM32L4xx_HAL_Driver/Src/stm32l4xx_hal_i2c_ex.o
LOAD ./Drivers/STM32L4xx_HAL_Driver/Src/stm32l4xx_hal_pwr.o
LOAD ./Drivers/STM32L4xx_HAL_Driver/Src/stm32l4xx_hal_pwr_ex.o
LOAD ./Drivers/STM32L4xx_HAL_Driver/Src/stm32l4xx_hal_rcc.o
LOAD ./Drivers/STM32L4xx_HAL_Driver/Src/stm32l4xx_hal_rcc_ex.o
LOAD ./Drivers/STM32L4xx_HAL_Driver/Src/stm32l4xx_hal_spi.o
LOAD ./Drivers/STM32L4xx_HAL_Driver/Src/stm32l4xx_hal_spi_ex.o
LOAD ./Drivers/STM32L4xx_HAL_Driver/Src/stm32l4xx_hal_tim.o
LOAD ./Drivers/STM32L4xx_HAL_Driver/Src/stm32l4xx_hal_tim_ex.o
LOAD ./Drivers/STM32L4xx_HAL_Driver/Src/stm32l4xx_hal_uart.o
LOAD ./Drivers/STM32L4xx_HAL_Driver/Src/stm32l4xx_hal_uart_ex.o
LOAD C:\Dev\GIT\LELEC210X_GROUP_E\mcu\reoptimization_main_app\ARM_CMSIS\CMSIS\DSP\Lib\GCC\libarm_cortexM4lf_math.a
START GROUP
LOAD C:/ST/STM32CubeIDE_1.16.1/STM32CubeIDE/plugins/com.st.stm32cube.ide.mcu.externaltools.gnu-tools-for-stm32.12.3.rel1.win32_1.0.200.202406191623/tools/bin/../lib/gcc/arm-none-eabi/12.3.1/../../../../arm-none-eabi/lib/thumb/v7e-m+fp/hard\libc_nano.a
LOAD C:/ST/STM32CubeIDE_1.16.1/STM32CubeIDE/plugins/com.st.stm32cube.ide.mcu.externaltools.gnu-tools-for-stm32.12.3.rel1.win32_1.0.200.202406191623/tools/bin/../lib/gcc/arm-none-eabi/12.3.1/../../../../arm-none-eabi/lib/thumb/v7e-m+fp/hard\libm.a
END GROUP
START GROUP
LOAD C:/ST/STM32CubeIDE_1.16.1/STM32CubeIDE/plugins/com.st.stm32cube.ide.mcu.externaltools.gnu-tools-for-stm32.12.3.rel1.win32_1.0.200.202406191623/tools/bin/../lib/gcc/arm-none-eabi/12.3.1/thumb/v7e-m+fp/hard\libgcc.a
LOAD C:/ST/STM32CubeIDE_1.16.1/STM32CubeIDE/plugins/com.st.stm32cube.ide.mcu.externaltools.gnu-tools-for-stm32.12.3.rel1.win32_1.0.200.202406191623/tools/bin/../lib/gcc/arm-none-eabi/12.3.1/../../../../arm-none-eabi/lib/thumb/v7e-m+fp/hard\libc_nano.a
END GROUP
START GROUP
LOAD C:/ST/STM32CubeIDE_1.16.1/STM32CubeIDE/plugins/com.st.stm32cube.ide.mcu.externaltools.gnu-tools-for-stm32.12.3.rel1.win32_1.0.200.202406191623/tools/bin/../lib/gcc/arm-none-eabi/12.3.1/thumb/v7e-m+fp/hard\libgcc.a
LOAD C:/ST/STM32CubeIDE_1.16.1/STM32CubeIDE/plugins/com.st.stm32cube.ide.mcu.externaltools.gnu-tools-for-stm32.12.3.rel1.win32_1.0.200.202406191623/tools/bin/../lib/gcc/arm-none-eabi/12.3.1/../../../../arm-none-eabi/lib/thumb/v7e-m+fp/hard\libc_nano.a
LOAD C:/ST/STM32CubeIDE_1.16.1/STM32CubeIDE/plugins/com.st.stm32cube.ide.mcu.externaltools.gnu-tools-for-stm32.12.3.rel1.win32_1.0.200.202406191623/tools/bin/../lib/gcc/arm-none-eabi/12.3.1/../../../../arm-none-eabi/lib/thumb/v7e-m+fp/hard\libnosys.a
END GROUP
START GROUP
LOAD C:/ST/STM32CubeIDE_1.16.1/STM32CubeIDE/plugins/com.st.stm32cube.ide.mcu.externaltools.gnu-tools-for-stm32.12.3.rel1.win32_1.0.200.202406191623/tools/bin/../lib/gcc/arm-none-eabi/12.3.1/thumb/v7e-m+fp/hard\libgcc.a
LOAD C:/ST/STM32CubeIDE_1.16.1/STM32CubeIDE/plugins/com.st.stm32cube.ide.mcu.externaltools.gnu-tools-for-stm32.12.3.rel1.win32_1.0.200.202406191623/tools/bin/../lib/gcc/arm-none-eabi/12.3.1/../../../../arm-none-eabi/lib/thumb/v7e-m+fp/hard\libc_nano.a
LOAD C:/ST/STM32CubeIDE_1.16.1/STM32CubeIDE/plugins/com.st.stm32cube.ide.mcu.externaltools.gnu-tools-for-stm32.12.3.rel1.win32_1.0.200.202406191623/tools/bin/../lib/gcc/arm-none-eabi/12.3.1/../../../../arm-none-eabi/lib/thumb/v7e-m+fp/hard\libnosys.a
END GROUP
LOAD C:/ST/STM32CubeIDE_1.16.1/STM32CubeIDE/plugins/com.st.stm32cube.ide.mcu.externaltools.gnu-tools-for-stm32.12.3.rel1.win32_1.0.200.202406191623/tools/bin/../lib/gcc/arm-none-eabi/12.3.1/thumb/v7e-m+fp/hard/crtend.o
LOAD C:/ST/STM32CubeIDE_1.16.1/STM32CubeIDE/plugins/com.st.stm32cube.ide.mcu.externaltools.gnu-tools-for-stm32.12.3.rel1.win32_1.0.200.202406191623/tools/bin/../lib/gcc/arm-none-eabi/12.3.1/thumb/v7e-m+fp/hard/crtn.o
                0x20050000                        _estack = (ORIGIN (RAM) + LENGTH (RAM))
                0x00000200                        _Min_Heap_Size = 0x200
                0x00000400                        _Min_Stack_Size = 0x400

.isr_vector     0x08000000      0x1ac
                0x08000000                        . = ALIGN (0x4)
 *(.isr_vector)
 .isr_vector    0x08000000      0x1ac ./Core/Startup/startup_stm32l4a6zgtx.o
                0x08000000                g_pfnVectors
                0x080001ac                        . = ALIGN (0x4)

.text           0x080001b0     0x6f54
                0x080001b0                        . = ALIGN (0x4)
 *(.text)
 .text          0x080001b0       0x40 C:/ST/STM32CubeIDE_1.16.1/STM32CubeIDE/plugins/com.st.stm32cube.ide.mcu.externaltools.gnu-tools-for-stm32.12.3.rel1.win32_1.0.200.202406191623/tools/bin/../lib/gcc/arm-none-eabi/12.3.1/thumb/v7e-m+fp/hard/crtbegin.o
 .text          0x080001f0       0x30 C:/ST/STM32CubeIDE_1.16.1/STM32CubeIDE/plugins/com.st.stm32cube.ide.mcu.externaltools.gnu-tools-for-stm32.12.3.rel1.win32_1.0.200.202406191623/tools/bin/../lib/gcc/arm-none-eabi/12.3.1/thumb/v7e-m+fp/hard\libgcc.a(_aeabi_uldivmod.o)
                0x080001f0                __aeabi_uldivmod
 .text          0x08000220      0x2bc C:/ST/STM32CubeIDE_1.16.1/STM32CubeIDE/plugins/com.st.stm32cube.ide.mcu.externaltools.gnu-tools-for-stm32.12.3.rel1.win32_1.0.200.202406191623/tools/bin/../lib/gcc/arm-none-eabi/12.3.1/thumb/v7e-m+fp/hard\libgcc.a(_udivmoddi4.o)
                0x08000220                __udivmoddi4
 .text          0x080004dc        0x4 C:/ST/STM32CubeIDE_1.16.1/STM32CubeIDE/plugins/com.st.stm32cube.ide.mcu.externaltools.gnu-tools-for-stm32.12.3.rel1.win32_1.0.200.202406191623/tools/bin/../lib/gcc/arm-none-eabi/12.3.1/thumb/v7e-m+fp/hard\libgcc.a(_dvmd_tls.o)
                0x080004dc                __aeabi_idiv0
                0x080004dc                __aeabi_ldiv0
 *(.text*)
 .text.MX_ADC1_Init
                0x080004e0       0xa8 ./Core/Src/adc.o
                0x080004e0                MX_ADC1_Init
 .text.HAL_ADC_MspInit
                0x08000588       0xc8 ./Core/Src/adc.o
                0x08000588                HAL_ADC_MspInit
 .text.send_spectrogram
                0x08000650      0x124 ./Core/Src/adc_dblbuf.o
 .text.StartADCAcq
                0x08000774       0x48 ./Core/Src/adc_dblbuf.o
                0x08000774                StartADCAcq
 .text.HAL_ADC_ConvCpltCallback
                0x080007bc       0x44 ./Core/Src/adc_dblbuf.o
                0x080007bc                HAL_ADC_ConvCpltCallback
 .text.HAL_ADC_ConvHalfCpltCallback
                0x08000800       0x44 ./Core/Src/adc_dblbuf.o
                0x08000800                HAL_ADC_ConvHalfCpltCallback
 *fill*         0x08000844        0x4 
 .text.MX_AES_Init
                0x08000848       0x74 ./Core/Src/aes.o
                0x08000848                MX_AES_Init
 .text.HAL_CRYP_MspInit
                0x080008bc       0x30 ./Core/Src/aes.o
                0x080008bc                HAL_CRYP_MspInit
 .text.HAL_CRYP_MspDeInit
                0x080008ec       0x20 ./Core/Src/aes.o
                0x080008ec                HAL_CRYP_MspDeInit
 .text.MX_DMA_Init
                0x0800090c       0x30 ./Core/Src/dma.o
                0x0800090c                MX_DMA_Init
 .text.MX_GPIO_Init
                0x0800093c      0x294 ./Core/Src/gpio.o
                0x0800093c                MX_GPIO_Init
 .text.HAL_GPIO_EXTI_Callback
                0x08000bd0       0x1c ./Core/Src/main.o
                0x08000bd0                HAL_GPIO_EXTI_Callback
 .text.Error_Handler
                0x08000bec       0x74 ./Core/Src/main.o
                0x08000bec                Error_Handler
 .text.run      0x08000c60       0x30 ./Core/Src/main.o
                0x08000c60                run
 .text.SystemClock_Config
                0x08000c90       0x68 ./Core/Src/main.o
                0x08000c90                SystemClock_Config
 .text.startup.main
                0x08000cf8       0x5c ./Core/Src/main.o
                0x08000cf8                main
 .text.make_packet
                0x08000d54       0xa4 ./Core/Src/packet.o
                0x08000d54                make_packet
 .text.RetargetInit
                0x08000df8       0x24 ./Core/Src/retarget.o
                0x08000df8                RetargetInit
 .text._write   0x08000e1c       0x34 ./Core/Src/retarget.o
                0x08000e1c                _write
 .text._close   0x08000e50       0x18 ./Core/Src/retarget.o
                0x08000e50                _close
 .text._lseek   0x08000e68       0x10 ./Core/Src/retarget.o
                0x08000e68                _lseek
 .text._read    0x08000e78       0x30 ./Core/Src/retarget.o
                0x08000e78                _read
 .text._fstat   0x08000ea8       0x1c ./Core/Src/retarget.o
                0x08000ea8                _fstat
 .text.S2LP_Command
                0x08000ec4       0x64 ./Core/Src/s2lp.o
                0x08000ec4                S2LP_Command
 .text.S2LP_ReadReg
                0x08000f28       0x7c ./Core/Src/s2lp.o
                0x08000f28                S2LP_ReadReg
 .text.S2LP_WriteReg
                0x08000fa4       0x74 ./Core/Src/s2lp.o
                0x08000fa4                S2LP_WriteReg
 .text.S2LP_WriteTxFIFO
                0x08001018       0x88 ./Core/Src/s2lp.o
                0x08001018                S2LP_WriteTxFIFO
 .text.S2LP_Send
                0x080010a0      0x1a0 ./Core/Src/s2lp.o
                0x080010a0                S2LP_Send
 .text.S2LP_PrintStatus
                0x08001240      0x10c ./Core/Src/s2lp.o
                0x08001240                S2LP_PrintStatus
 *fill*         0x0800134c        0x4 
 .text.S2LP_PLLConf
                0x08001350      0x23c ./Core/Src/s2lp.o
                0x08001350                S2LP_PLLConf
 .text.ComputeDatarate
                0x0800158c      0x11c ./Core/Src/s2lp.o
                0x0800158c                ComputeDatarate
 .text.SearchDatarateME
                0x080016a8      0x2b4 ./Core/Src/s2lp.o
                0x080016a8                SearchDatarateME
 .text.ComputeFreqDeviation
                0x0800195c       0xfc ./Core/Src/s2lp.o
                0x0800195c                ComputeFreqDeviation
 .text.SearchFreqDevME
                0x08001a58      0x254 ./Core/Src/s2lp.o
                0x08001a58                SearchFreqDevME
 .text.S2LP_SetModulation
                0x08001cac       0x80 ./Core/Src/s2lp.o
                0x08001cac                S2LP_SetModulation
 .text.S2LP_SetPALeveldBm
                0x08001d2c       0x54 ./Core/Src/s2lp.o
                0x08001d2c                S2LP_SetPALeveldBm
 .text.S2LP_Standby
                0x08001d80       0x48 ./Core/Src/s2lp.o
                0x08001d80                S2LP_Standby
 .text.S2LP_WakeUp
                0x08001dc8       0x6c ./Core/Src/s2lp.o
                0x08001dc8                S2LP_WakeUp
 .text.S2LP_Init
                0x08001e34      0x12c ./Core/Src/s2lp.o
                0x08001e34                S2LP_Init
 .text.S2LP_IRQ_Handler
                0x08001f60       0x64 ./Core/Src/s2lp.o
                0x08001f60                S2LP_IRQ_Handler
 .text.step23_batch_fft
                0x08001fc4       0x68 ./Core/Src/spectrogram.o
                0x08001fc4                step23_batch_fft
 .text.step4_mel_filter_apply
                0x0800202c       0xfc ./Core/Src/spectrogram.o
                0x0800202c                step4_mel_filter_apply
 .text.Full_spectrogram_compute
                0x08002128       0x68 ./Core/Src/spectrogram.o
                0x08002128                Full_spectrogram_compute
 .text.MX_SPI1_Init
                0x08002190       0x4c ./Core/Src/spi.o
                0x08002190                MX_SPI1_Init
 .text.HAL_SPI_MspInit
                0x080021dc       0x94 ./Core/Src/spi.o
                0x080021dc                HAL_SPI_MspInit
 .text.HAL_MspInit
                0x08002270       0x30 ./Core/Src/stm32l4xx_hal_msp.o
                0x08002270                HAL_MspInit
 .text.NMI_Handler
                0x080022a0        0x4 ./Core/Src/stm32l4xx_it.o
                0x080022a0                NMI_Handler
 .text.HardFault_Handler
                0x080022a4        0x4 ./Core/Src/stm32l4xx_it.o
                0x080022a4                HardFault_Handler
 .text.MemManage_Handler
                0x080022a8        0x4 ./Core/Src/stm32l4xx_it.o
                0x080022a8                MemManage_Handler
 .text.BusFault_Handler
                0x080022ac        0x4 ./Core/Src/stm32l4xx_it.o
                0x080022ac                BusFault_Handler
 .text.UsageFault_Handler
                0x080022b0        0x4 ./Core/Src/stm32l4xx_it.o
                0x080022b0                UsageFault_Handler
 .text.SVC_Handler
                0x080022b4        0x4 ./Core/Src/stm32l4xx_it.o
                0x080022b4                SVC_Handler
 .text.DebugMon_Handler
                0x080022b8        0x4 ./Core/Src/stm32l4xx_it.o
                0x080022b8                DebugMon_Handler
 .text.PendSV_Handler
                0x080022bc        0x4 ./Core/Src/stm32l4xx_it.o
                0x080022bc                PendSV_Handler
 .text.SysTick_Handler
                0x080022c0        0x4 ./Core/Src/stm32l4xx_it.o
                0x080022c0                SysTick_Handler
 .text.EXTI3_IRQHandler
                0x080022c4        0x8 ./Core/Src/stm32l4xx_it.o
                0x080022c4                EXTI3_IRQHandler
 .text.DMA1_Channel1_IRQHandler
                0x080022cc        0xc ./Core/Src/stm32l4xx_it.o
                0x080022cc                DMA1_Channel1_IRQHandler
 .text.TIM3_IRQHandler
                0x080022d8        0xc ./Core/Src/stm32l4xx_it.o
                0x080022d8                TIM3_IRQHandler
 .text.EXTI15_10_IRQHandler
                0x080022e4        0x8 ./Core/Src/stm32l4xx_it.o
                0x080022e4                EXTI15_10_IRQHandler
 .text._sbrk    0x080022ec       0x44 ./Core/Src/sysmem.o
                0x080022ec                _sbrk
 .text.SystemInit
                0x08002330       0x44 ./Core/Src/system_stm32l4xx.o
                0x08002330                SystemInit
 .text.MX_TIM3_Init
                0x08002374       0x74 ./Core/Src/tim.o
                0x08002374                MX_TIM3_Init
 .text.HAL_TIM_Base_MspInit
                0x080023e8       0x40 ./Core/Src/tim.o
                0x080023e8                HAL_TIM_Base_MspInit
 .text.start_cycle_count
                0x08002428        0x4 ./Core/Src/utils.o
                0x08002428                start_cycle_count
 .text.stop_cycle_count
                0x0800242c        0x4 ./Core/Src/utils.o
                0x0800242c                stop_cycle_count
 .text.Reset_Handler
                0x08002430       0x50 ./Core/Startup/startup_stm32l4a6zgtx.o
                0x08002430                Reset_Handler
 .text.Default_Handler
                0x08002480        0x2 ./Core/Startup/startup_stm32l4a6zgtx.o
                0x08002480                RTC_Alarm_IRQHandler
                0x08002480                HASH_RNG_IRQHandler
                0x08002480                EXTI2_IRQHandler
                0x08002480                TIM8_TRG_COM_IRQHandler
                0x08002480                TIM8_CC_IRQHandler
                0x08002480                TIM1_CC_IRQHandler
                0x08002480                TSC_IRQHandler
                0x08002480                TAMP_STAMP_IRQHandler
                0x08002480                CAN2_RX1_IRQHandler
                0x08002480                LPTIM2_IRQHandler
                0x08002480                DFSDM1_FLT1_IRQHandler
                0x08002480                I2C3_ER_IRQHandler
                0x08002480                DFSDM1_FLT2_IRQHandler
                0x08002480                EXTI0_IRQHandler
                0x08002480                I2C2_EV_IRQHandler
                0x08002480                CAN1_RX0_IRQHandler
                0x08002480                FPU_IRQHandler
                0x08002480                TIM1_UP_TIM16_IRQHandler
                0x08002480                CAN2_SCE_IRQHandler
                0x08002480                ADC1_2_IRQHandler
                0x08002480                SPI1_IRQHandler
                0x08002480                TIM6_DAC_IRQHandler
                0x08002480                DCMI_IRQHandler
                0x08002480                CAN2_RX0_IRQHandler
                0x08002480                TIM8_UP_IRQHandler
                0x08002480                DMA2_Channel2_IRQHandler
                0x08002480                DMA1_Channel4_IRQHandler
                0x08002480                SAI2_IRQHandler
                0x08002480                DFSDM1_FLT3_IRQHandler
                0x08002480                USART3_IRQHandler
                0x08002480                DMA1_Channel7_IRQHandler
                0x08002480                CAN1_RX1_IRQHandler
                0x08002480                LCD_IRQHandler
                0x08002480                UART5_IRQHandler
                0x08002480                ADC3_IRQHandler
                0x08002480                TIM4_IRQHandler
                0x08002480                DMA2_Channel1_IRQHandler
                0x08002480                QUADSPI_IRQHandler
                0x08002480                I2C1_EV_IRQHandler
                0x08002480                DMA1_Channel6_IRQHandler
                0x08002480                UART4_IRQHandler
                0x08002480                DMA2_Channel4_IRQHandler
                0x08002480                RCC_IRQHandler
                0x08002480                Default_Handler
                0x08002480                DMA2_Channel7_IRQHandler
                0x08002480                TIM7_IRQHandler
                0x08002480                SDMMC1_IRQHandler
                0x08002480                CAN2_TX_IRQHandler
                0x08002480                TIM5_IRQHandler
                0x08002480                I2C3_EV_IRQHandler
                0x08002480                EXTI9_5_IRQHandler
                0x08002480                RTC_WKUP_IRQHandler
                0x08002480                PVD_PVM_IRQHandler
                0x08002480                SPI2_IRQHandler
                0x08002480                CAN1_TX_IRQHandler
                0x08002480                DMA2_Channel5_IRQHandler
                0x08002480                CRS_IRQHandler
                0x08002480                DMA1_Channel5_IRQHandler
                0x08002480                EXTI4_IRQHandler
                0x08002480                TIM1_TRG_COM_TIM17_IRQHandler
                0x08002480                DMA1_Channel3_IRQHandler
                0x08002480                COMP_IRQHandler
                0x08002480                WWDG_IRQHandler
                0x08002480                I2C4_EV_IRQHandler
                0x08002480                LPUART1_IRQHandler
                0x08002480                DMA2_Channel6_IRQHandler
                0x08002480                TIM2_IRQHandler
                0x08002480                DMA2D_IRQHandler
                0x08002480                EXTI1_IRQHandler
                0x08002480                AES_IRQHandler
                0x08002480                USART2_IRQHandler
                0x08002480                DFSDM1_FLT0_IRQHandler
                0x08002480                I2C2_ER_IRQHandler
                0x08002480                DMA1_Channel2_IRQHandler
                0x08002480                TIM8_BRK_IRQHandler
                0x08002480                CAN1_SCE_IRQHandler
                0x08002480                FLASH_IRQHandler
                0x08002480                USART1_IRQHandler
                0x08002480                OTG_FS_IRQHandler
                0x08002480                SPI3_IRQHandler
                0x08002480                I2C1_ER_IRQHandler
                0x08002480                FMC_IRQHandler
                0x08002480                SWPMI1_IRQHandler
                0x08002480                LPTIM1_IRQHandler
                0x08002480                I2C4_ER_IRQHandler
                0x08002480                SAI1_IRQHandler
                0x08002480                DMA2_Channel3_IRQHandler
                0x08002480                TIM1_BRK_TIM15_IRQHandler
 *fill*         0x08002482        0x2 
 .text.HAL_InitTick
                0x08002484       0x4c ./Drivers/STM32L4xx_HAL_Driver/Src/stm32l4xx_hal.o
                0x08002484                HAL_InitTick
 .text.HAL_Init
                0x080024d0       0x20 ./Drivers/STM32L4xx_HAL_Driver/Src/stm32l4xx_hal.o
                0x080024d0                HAL_Init
 .text.HAL_IncTick
                0x080024f0       0x18 ./Drivers/STM32L4xx_HAL_Driver/Src/stm32l4xx_hal.o
                0x080024f0                HAL_IncTick
 .text.HAL_GetTick
                0x08002508        0xc ./Drivers/STM32L4xx_HAL_Driver/Src/stm32l4xx_hal.o
                0x08002508                HAL_GetTick
 .text.HAL_Delay
                0x08002514       0x24 ./Drivers/STM32L4xx_HAL_Driver/Src/stm32l4xx_hal.o
                0x08002514                HAL_Delay
 .text.HAL_ADC_Init
                0x08002538      0x1bc ./Drivers/STM32L4xx_HAL_Driver/Src/stm32l4xx_hal_adc.o
                0x08002538                HAL_ADC_Init
 .text.ADC_DMAHalfConvCplt
                0x080026f4        0xc ./Drivers/STM32L4xx_HAL_Driver/Src/stm32l4xx_hal_adc.o
                0x080026f4                ADC_DMAHalfConvCplt
 .text.HAL_ADC_ErrorCallback
                0x08002700        0x4 ./Drivers/STM32L4xx_HAL_Driver/Src/stm32l4xx_hal_adc.o
                0x08002700                HAL_ADC_ErrorCallback
 .text.ADC_DMAConvCplt
                0x08002704       0x6c ./Drivers/STM32L4xx_HAL_Driver/Src/stm32l4xx_hal_adc.o
                0x08002704                ADC_DMAConvCplt
 .text.ADC_DMAError
                0x08002770       0x1c ./Drivers/STM32L4xx_HAL_Driver/Src/stm32l4xx_hal_adc.o
                0x08002770                ADC_DMAError
 .text.HAL_ADC_ConfigChannel
                0x0800278c      0x4b4 ./Drivers/STM32L4xx_HAL_Driver/Src/stm32l4xx_hal_adc.o
                0x0800278c                HAL_ADC_ConfigChannel
 .text.HAL_ADC_GetState
                0x08002c40        0x4 ./Drivers/STM32L4xx_HAL_Driver/Src/stm32l4xx_hal_adc.o
                0x08002c40                HAL_ADC_GetState
 .text.ADC_ConversionStop
                0x08002c44      0x100 ./Drivers/STM32L4xx_HAL_Driver/Src/stm32l4xx_hal_adc.o
                0x08002c44                ADC_ConversionStop
 .text.ADC_Enable
                0x08002d44       0xc8 ./Drivers/STM32L4xx_HAL_Driver/Src/stm32l4xx_hal_adc.o
                0x08002d44                ADC_Enable
 .text.HAL_ADC_Start_DMA
                0x08002e0c       0xf8 ./Drivers/STM32L4xx_HAL_Driver/Src/stm32l4xx_hal_adc.o
                0x08002e0c                HAL_ADC_Start_DMA
 .text.ADC_Disable
                0x08002f04       0x74 ./Drivers/STM32L4xx_HAL_Driver/Src/stm32l4xx_hal_adc.o
                0x08002f04                ADC_Disable
 .text.HAL_ADC_Stop_DMA
                0x08002f78       0x90 ./Drivers/STM32L4xx_HAL_Driver/Src/stm32l4xx_hal_adc.o
                0x08002f78                HAL_ADC_Stop_DMA
 .text.HAL_ADCEx_Calibration_Start
                0x08003008       0x98 ./Drivers/STM32L4xx_HAL_Driver/Src/stm32l4xx_hal_adc_ex.o
                0x08003008                HAL_ADCEx_Calibration_Start
 .text.HAL_ADCEx_MultiModeConfigChannel
                0x080030a0       0xdc ./Drivers/STM32L4xx_HAL_Driver/Src/stm32l4xx_hal_adc_ex.o
                0x080030a0                HAL_ADCEx_MultiModeConfigChannel
 .text.HAL_NVIC_SetPriorityGrouping
                0x0800317c       0x24 ./Drivers/STM32L4xx_HAL_Driver/Src/stm32l4xx_hal_cortex.o
                0x0800317c                HAL_NVIC_SetPriorityGrouping
 .text.HAL_NVIC_SetPriority
                0x080031a0       0x78 ./Drivers/STM32L4xx_HAL_Driver/Src/stm32l4xx_hal_cortex.o
                0x080031a0                HAL_NVIC_SetPriority
 .text.HAL_NVIC_EnableIRQ
                0x08003218       0x1c ./Drivers/STM32L4xx_HAL_Driver/Src/stm32l4xx_hal_cortex.o
                0x08003218                HAL_NVIC_EnableIRQ
 .text.HAL_SYSTICK_Config
                0x08003234       0x34 ./Drivers/STM32L4xx_HAL_Driver/Src/stm32l4xx_hal_cortex.o
                0x08003234                HAL_SYSTICK_Config
 .text.CRYP_SetKey
                0x08003268       0x54 ./Drivers/STM32L4xx_HAL_Driver/Src/stm32l4xx_hal_cryp.o
 .text.HAL_CRYP_Init
                0x080032bc      0x15c ./Drivers/STM32L4xx_HAL_Driver/Src/stm32l4xx_hal_cryp.o
                0x080032bc                HAL_CRYP_Init
 .text.HAL_CRYP_AESCBC_Encrypt
                0x08003418      0x208 ./Drivers/STM32L4xx_HAL_Driver/Src/stm32l4xx_hal_cryp.o
                0x08003418                HAL_CRYP_AESCBC_Encrypt
 .text.HAL_CRYPEx_AES
                0x08003620      0x1ac ./Drivers/STM32L4xx_HAL_Driver/Src/stm32l4xx_hal_cryp_ex.o
                0x08003620                HAL_CRYPEx_AES
 .text.HAL_DMA_Init
                0x080037cc       0xd8 ./Drivers/STM32L4xx_HAL_Driver/Src/stm32l4xx_hal_dma.o
                0x080037cc                HAL_DMA_Init
 .text.HAL_DMA_Start_IT
                0x080038a4       0x88 ./Drivers/STM32L4xx_HAL_Driver/Src/stm32l4xx_hal_dma.o
                0x080038a4                HAL_DMA_Start_IT
 .text.HAL_DMA_Abort
                0x0800392c       0x4c ./Drivers/STM32L4xx_HAL_Driver/Src/stm32l4xx_hal_dma.o
                0x0800392c                HAL_DMA_Abort
 .text.HAL_DMA_IRQHandler
                0x08003978       0x9c ./Drivers/STM32L4xx_HAL_Driver/Src/stm32l4xx_hal_dma.o
                0x08003978                HAL_DMA_IRQHandler
 .text.HAL_GPIO_Init
                0x08003a14      0x248 ./Drivers/STM32L4xx_HAL_Driver/Src/stm32l4xx_hal_gpio.o
                0x08003a14                HAL_GPIO_Init
 .text.HAL_GPIO_WritePin
                0x08003c5c        0xc ./Drivers/STM32L4xx_HAL_Driver/Src/stm32l4xx_hal_gpio.o
                0x08003c5c                HAL_GPIO_WritePin
 .text.HAL_GPIO_EXTI_IRQHandler
                0x08003c68       0x18 ./Drivers/STM32L4xx_HAL_Driver/Src/stm32l4xx_hal_gpio.o
                0x08003c68                HAL_GPIO_EXTI_IRQHandler
 .text.HAL_PWR_EnterSLEEPMode
                0x08003c80       0x44 ./Drivers/STM32L4xx_HAL_Driver/Src/stm32l4xx_hal_pwr.o
                0x08003c80                HAL_PWR_EnterSLEEPMode
 .text.HAL_PWREx_GetVoltageRange
                0x08003cc4       0x10 ./Drivers/STM32L4xx_HAL_Driver/Src/stm32l4xx_hal_pwr_ex.o
                0x08003cc4                HAL_PWREx_GetVoltageRange
 .text.HAL_PWREx_ControlVoltageScaling
                0x08003cd4       0x80 ./Drivers/STM32L4xx_HAL_Driver/Src/stm32l4xx_hal_pwr_ex.o
                0x08003cd4                HAL_PWREx_ControlVoltageScaling
 .text.HAL_PWREx_EnableVddIO2
                0x08003d54       0x10 ./Drivers/STM32L4xx_HAL_Driver/Src/stm32l4xx_hal_pwr_ex.o
                0x08003d54                HAL_PWREx_EnableVddIO2
 .text.HAL_PWREx_EnableLowPowerRunMode
                0x08003d64       0x10 ./Drivers/STM32L4xx_HAL_Driver/Src/stm32l4xx_hal_pwr_ex.o
                0x08003d64                HAL_PWREx_EnableLowPowerRunMode
 .text.HAL_PWREx_DisableLowPowerRunMode
                0x08003d74       0x50 ./Drivers/STM32L4xx_HAL_Driver/Src/stm32l4xx_hal_pwr_ex.o
                0x08003d74                HAL_PWREx_DisableLowPowerRunMode
 .text.RCC_SetFlashLatencyFromMSIRange
                0x08003dc4       0x8c ./Drivers/STM32L4xx_HAL_Driver/Src/stm32l4xx_hal_rcc.o
 .text.HAL_RCC_GetSysClockFreq
                0x08003e50       0xb4 ./Drivers/STM32L4xx_HAL_Driver/Src/stm32l4xx_hal_rcc.o
                0x08003e50                HAL_RCC_GetSysClockFreq
 .text.HAL_RCC_OscConfig
                0x08003f04      0x618 ./Drivers/STM32L4xx_HAL_Driver/Src/stm32l4xx_hal_rcc.o
                0x08003f04                HAL_RCC_OscConfig
 .text.HAL_RCC_ClockConfig
                0x0800451c      0x16c ./Drivers/STM32L4xx_HAL_Driver/Src/stm32l4xx_hal_rcc.o
                0x0800451c                HAL_RCC_ClockConfig
 .text.HAL_RCC_GetHCLKFreq
                0x08004688        0xc ./Drivers/STM32L4xx_HAL_Driver/Src/stm32l4xx_hal_rcc.o
                0x08004688                HAL_RCC_GetHCLKFreq
 .text.RCCEx_PLLSAI1_Config
                0x08004694      0x11c ./Drivers/STM32L4xx_HAL_Driver/Src/stm32l4xx_hal_rcc_ex.o
 .text.RCCEx_PLLSAI2_Config
                0x080047b0      0x100 ./Drivers/STM32L4xx_HAL_Driver/Src/stm32l4xx_hal_rcc_ex.o
 .text.HAL_RCCEx_PeriphCLKConfig
                0x080048b0      0x464 ./Drivers/STM32L4xx_HAL_Driver/Src/stm32l4xx_hal_rcc_ex.o
                0x080048b0                HAL_RCCEx_PeriphCLKConfig
 .text.SPI_WaitFifoStateUntilTimeout.constprop.0
                0x08004d14       0xec ./Drivers/STM32L4xx_HAL_Driver/Src/stm32l4xx_hal_spi.o
 .text.SPI_EndRxTxTransaction
                0x08004e00      0x144 ./Drivers/STM32L4xx_HAL_Driver/Src/stm32l4xx_hal_spi.o
 .text.HAL_SPI_Init
                0x08004f44       0xf8 ./Drivers/STM32L4xx_HAL_Driver/Src/stm32l4xx_hal_spi.o
                0x08004f44                HAL_SPI_Init
 .text.HAL_SPI_TransmitReceive
                0x0800503c      0x318 ./Drivers/STM32L4xx_HAL_Driver/Src/stm32l4xx_hal_spi.o
                0x0800503c                HAL_SPI_TransmitReceive
 .text.HAL_TIM_Base_Init
                0x08005354      0x12c ./Drivers/STM32L4xx_HAL_Driver/Src/stm32l4xx_hal_tim.o
                0x08005354                HAL_TIM_Base_Init
 .text.HAL_TIM_Base_Start
                0x08005480       0x70 ./Drivers/STM32L4xx_HAL_Driver/Src/stm32l4xx_hal_tim.o
                0x08005480                HAL_TIM_Base_Start
 .text.HAL_TIM_ConfigClockSource
                0x080054f0      0x154 ./Drivers/STM32L4xx_HAL_Driver/Src/stm32l4xx_hal_tim.o
                0x080054f0                HAL_TIM_ConfigClockSource
 .text.HAL_TIM_PeriodElapsedCallback
                0x08005644        0x4 ./Drivers/STM32L4xx_HAL_Driver/Src/stm32l4xx_hal_tim.o
                0x08005644                HAL_TIM_PeriodElapsedCallback
 .text.HAL_TIM_OC_DelayElapsedCallback
                0x08005648        0x4 ./Drivers/STM32L4xx_HAL_Driver/Src/stm32l4xx_hal_tim.o
                0x08005648                HAL_TIM_OC_DelayElapsedCallback
 .text.HAL_TIM_IC_CaptureCallback
                0x0800564c        0x4 ./Drivers/STM32L4xx_HAL_Driver/Src/stm32l4xx_hal_tim.o
                0x0800564c                HAL_TIM_IC_CaptureCallback
 .text.HAL_TIM_PWM_PulseFinishedCallback
                0x08005650        0x4 ./Drivers/STM32L4xx_HAL_Driver/Src/stm32l4xx_hal_tim.o
                0x08005650                HAL_TIM_PWM_PulseFinishedCallback
 .text.HAL_TIM_TriggerCallback
                0x08005654        0x4 ./Drivers/STM32L4xx_HAL_Driver/Src/stm32l4xx_hal_tim.o
                0x08005654                HAL_TIM_TriggerCallback
 .text.HAL_TIM_IRQHandler
                0x08005658      0x158 ./Drivers/STM32L4xx_HAL_Driver/Src/stm32l4xx_hal_tim.o
                0x08005658                HAL_TIM_IRQHandler
 .text.HAL_TIMEx_MasterConfigSynchronization
                0x080057b0       0xa0 ./Drivers/STM32L4xx_HAL_Driver/Src/stm32l4xx_hal_tim_ex.o
                0x080057b0                HAL_TIMEx_MasterConfigSynchronization
 .text.HAL_TIMEx_CommutCallback
                0x08005850        0x4 ./Drivers/STM32L4xx_HAL_Driver/Src/stm32l4xx_hal_tim_ex.o
                0x08005850                HAL_TIMEx_CommutCallback
 .text.HAL_TIMEx_BreakCallback
                0x08005854        0x4 ./Drivers/STM32L4xx_HAL_Driver/Src/stm32l4xx_hal_tim_ex.o
                0x08005854                HAL_TIMEx_BreakCallback
 .text.HAL_TIMEx_Break2Callback
                0x08005858        0x4 ./Drivers/STM32L4xx_HAL_Driver/Src/stm32l4xx_hal_tim_ex.o
                0x08005858                HAL_TIMEx_Break2Callback
 .text.HAL_UART_Transmit
                0x0800585c       0xe0 ./Drivers/STM32L4xx_HAL_Driver/Src/stm32l4xx_hal_uart.o
                0x0800585c                HAL_UART_Transmit
 .text.HAL_UART_Receive
                0x0800593c      0x1d8 ./Drivers/STM32L4xx_HAL_Driver/Src/stm32l4xx_hal_uart.o
                0x0800593c                HAL_UART_Receive
 .text.arm_split_rfft_q15
                0x08005b14      0x10c C:\Dev\GIT\LELEC210X_GROUP_E\mcu\reoptimization_main_app\ARM_CMSIS\CMSIS\DSP\Lib\GCC\libarm_cortexM4lf_math.a(arm_rfft_q15.o)
                0x08005b14                arm_split_rfft_q15
 .text.arm_rfft_q15
                0x08005c20       0xf8 C:\Dev\GIT\LELEC210X_GROUP_E\mcu\reoptimization_main_app\ARM_CMSIS\CMSIS\DSP\Lib\GCC\libarm_cortexM4lf_math.a(arm_rfft_q15.o)
                0x08005c20                arm_rfft_q15
 .text.arm_rfft_init_q15
                0x08005d18       0xf8 C:\Dev\GIT\LELEC210X_GROUP_E\mcu\reoptimization_main_app\ARM_CMSIS\CMSIS\DSP\Lib\GCC\libarm_cortexM4lf_math.a(arm_rfft_init_q15.o)
                0x08005d18                arm_rfft_init_q15
 .text.arm_mult_q15
                0x08005e10       0xbc C:\Dev\GIT\LELEC210X_GROUP_E\mcu\reoptimization_main_app\ARM_CMSIS\CMSIS\DSP\Lib\GCC\libarm_cortexM4lf_math.a(arm_mult_q15.o)
                0x08005e10                arm_mult_q15
 .text.arm_dot_prod_q15
                0x08005ecc       0x80 C:\Dev\GIT\LELEC210X_GROUP_E\mcu\reoptimization_main_app\ARM_CMSIS\CMSIS\DSP\Lib\GCC\libarm_cortexM4lf_math.a(arm_dot_prod_q15.o)
                0x08005ecc                arm_dot_prod_q15
 .text.arm_cfft_radix4by2_q15
                0x08005f4c       0xbc C:\Dev\GIT\LELEC210X_GROUP_E\mcu\reoptimization_main_app\ARM_CMSIS\CMSIS\DSP\Lib\GCC\libarm_cortexM4lf_math.a(arm_cfft_q15.o)
                0x08005f4c                arm_cfft_radix4by2_q15
 .text.arm_cfft_radix4by2_inverse_q15
                0x08006008       0xbc C:\Dev\GIT\LELEC210X_GROUP_E\mcu\reoptimization_main_app\ARM_CMSIS\CMSIS\DSP\Lib\GCC\libarm_cortexM4lf_math.a(arm_cfft_q15.o)
                0x08006008                arm_cfft_radix4by2_inverse_q15
 .text.arm_cfft_q15
                0x080060c4       0xbc C:\Dev\GIT\LELEC210X_GROUP_E\mcu\reoptimization_main_app\ARM_CMSIS\CMSIS\DSP\Lib\GCC\libarm_cortexM4lf_math.a(arm_cfft_q15.o)
                0x080060c4                arm_cfft_q15
 .text.arm_radix4_butterfly_q15
                0x08006180      0x354 C:\Dev\GIT\LELEC210X_GROUP_E\mcu\reoptimization_main_app\ARM_CMSIS\CMSIS\DSP\Lib\GCC\libarm_cortexM4lf_math.a(arm_cfft_radix4_q15.o)
                0x08006180                arm_radix4_butterfly_q15
 .text.arm_radix4_butterfly_inverse_q15
                0x080064d4      0x354 C:\Dev\GIT\LELEC210X_GROUP_E\mcu\reoptimization_main_app\ARM_CMSIS\CMSIS\DSP\Lib\GCC\libarm_cortexM4lf_math.a(arm_cfft_radix4_q15.o)
                0x080064d4                arm_radix4_butterfly_inverse_q15
 .text.arm_bitreversal_16
                0x08006828       0x44 C:\Dev\GIT\LELEC210X_GROUP_E\mcu\reoptimization_main_app\ARM_CMSIS\CMSIS\DSP\Lib\GCC\libarm_cortexM4lf_math.a(arm_bitreversal2.o)
                0x08006828                arm_bitreversal_16
 .text.malloc   0x0800686c       0x10 C:/ST/STM32CubeIDE_1.16.1/STM32CubeIDE/plugins/com.st.stm32cube.ide.mcu.externaltools.gnu-tools-for-stm32.12.3.rel1.win32_1.0.200.202406191623/tools/bin/../lib/gcc/arm-none-eabi/12.3.1/../../../../arm-none-eabi/lib/thumb/v7e-m+fp/hard\libc_nano.a(libc_a-malloc.o)
                0x0800686c                malloc
 .text.free     0x0800687c       0x10 C:/ST/STM32CubeIDE_1.16.1/STM32CubeIDE/plugins/com.st.stm32cube.ide.mcu.externaltools.gnu-tools-for-stm32.12.3.rel1.win32_1.0.200.202406191623/tools/bin/../lib/gcc/arm-none-eabi/12.3.1/../../../../arm-none-eabi/lib/thumb/v7e-m+fp/hard\libc_nano.a(libc_a-malloc.o)
                0x0800687c                free
 .text.sbrk_aligned
                0x0800688c       0x44 C:/ST/STM32CubeIDE_1.16.1/STM32CubeIDE/plugins/com.st.stm32cube.ide.mcu.externaltools.gnu-tools-for-stm32.12.3.rel1.win32_1.0.200.202406191623/tools/bin/../lib/gcc/arm-none-eabi/12.3.1/../../../../arm-none-eabi/lib/thumb/v7e-m+fp/hard\libc_nano.a(libc_a-mallocr.o)
 .text._malloc_r
                0x080068d0      0x100 C:/ST/STM32CubeIDE_1.16.1/STM32CubeIDE/plugins/com.st.stm32cube.ide.mcu.externaltools.gnu-tools-for-stm32.12.3.rel1.win32_1.0.200.202406191623/tools/bin/../lib/gcc/arm-none-eabi/12.3.1/../../../../arm-none-eabi/lib/thumb/v7e-m+fp/hard\libc_nano.a(libc_a-mallocr.o)
                0x080068d0                _malloc_r
 .text.__malloc_lock
                0x080069d0        0xc C:/ST/STM32CubeIDE_1.16.1/STM32CubeIDE/plugins/com.st.stm32cube.ide.mcu.externaltools.gnu-tools-for-stm32.12.3.rel1.win32_1.0.200.202406191623/tools/bin/../lib/gcc/arm-none-eabi/12.3.1/../../../../arm-none-eabi/lib/thumb/v7e-m+fp/hard\libc_nano.a(libc_a-mlock.o)
                0x080069d0                __malloc_lock
 .text.__malloc_unlock
                0x080069dc        0xc C:/ST/STM32CubeIDE_1.16.1/STM32CubeIDE/plugins/com.st.stm32cube.ide.mcu.externaltools.gnu-tools-for-stm32.12.3.rel1.win32_1.0.200.202406191623/tools/bin/../lib/gcc/arm-none-eabi/12.3.1/../../../../arm-none-eabi/lib/thumb/v7e-m+fp/hard\libc_nano.a(libc_a-mlock.o)
                0x080069dc                __malloc_unlock
 .text.std      0x080069e8       0x6c C:/ST/STM32CubeIDE_1.16.1/STM32CubeIDE/plugins/com.st.stm32cube.ide.mcu.externaltools.gnu-tools-for-stm32.12.3.rel1.win32_1.0.200.202406191623/tools/bin/../lib/gcc/arm-none-eabi/12.3.1/../../../../arm-none-eabi/lib/thumb/v7e-m+fp/hard\libc_nano.a(libc_a-findfp.o)
 .text.stdio_exit_handler
                0x08006a54       0x18 C:/ST/STM32CubeIDE_1.16.1/STM32CubeIDE/plugins/com.st.stm32cube.ide.mcu.externaltools.gnu-tools-for-stm32.12.3.rel1.win32_1.0.200.202406191623/tools/bin/../lib/gcc/arm-none-eabi/12.3.1/../../../../arm-none-eabi/lib/thumb/v7e-m+fp/hard\libc_nano.a(libc_a-findfp.o)
 .text.cleanup_stdio
                0x08006a6c       0x40 C:/ST/STM32CubeIDE_1.16.1/STM32CubeIDE/plugins/com.st.stm32cube.ide.mcu.externaltools.gnu-tools-for-stm32.12.3.rel1.win32_1.0.200.202406191623/tools/bin/../lib/gcc/arm-none-eabi/12.3.1/../../../../arm-none-eabi/lib/thumb/v7e-m+fp/hard\libc_nano.a(libc_a-findfp.o)
 .text.global_stdio_init.part.0
                0x08006aac       0x3c C:/ST/STM32CubeIDE_1.16.1/STM32CubeIDE/plugins/com.st.stm32cube.ide.mcu.externaltools.gnu-tools-for-stm32.12.3.rel1.win32_1.0.200.202406191623/tools/bin/../lib/gcc/arm-none-eabi/12.3.1/../../../../arm-none-eabi/lib/thumb/v7e-m+fp/hard\libc_nano.a(libc_a-findfp.o)
 .text.__sfp_lock_acquire
                0x08006ae8        0xc C:/ST/STM32CubeIDE_1.16.1/STM32CubeIDE/plugins/com.st.stm32cube.ide.mcu.externaltools.gnu-tools-for-stm32.12.3.rel1.win32_1.0.200.202406191623/tools/bin/../lib/gcc/arm-none-eabi/12.3.1/../../../../arm-none-eabi/lib/thumb/v7e-m+fp/hard\libc_nano.a(libc_a-findfp.o)
                0x08006ae8                __sfp_lock_acquire
 .text.__sfp_lock_release
                0x08006af4        0xc C:/ST/STM32CubeIDE_1.16.1/STM32CubeIDE/plugins/com.st.stm32cube.ide.mcu.externaltools.gnu-tools-for-stm32.12.3.rel1.win32_1.0.200.202406191623/tools/bin/../lib/gcc/arm-none-eabi/12.3.1/../../../../arm-none-eabi/lib/thumb/v7e-m+fp/hard\libc_nano.a(libc_a-findfp.o)
                0x08006af4                __sfp_lock_release
 .text.__sinit  0x08006b00       0x30 C:/ST/STM32CubeIDE_1.16.1/STM32CubeIDE/plugins/com.st.stm32cube.ide.mcu.externaltools.gnu-tools-for-stm32.12.3.rel1.win32_1.0.200.202406191623/tools/bin/../lib/gcc/arm-none-eabi/12.3.1/../../../../arm-none-eabi/lib/thumb/v7e-m+fp/hard\libc_nano.a(libc_a-findfp.o)
                0x08006b00                __sinit
 .text._fwalk_sglue
                0x08006b30       0x3c C:/ST/STM32CubeIDE_1.16.1/STM32CubeIDE/plugins/com.st.stm32cube.ide.mcu.externaltools.gnu-tools-for-stm32.12.3.rel1.win32_1.0.200.202406191623/tools/bin/../lib/gcc/arm-none-eabi/12.3.1/../../../../arm-none-eabi/lib/thumb/v7e-m+fp/hard\libc_nano.a(libc_a-fwalk.o)
                0x08006b30                _fwalk_sglue
 .text.setvbuf  0x08006b6c      0x168 C:/ST/STM32CubeIDE_1.16.1/STM32CubeIDE/plugins/com.st.stm32cube.ide.mcu.externaltools.gnu-tools-for-stm32.12.3.rel1.win32_1.0.200.202406191623/tools/bin/../lib/gcc/arm-none-eabi/12.3.1/../../../../arm-none-eabi/lib/thumb/v7e-m+fp/hard\libc_nano.a(libc_a-setvbuf.o)
                0x08006b6c                setvbuf
 .text.__sread  0x08006cd4       0x22 C:/ST/STM32CubeIDE_1.16.1/STM32CubeIDE/plugins/com.st.stm32cube.ide.mcu.externaltools.gnu-tools-for-stm32.12.3.rel1.win32_1.0.200.202406191623/tools/bin/../lib/gcc/arm-none-eabi/12.3.1/../../../../arm-none-eabi/lib/thumb/v7e-m+fp/hard\libc_nano.a(libc_a-stdio.o)
                0x08006cd4                __sread
 .text.__swrite
                0x08006cf6       0x38 C:/ST/STM32CubeIDE_1.16.1/STM32CubeIDE/plugins/com.st.stm32cube.ide.mcu.externaltools.gnu-tools-for-stm32.12.3.rel1.win32_1.0.200.202406191623/tools/bin/../lib/gcc/arm-none-eabi/12.3.1/../../../../arm-none-eabi/lib/thumb/v7e-m+fp/hard\libc_nano.a(libc_a-stdio.o)
                0x08006cf6                __swrite
 .text.__sseek  0x08006d2e       0x24 C:/ST/STM32CubeIDE_1.16.1/STM32CubeIDE/plugins/com.st.stm32cube.ide.mcu.externaltools.gnu-tools-for-stm32.12.3.rel1.win32_1.0.200.202406191623/tools/bin/../lib/gcc/arm-none-eabi/12.3.1/../../../../arm-none-eabi/lib/thumb/v7e-m+fp/hard\libc_nano.a(libc_a-stdio.o)
                0x08006d2e                __sseek
 .text.__sclose
                0x08006d52        0x8 C:/ST/STM32CubeIDE_1.16.1/STM32CubeIDE/plugins/com.st.stm32cube.ide.mcu.externaltools.gnu-tools-for-stm32.12.3.rel1.win32_1.0.200.202406191623/tools/bin/../lib/gcc/arm-none-eabi/12.3.1/../../../../arm-none-eabi/lib/thumb/v7e-m+fp/hard\libc_nano.a(libc_a-stdio.o)
                0x08006d52                __sclose
 .text.memset   0x08006d5a       0x10 C:/ST/STM32CubeIDE_1.16.1/STM32CubeIDE/plugins/com.st.stm32cube.ide.mcu.externaltools.gnu-tools-for-stm32.12.3.rel1.win32_1.0.200.202406191623/tools/bin/../lib/gcc/arm-none-eabi/12.3.1/../../../../arm-none-eabi/lib/thumb/v7e-m+fp/hard\libc_nano.a(libc_a-memset.o)
                0x08006d5a                memset
 *fill*         0x08006d6a        0x2 
 .text._close_r
                0x08006d6c       0x20 C:/ST/STM32CubeIDE_1.16.1/STM32CubeIDE/plugins/com.st.stm32cube.ide.mcu.externaltools.gnu-tools-for-stm32.12.3.rel1.win32_1.0.200.202406191623/tools/bin/../lib/gcc/arm-none-eabi/12.3.1/../../../../arm-none-eabi/lib/thumb/v7e-m+fp/hard\libc_nano.a(libc_a-closer.o)
                0x08006d6c                _close_r
 .text._lseek_r
                0x08006d8c       0x24 C:/ST/STM32CubeIDE_1.16.1/STM32CubeIDE/plugins/com.st.stm32cube.ide.mcu.externaltools.gnu-tools-for-stm32.12.3.rel1.win32_1.0.200.202406191623/tools/bin/../lib/gcc/arm-none-eabi/12.3.1/../../../../arm-none-eabi/lib/thumb/v7e-m+fp/hard\libc_nano.a(libc_a-lseekr.o)
                0x08006d8c                _lseek_r
 .text._read_r  0x08006db0       0x24 C:/ST/STM32CubeIDE_1.16.1/STM32CubeIDE/plugins/com.st.stm32cube.ide.mcu.externaltools.gnu-tools-for-stm32.12.3.rel1.win32_1.0.200.202406191623/tools/bin/../lib/gcc/arm-none-eabi/12.3.1/../../../../arm-none-eabi/lib/thumb/v7e-m+fp/hard\libc_nano.a(libc_a-readr.o)
                0x08006db0                _read_r
 .text._sbrk_r  0x08006dd4       0x20 C:/ST/STM32CubeIDE_1.16.1/STM32CubeIDE/plugins/com.st.stm32cube.ide.mcu.externaltools.gnu-tools-for-stm32.12.3.rel1.win32_1.0.200.202406191623/tools/bin/../lib/gcc/arm-none-eabi/12.3.1/../../../../arm-none-eabi/lib/thumb/v7e-m+fp/hard\libc_nano.a(libc_a-sbrkr.o)
                0x08006dd4                _sbrk_r
 .text._write_r
                0x08006df4       0x24 C:/ST/STM32CubeIDE_1.16.1/STM32CubeIDE/plugins/com.st.stm32cube.ide.mcu.externaltools.gnu-tools-for-stm32.12.3.rel1.win32_1.0.200.202406191623/tools/bin/../lib/gcc/arm-none-eabi/12.3.1/../../../../arm-none-eabi/lib/thumb/v7e-m+fp/hard\libc_nano.a(libc_a-writer.o)
                0x08006df4                _write_r
 .text.__errno  0x08006e18        0xc C:/ST/STM32CubeIDE_1.16.1/STM32CubeIDE/plugins/com.st.stm32cube.ide.mcu.externaltools.gnu-tools-for-stm32.12.3.rel1.win32_1.0.200.202406191623/tools/bin/../lib/gcc/arm-none-eabi/12.3.1/../../../../arm-none-eabi/lib/thumb/v7e-m+fp/hard\libc_nano.a(libc_a-errno.o)
                0x08006e18                __errno
 .text.__libc_init_array
                0x08006e24       0x48 C:/ST/STM32CubeIDE_1.16.1/STM32CubeIDE/plugins/com.st.stm32cube.ide.mcu.externaltools.gnu-tools-for-stm32.12.3.rel1.win32_1.0.200.202406191623/tools/bin/../lib/gcc/arm-none-eabi/12.3.1/../../../../arm-none-eabi/lib/thumb/v7e-m+fp/hard\libc_nano.a(libc_a-init.o)
                0x08006e24                __libc_init_array
 .text.__retarget_lock_init_recursive
                0x08006e6c        0x2 C:/ST/STM32CubeIDE_1.16.1/STM32CubeIDE/plugins/com.st.stm32cube.ide.mcu.externaltools.gnu-tools-for-stm32.12.3.rel1.win32_1.0.200.202406191623/tools/bin/../lib/gcc/arm-none-eabi/12.3.1/../../../../arm-none-eabi/lib/thumb/v7e-m+fp/hard\libc_nano.a(libc_a-lock.o)
                0x08006e6c                __retarget_lock_init_recursive
 .text.__retarget_lock_acquire_recursive
                0x08006e6e        0x2 C:/ST/STM32CubeIDE_1.16.1/STM32CubeIDE/plugins/com.st.stm32cube.ide.mcu.externaltools.gnu-tools-for-stm32.12.3.rel1.win32_1.0.200.202406191623/tools/bin/../lib/gcc/arm-none-eabi/12.3.1/../../../../arm-none-eabi/lib/thumb/v7e-m+fp/hard\libc_nano.a(libc_a-lock.o)
                0x08006e6e                __retarget_lock_acquire_recursive
 .text.__retarget_lock_release_recursive
                0x08006e70        0x2 C:/ST/STM32CubeIDE_1.16.1/STM32CubeIDE/plugins/com.st.stm32cube.ide.mcu.externaltools.gnu-tools-for-stm32.12.3.rel1.win32_1.0.200.202406191623/tools/bin/../lib/gcc/arm-none-eabi/12.3.1/../../../../arm-none-eabi/lib/thumb/v7e-m+fp/hard\libc_nano.a(libc_a-lock.o)
                0x08006e70                __retarget_lock_release_recursive
 .text.memcpy   0x08006e72       0x1c C:/ST/STM32CubeIDE_1.16.1/STM32CubeIDE/plugins/com.st.stm32cube.ide.mcu.externaltools.gnu-tools-for-stm32.12.3.rel1.win32_1.0.200.202406191623/tools/bin/../lib/gcc/arm-none-eabi/12.3.1/../../../../arm-none-eabi/lib/thumb/v7e-m+fp/hard\libc_nano.a(libc_a-memcpy-stub.o)
                0x08006e72                memcpy
 *fill*         0x08006e8e        0x2 
 .text._free_r  0x08006e90       0x94 C:/ST/STM32CubeIDE_1.16.1/STM32CubeIDE/plugins/com.st.stm32cube.ide.mcu.externaltools.gnu-tools-for-stm32.12.3.rel1.win32_1.0.200.202406191623/tools/bin/../lib/gcc/arm-none-eabi/12.3.1/../../../../arm-none-eabi/lib/thumb/v7e-m+fp/hard\libc_nano.a(libc_a-freer.o)
                0x08006e90                _free_r
 .text.__sflush_r
                0x08006f24      0x108 C:/ST/STM32CubeIDE_1.16.1/STM32CubeIDE/plugins/com.st.stm32cube.ide.mcu.externaltools.gnu-tools-for-stm32.12.3.rel1.win32_1.0.200.202406191623/tools/bin/../lib/gcc/arm-none-eabi/12.3.1/../../../../arm-none-eabi/lib/thumb/v7e-m+fp/hard\libc_nano.a(libc_a-fflush.o)
                0x08006f24                __sflush_r
 .text._fflush_r
                0x0800702c       0x50 C:/ST/STM32CubeIDE_1.16.1/STM32CubeIDE/plugins/com.st.stm32cube.ide.mcu.externaltools.gnu-tools-for-stm32.12.3.rel1.win32_1.0.200.202406191623/tools/bin/../lib/gcc/arm-none-eabi/12.3.1/../../../../arm-none-eabi/lib/thumb/v7e-m+fp/hard\libc_nano.a(libc_a-fflush.o)
                0x0800702c                _fflush_r
 .text.__swhatbuf_r
                0x0800707c       0x4c C:/ST/STM32CubeIDE_1.16.1/STM32CubeIDE/plugins/com.st.stm32cube.ide.mcu.externaltools.gnu-tools-for-stm32.12.3.rel1.win32_1.0.200.202406191623/tools/bin/../lib/gcc/arm-none-eabi/12.3.1/../../../../arm-none-eabi/lib/thumb/v7e-m+fp/hard\libc_nano.a(libc_a-makebuf.o)
                0x0800707c                __swhatbuf_r
 .text._fstat_r
                0x080070c8       0x24 C:/ST/STM32CubeIDE_1.16.1/STM32CubeIDE/plugins/com.st.stm32cube.ide.mcu.externaltools.gnu-tools-for-stm32.12.3.rel1.win32_1.0.200.202406191623/tools/bin/../lib/gcc/arm-none-eabi/12.3.1/../../../../arm-none-eabi/lib/thumb/v7e-m+fp/hard\libc_nano.a(libc_a-fstatr.o)
                0x080070c8                _fstat_r
 *(.glue_7)
 .glue_7        0x080070ec        0x0 linker stubs
 *(.glue_7t)
 .glue_7t       0x080070ec        0x0 linker stubs
 *(.eh_frame)
 .eh_frame      0x080070ec        0x0 C:/ST/STM32CubeIDE_1.16.1/STM32CubeIDE/plugins/com.st.stm32cube.ide.mcu.externaltools.gnu-tools-for-stm32.12.3.rel1.win32_1.0.200.202406191623/tools/bin/../lib/gcc/arm-none-eabi/12.3.1/thumb/v7e-m+fp/hard/crtbegin.o
 *(.init)
 .init          0x080070ec        0x4 C:/ST/STM32CubeIDE_1.16.1/STM32CubeIDE/plugins/com.st.stm32cube.ide.mcu.externaltools.gnu-tools-for-stm32.12.3.rel1.win32_1.0.200.202406191623/tools/bin/../lib/gcc/arm-none-eabi/12.3.1/thumb/v7e-m+fp/hard/crti.o
                0x080070ec                _init
 .init          0x080070f0        0x8 C:/ST/STM32CubeIDE_1.16.1/STM32CubeIDE/plugins/com.st.stm32cube.ide.mcu.externaltools.gnu-tools-for-stm32.12.3.rel1.win32_1.0.200.202406191623/tools/bin/../lib/gcc/arm-none-eabi/12.3.1/thumb/v7e-m+fp/hard/crtn.o
 *(.fini)
 .fini          0x080070f8        0x4 C:/ST/STM32CubeIDE_1.16.1/STM32CubeIDE/plugins/com.st.stm32cube.ide.mcu.externaltools.gnu-tools-for-stm32.12.3.rel1.win32_1.0.200.202406191623/tools/bin/../lib/gcc/arm-none-eabi/12.3.1/thumb/v7e-m+fp/hard/crti.o
                0x080070f8                _fini
 .fini          0x080070fc        0x8 C:/ST/STM32CubeIDE_1.16.1/STM32CubeIDE/plugins/com.st.stm32cube.ide.mcu.externaltools.gnu-tools-for-stm32.12.3.rel1.win32_1.0.200.202406191623/tools/bin/../lib/gcc/arm-none-eabi/12.3.1/thumb/v7e-m+fp/hard/crtn.o
                0x08007104                        . = ALIGN (0x4)
                0x08007104                        _etext = .

.vfp11_veneer   0x08007104        0x0
 .vfp11_veneer  0x08007104        0x0 linker stubs

.v4_bx          0x08007104        0x0
 .v4_bx         0x08007104        0x0 linker stubs

.iplt           0x08007104        0x0
 .iplt          0x08007104        0x0 C:/ST/STM32CubeIDE_1.16.1/STM32CubeIDE/plugins/com.st.stm32cube.ide.mcu.externaltools.gnu-tools-for-stm32.12.3.rel1.win32_1.0.200.202406191623/tools/bin/../lib/gcc/arm-none-eabi/12.3.1/thumb/v7e-m+fp/hard/crtbegin.o

.rodata         0x08007104    0x1288c
                0x08007104                        . = ALIGN (0x4)
 *(.rodata)
 *(.rodata*)
 .rodata.pInitVectAES
                0x08007104       0x10 ./Core/Src/aes.o
 .rodata.pKeyAES
                0x08007114       0x10 ./Core/Src/aes.o
 .rodata.Full_spectrogram_compute.str1.4
                0x08007124       0x14 ./Core/Src/spectrogram.o
 .rodata.mel_triangles
                0x08007138      0x9b0 ./Core/Src/spectrogram.o
 .rodata.MSIRangeTable
                0x08007ae8       0x30 ./Core/Src/system_stm32l4xx.o
                0x08007ae8                MSIRangeTable
 .rodata.AHBPrescTable
                0x08007b18       0x10 ./Core/Src/system_stm32l4xx.o
                0x08007b18                AHBPrescTable
 .rodata.CSWTCH.108
                0x08007b28       0x10 ./Drivers/STM32L4xx_HAL_Driver/Src/stm32l4xx_hal_adc.o
 .rodata.arm_cfft_sR_q15_len1024
                0x08007b38       0x10 C:\Dev\GIT\LELEC210X_GROUP_E\mcu\reoptimization_main_app\ARM_CMSIS\CMSIS\DSP\Lib\GCC\libarm_cortexM4lf_math.a(arm_const_structs.o)
                0x08007b38                arm_cfft_sR_q15_len1024
 .rodata.arm_cfft_sR_q15_len128
                0x08007b48       0x10 C:\Dev\GIT\LELEC210X_GROUP_E\mcu\reoptimization_main_app\ARM_CMSIS\CMSIS\DSP\Lib\GCC\libarm_cortexM4lf_math.a(arm_const_structs.o)
                0x08007b48                arm_cfft_sR_q15_len128
 .rodata.arm_cfft_sR_q15_len16
                0x08007b58       0x10 C:\Dev\GIT\LELEC210X_GROUP_E\mcu\reoptimization_main_app\ARM_CMSIS\CMSIS\DSP\Lib\GCC\libarm_cortexM4lf_math.a(arm_const_structs.o)
                0x08007b58                arm_cfft_sR_q15_len16
 .rodata.arm_cfft_sR_q15_len2048
                0x08007b68       0x10 C:\Dev\GIT\LELEC210X_GROUP_E\mcu\reoptimization_main_app\ARM_CMSIS\CMSIS\DSP\Lib\GCC\libarm_cortexM4lf_math.a(arm_const_structs.o)
                0x08007b68                arm_cfft_sR_q15_len2048
 .rodata.arm_cfft_sR_q15_len256
                0x08007b78       0x10 C:\Dev\GIT\LELEC210X_GROUP_E\mcu\reoptimization_main_app\ARM_CMSIS\CMSIS\DSP\Lib\GCC\libarm_cortexM4lf_math.a(arm_const_structs.o)
                0x08007b78                arm_cfft_sR_q15_len256
 .rodata.arm_cfft_sR_q15_len32
                0x08007b88       0x10 C:\Dev\GIT\LELEC210X_GROUP_E\mcu\reoptimization_main_app\ARM_CMSIS\CMSIS\DSP\Lib\GCC\libarm_cortexM4lf_math.a(arm_const_structs.o)
                0x08007b88                arm_cfft_sR_q15_len32
 .rodata.arm_cfft_sR_q15_len4096
                0x08007b98       0x10 C:\Dev\GIT\LELEC210X_GROUP_E\mcu\reoptimization_main_app\ARM_CMSIS\CMSIS\DSP\Lib\GCC\libarm_cortexM4lf_math.a(arm_const_structs.o)
                0x08007b98                arm_cfft_sR_q15_len4096
 .rodata.arm_cfft_sR_q15_len512
                0x08007ba8       0x10 C:\Dev\GIT\LELEC210X_GROUP_E\mcu\reoptimization_main_app\ARM_CMSIS\CMSIS\DSP\Lib\GCC\libarm_cortexM4lf_math.a(arm_const_structs.o)
                0x08007ba8                arm_cfft_sR_q15_len512
 .rodata.arm_cfft_sR_q15_len64
                0x08007bb8       0x10 C:\Dev\GIT\LELEC210X_GROUP_E\mcu\reoptimization_main_app\ARM_CMSIS\CMSIS\DSP\Lib\GCC\libarm_cortexM4lf_math.a(arm_const_structs.o)
                0x08007bb8                arm_cfft_sR_q15_len64
 .rodata.armBitRevIndexTable_fixed_1024
                0x08007bc8      0x7c0 C:\Dev\GIT\LELEC210X_GROUP_E\mcu\reoptimization_main_app\ARM_CMSIS\CMSIS\DSP\Lib\GCC\libarm_cortexM4lf_math.a(arm_common_tables.o)
                0x08007bc8                armBitRevIndexTable_fixed_1024
 .rodata.armBitRevIndexTable_fixed_128
                0x08008388       0xe0 C:\Dev\GIT\LELEC210X_GROUP_E\mcu\reoptimization_main_app\ARM_CMSIS\CMSIS\DSP\Lib\GCC\libarm_cortexM4lf_math.a(arm_common_tables.o)
                0x08008388                armBitRevIndexTable_fixed_128
 .rodata.armBitRevIndexTable_fixed_16
                0x08008468       0x18 C:\Dev\GIT\LELEC210X_GROUP_E\mcu\reoptimization_main_app\ARM_CMSIS\CMSIS\DSP\Lib\GCC\libarm_cortexM4lf_math.a(arm_common_tables.o)
                0x08008468                armBitRevIndexTable_fixed_16
 .rodata.armBitRevIndexTable_fixed_2048
                0x08008480      0xf80 C:\Dev\GIT\LELEC210X_GROUP_E\mcu\reoptimization_main_app\ARM_CMSIS\CMSIS\DSP\Lib\GCC\libarm_cortexM4lf_math.a(arm_common_tables.o)
                0x08008480                armBitRevIndexTable_fixed_2048
 .rodata.armBitRevIndexTable_fixed_256
                0x08009400      0x1e0 C:\Dev\GIT\LELEC210X_GROUP_E\mcu\reoptimization_main_app\ARM_CMSIS\CMSIS\DSP\Lib\GCC\libarm_cortexM4lf_math.a(arm_common_tables.o)
                0x08009400                armBitRevIndexTable_fixed_256
 .rodata.armBitRevIndexTable_fixed_32
                0x080095e0       0x30 C:\Dev\GIT\LELEC210X_GROUP_E\mcu\reoptimization_main_app\ARM_CMSIS\CMSIS\DSP\Lib\GCC\libarm_cortexM4lf_math.a(arm_common_tables.o)
                0x080095e0                armBitRevIndexTable_fixed_32
 .rodata.armBitRevIndexTable_fixed_4096
                0x08009610     0x1f80 C:\Dev\GIT\LELEC210X_GROUP_E\mcu\reoptimization_main_app\ARM_CMSIS\CMSIS\DSP\Lib\GCC\libarm_cortexM4lf_math.a(arm_common_tables.o)
                0x08009610                armBitRevIndexTable_fixed_4096
 .rodata.armBitRevIndexTable_fixed_512
                0x0800b590      0x3c0 C:\Dev\GIT\LELEC210X_GROUP_E\mcu\reoptimization_main_app\ARM_CMSIS\CMSIS\DSP\Lib\GCC\libarm_cortexM4lf_math.a(arm_common_tables.o)
                0x0800b590                armBitRevIndexTable_fixed_512
 .rodata.armBitRevIndexTable_fixed_64
                0x0800b950       0x70 C:\Dev\GIT\LELEC210X_GROUP_E\mcu\reoptimization_main_app\ARM_CMSIS\CMSIS\DSP\Lib\GCC\libarm_cortexM4lf_math.a(arm_common_tables.o)
                0x0800b950                armBitRevIndexTable_fixed_64
 .rodata.realCoefAQ15
                0x0800b9c0     0x4000 C:\Dev\GIT\LELEC210X_GROUP_E\mcu\reoptimization_main_app\ARM_CMSIS\CMSIS\DSP\Lib\GCC\libarm_cortexM4lf_math.a(arm_common_tables.o)
                0x0800b9c0                realCoefAQ15
 .rodata.realCoefBQ15
                0x0800f9c0     0x4000 C:\Dev\GIT\LELEC210X_GROUP_E\mcu\reoptimization_main_app\ARM_CMSIS\CMSIS\DSP\Lib\GCC\libarm_cortexM4lf_math.a(arm_common_tables.o)
                0x0800f9c0                realCoefBQ15
 .rodata.twiddleCoef_1024_q15
                0x080139c0      0xc00 C:\Dev\GIT\LELEC210X_GROUP_E\mcu\reoptimization_main_app\ARM_CMSIS\CMSIS\DSP\Lib\GCC\libarm_cortexM4lf_math.a(arm_common_tables.o)
                0x080139c0                twiddleCoef_1024_q15
 .rodata.twiddleCoef_128_q15
                0x080145c0      0x180 C:\Dev\GIT\LELEC210X_GROUP_E\mcu\reoptimization_main_app\ARM_CMSIS\CMSIS\DSP\Lib\GCC\libarm_cortexM4lf_math.a(arm_common_tables.o)
                0x080145c0                twiddleCoef_128_q15
 .rodata.twiddleCoef_16_q15
                0x08014740       0x30 C:\Dev\GIT\LELEC210X_GROUP_E\mcu\reoptimization_main_app\ARM_CMSIS\CMSIS\DSP\Lib\GCC\libarm_cortexM4lf_math.a(arm_common_tables.o)
                0x08014740                twiddleCoef_16_q15
 .rodata.twiddleCoef_2048_q15
                0x08014770     0x1800 C:\Dev\GIT\LELEC210X_GROUP_E\mcu\reoptimization_main_app\ARM_CMSIS\CMSIS\DSP\Lib\GCC\libarm_cortexM4lf_math.a(arm_common_tables.o)
                0x08014770                twiddleCoef_2048_q15
 .rodata.twiddleCoef_256_q15
                0x08015f70      0x300 C:\Dev\GIT\LELEC210X_GROUP_E\mcu\reoptimization_main_app\ARM_CMSIS\CMSIS\DSP\Lib\GCC\libarm_cortexM4lf_math.a(arm_common_tables.o)
                0x08015f70                twiddleCoef_256_q15
 .rodata.twiddleCoef_32_q15
                0x08016270       0x60 C:\Dev\GIT\LELEC210X_GROUP_E\mcu\reoptimization_main_app\ARM_CMSIS\CMSIS\DSP\Lib\GCC\libarm_cortexM4lf_math.a(arm_common_tables.o)
                0x08016270                twiddleCoef_32_q15
 .rodata.twiddleCoef_4096_q15
                0x080162d0     0x3000 C:\Dev\GIT\LELEC210X_GROUP_E\mcu\reoptimization_main_app\ARM_CMSIS\CMSIS\DSP\Lib\GCC\libarm_cortexM4lf_math.a(arm_common_tables.o)
                0x080162d0                twiddleCoef_4096_q15
 .rodata.twiddleCoef_512_q15
                0x080192d0      0x600 C:\Dev\GIT\LELEC210X_GROUP_E\mcu\reoptimization_main_app\ARM_CMSIS\CMSIS\DSP\Lib\GCC\libarm_cortexM4lf_math.a(arm_common_tables.o)
                0x080192d0                twiddleCoef_512_q15
 .rodata.twiddleCoef_64_q15
                0x080198d0       0xc0 C:\Dev\GIT\LELEC210X_GROUP_E\mcu\reoptimization_main_app\ARM_CMSIS\CMSIS\DSP\Lib\GCC\libarm_cortexM4lf_math.a(arm_common_tables.o)
                0x080198d0                twiddleCoef_64_q15
                0x08019990                        . = ALIGN (0x4)

.ARM.extab      0x08019990        0x0
                0x08019990                        . = ALIGN (0x4)
 *(.ARM.extab* .gnu.linkonce.armextab.*)
                0x08019990                        . = ALIGN (0x4)

.ARM            0x08019990        0x8
                0x08019990                        . = ALIGN (0x4)
                0x08019990                        __exidx_start = .
 *(.ARM.exidx*)
 .ARM.exidx     0x08019990        0x8 C:/ST/STM32CubeIDE_1.16.1/STM32CubeIDE/plugins/com.st.stm32cube.ide.mcu.externaltools.gnu-tools-for-stm32.12.3.rel1.win32_1.0.200.202406191623/tools/bin/../lib/gcc/arm-none-eabi/12.3.1/thumb/v7e-m+fp/hard\libgcc.a(_udivmoddi4.o)
                0x08019998                        __exidx_end = .
                0x08019998                        . = ALIGN (0x4)

.preinit_array  0x08019998        0x0
                0x08019998                        . = ALIGN (0x4)
                0x08019998                        PROVIDE (__preinit_array_start = .)
 *(.preinit_array*)
                0x08019998                        PROVIDE (__preinit_array_end = .)
                0x08019998                        . = ALIGN (0x4)

.init_array     0x08019998        0x4
                0x08019998                        . = ALIGN (0x4)
                0x08019998                        PROVIDE (__init_array_start = .)
 *(SORT_BY_NAME(.init_array.*))
 *(.init_array*)
 .init_array    0x08019998        0x4 C:/ST/STM32CubeIDE_1.16.1/STM32CubeIDE/plugins/com.st.stm32cube.ide.mcu.externaltools.gnu-tools-for-stm32.12.3.rel1.win32_1.0.200.202406191623/tools/bin/../lib/gcc/arm-none-eabi/12.3.1/thumb/v7e-m+fp/hard/crtbegin.o
                0x0801999c                        PROVIDE (__init_array_end = .)
                0x0801999c                        . = ALIGN (0x4)

.fini_array     0x0801999c        0x4
                0x0801999c                        . = ALIGN (0x4)
                [!provide]                        PROVIDE (__fini_array_start = .)
 *(SORT_BY_NAME(.fini_array.*))
 *(.fini_array*)
 .fini_array    0x0801999c        0x4 C:/ST/STM32CubeIDE_1.16.1/STM32CubeIDE/plugins/com.st.stm32cube.ide.mcu.externaltools.gnu-tools-for-stm32.12.3.rel1.win32_1.0.200.202406191623/tools/bin/../lib/gcc/arm-none-eabi/12.3.1/thumb/v7e-m+fp/hard/crtbegin.o
                [!provide]                        PROVIDE (__fini_array_end = .)
                0x080199a0                        . = ALIGN (0x4)
                0x080199a0                        _sidata = LOADADDR (.data)

.rel.dyn        0x080199a0        0x0
 .rel.iplt      0x080199a0        0x0 C:/ST/STM32CubeIDE_1.16.1/STM32CubeIDE/plugins/com.st.stm32cube.ide.mcu.externaltools.gnu-tools-for-stm32.12.3.rel1.win32_1.0.200.202406191623/tools/bin/../lib/gcc/arm-none-eabi/12.3.1/thumb/v7e-m+fp/hard/crtbegin.o

.data           0x20000000      0x468 load address 0x080199a0
                0x20000000                        . = ALIGN (0x4)
                0x20000000                        _sdata = .
 *(.data)
 *(.data*)
 .data.hamming_window
                0x20000000      0x400 ./Core/Src/spectrogram.o
                0x20000000                hamming_window
 .data.SystemCoreClock
                0x20000400        0x4 ./Core/Src/system_stm32l4xx.o
                0x20000400                SystemCoreClock
 .data.uwTickFreq
                0x20000404        0x1 ./Drivers/STM32L4xx_HAL_Driver/Src/stm32l4xx_hal.o
                0x20000404                uwTickFreq
 *fill*         0x20000405        0x3 
 .data.uwTickPrio
                0x20000408        0x4 ./Drivers/STM32L4xx_HAL_Driver/Src/stm32l4xx_hal.o
                0x20000408                uwTickPrio
 .data.__sglue  0x2000040c        0xc C:/ST/STM32CubeIDE_1.16.1/STM32CubeIDE/plugins/com.st.stm32cube.ide.mcu.externaltools.gnu-tools-for-stm32.12.3.rel1.win32_1.0.200.202406191623/tools/bin/../lib/gcc/arm-none-eabi/12.3.1/../../../../arm-none-eabi/lib/thumb/v7e-m+fp/hard\libc_nano.a(libc_a-findfp.o)
                0x2000040c                __sglue
 .data._impure_ptr
                0x20000418        0x4 C:/ST/STM32CubeIDE_1.16.1/STM32CubeIDE/plugins/com.st.stm32cube.ide.mcu.externaltools.gnu-tools-for-stm32.12.3.rel1.win32_1.0.200.202406191623/tools/bin/../lib/gcc/arm-none-eabi/12.3.1/../../../../arm-none-eabi/lib/thumb/v7e-m+fp/hard\libc_nano.a(libc_a-impure.o)
                0x20000418                _impure_ptr
 .data._impure_data
                0x2000041c       0x4c C:/ST/STM32CubeIDE_1.16.1/STM32CubeIDE/plugins/com.st.stm32cube.ide.mcu.externaltools.gnu-tools-for-stm32.12.3.rel1.win32_1.0.200.202406191623/tools/bin/../lib/gcc/arm-none-eabi/12.3.1/../../../../arm-none-eabi/lib/thumb/v7e-m+fp/hard\libc_nano.a(libc_a-impure.o)
                0x2000041c                _impure_data
 *(.RamFunc)
 *(.RamFunc*)
                0x20000468                        . = ALIGN (0x4)
                0x20000468                        _edata = .

.igot.plt       0x20000468        0x0 load address 0x08019e08
 .igot.plt      0x20000468        0x0 C:/ST/STM32CubeIDE_1.16.1/STM32CubeIDE/plugins/com.st.stm32cube.ide.mcu.externaltools.gnu-tools-for-stm32.12.3.rel1.win32_1.0.200.202406191623/tools/bin/../lib/gcc/arm-none-eabi/12.3.1/thumb/v7e-m+fp/hard/crtbegin.o
                0x20000468                        . = ALIGN (0x4)

.bss            0x20000468     0xf700 load address 0x08019e08
                0x20000468                        _sbss = .
                0x20000468                        __bss_start__ = _sbss
 *(.bss)
 .bss           0x20000468       0x1c C:/ST/STM32CubeIDE_1.16.1/STM32CubeIDE/plugins/com.st.stm32cube.ide.mcu.externaltools.gnu-tools-for-stm32.12.3.rel1.win32_1.0.200.202406191623/tools/bin/../lib/gcc/arm-none-eabi/12.3.1/thumb/v7e-m+fp/hard/crtbegin.o
 *(.bss*)
 .bss.hdma_adc1
                0x20000484       0x48 ./Core/Src/adc.o
                0x20000484                hdma_adc1
 .bss.hadc1     0x200004cc       0x68 ./Core/Src/adc.o
                0x200004cc                hadc1
 .bss.packet_cnt
                0x20000534        0x4 ./Core/Src/adc_dblbuf.o
 .bss.mel_vectors
                0x20000538      0x320 ./Core/Src/adc_dblbuf.o
 .bss.ADCProcessBuf
                0x20000858     0x5000 ./Core/Src/adc_dblbuf.o
 .bss.ADCDataRdy
                0x20005858        0x2 ./Core/Src/adc_dblbuf.o
 *fill*         0x2000585a        0x2 
 .bss.ADCDoubleBuf
                0x2000585c     0xa000 ./Core/Src/adc_dblbuf.o
 *fill*         0x2000f85c        0x4 
 .bss.hcryp     0x2000f860       0x60 ./Core/Src/aes.o
                0x2000f860                hcryp
 .bss.btn_press
                0x2000f8c0        0x1 ./Core/Src/main.o
                0x2000f8c0                btn_press
 *fill*         0x2000f8c1        0x3 
 .bss.tmp_out.0
                0x2000f8c4        0x4 ./Core/Src/packet.o
 .bss.gHuart    0x2000f8c8        0x4 ./Core/Src/retarget.o
                0x2000f8c8                gHuart
 .bss.packet_sent
                0x2000f8cc        0x1 ./Core/Src/s2lp.o
                0x2000f8cc                packet_sent
 .bss.fifo_almost_empty
                0x2000f8cd        0x1 ./Core/Src/s2lp.o
                0x2000f8cd                fifo_almost_empty
 .bss.underflow
                0x2000f8ce        0x1 ./Core/Src/s2lp.o
                0x2000f8ce                underflow
 *fill*         0x2000f8cf        0x1 
 .bss.gSPI      0x2000f8d0        0x4 ./Core/Src/s2lp.o
                0x2000f8d0                gSPI
 *fill*         0x2000f8d4        0x4 
 .bss.hspi1     0x2000f8d8       0x64 ./Core/Src/spi.o
                0x2000f8d8                hspi1
 .bss.__sbrk_heap_end
                0x2000f93c        0x4 ./Core/Src/sysmem.o
 .bss.htim3     0x2000f940       0x4c ./Core/Src/tim.o
                0x2000f940                htim3
 *fill*         0x2000f98c        0x4 
 .bss.hlpuart1  0x2000f990       0x88 ./Core/Src/usart.o
                0x2000f990                hlpuart1
 .bss.uwTick    0x2000fa18        0x4 ./Drivers/STM32L4xx_HAL_Driver/Src/stm32l4xx_hal.o
                0x2000fa18                uwTick
 .bss.__malloc_sbrk_start
                0x2000fa1c        0x4 C:/ST/STM32CubeIDE_1.16.1/STM32CubeIDE/plugins/com.st.stm32cube.ide.mcu.externaltools.gnu-tools-for-stm32.12.3.rel1.win32_1.0.200.202406191623/tools/bin/../lib/gcc/arm-none-eabi/12.3.1/../../../../arm-none-eabi/lib/thumb/v7e-m+fp/hard\libc_nano.a(libc_a-mallocr.o)
                0x2000fa1c                __malloc_sbrk_start
 .bss.__malloc_free_list
                0x2000fa20        0x4 C:/ST/STM32CubeIDE_1.16.1/STM32CubeIDE/plugins/com.st.stm32cube.ide.mcu.externaltools.gnu-tools-for-stm32.12.3.rel1.win32_1.0.200.202406191623/tools/bin/../lib/gcc/arm-none-eabi/12.3.1/../../../../arm-none-eabi/lib/thumb/v7e-m+fp/hard\libc_nano.a(libc_a-mallocr.o)
                0x2000fa20                __malloc_free_list
 .bss.__sf      0x2000fa24      0x138 C:/ST/STM32CubeIDE_1.16.1/STM32CubeIDE/plugins/com.st.stm32cube.ide.mcu.externaltools.gnu-tools-for-stm32.12.3.rel1.win32_1.0.200.202406191623/tools/bin/../lib/gcc/arm-none-eabi/12.3.1/../../../../arm-none-eabi/lib/thumb/v7e-m+fp/hard\libc_nano.a(libc_a-findfp.o)
                0x2000fa24                __sf
 .bss.__stdio_exit_handler
                0x2000fb5c        0x4 C:/ST/STM32CubeIDE_1.16.1/STM32CubeIDE/plugins/com.st.stm32cube.ide.mcu.externaltools.gnu-tools-for-stm32.12.3.rel1.win32_1.0.200.202406191623/tools/bin/../lib/gcc/arm-none-eabi/12.3.1/../../../../arm-none-eabi/lib/thumb/v7e-m+fp/hard\libc_nano.a(libc_a-findfp.o)
                0x2000fb5c                __stdio_exit_handler
 .bss.errno     0x2000fb60        0x4 C:/ST/STM32CubeIDE_1.16.1/STM32CubeIDE/plugins/com.st.stm32cube.ide.mcu.externaltools.gnu-tools-for-stm32.12.3.rel1.win32_1.0.200.202406191623/tools/bin/../lib/gcc/arm-none-eabi/12.3.1/../../../../arm-none-eabi/lib/thumb/v7e-m+fp/hard\libc_nano.a(libc_a-reent.o)
                0x2000fb60                errno
 .bss.__lock___malloc_recursive_mutex
                0x2000fb64        0x1 C:/ST/STM32CubeIDE_1.16.1/STM32CubeIDE/plugins/com.st.stm32cube.ide.mcu.externaltools.gnu-tools-for-stm32.12.3.rel1.win32_1.0.200.202406191623/tools/bin/../lib/gcc/arm-none-eabi/12.3.1/../../../../arm-none-eabi/lib/thumb/v7e-m+fp/hard\libc_nano.a(libc_a-lock.o)
                0x2000fb64                __lock___malloc_recursive_mutex
 .bss.__lock___sfp_recursive_mutex
                0x2000fb65        0x1 C:/ST/STM32CubeIDE_1.16.1/STM32CubeIDE/plugins/com.st.stm32cube.ide.mcu.externaltools.gnu-tools-for-stm32.12.3.rel1.win32_1.0.200.202406191623/tools/bin/../lib/gcc/arm-none-eabi/12.3.1/../../../../arm-none-eabi/lib/thumb/v7e-m+fp/hard\libc_nano.a(libc_a-lock.o)
                0x2000fb65                __lock___sfp_recursive_mutex
 *(COMMON)
                0x2000fb68                        . = ALIGN (0x4)
 *fill*         0x2000fb66        0x2 
                0x2000fb68                        _ebss = .
                0x2000fb68                        __bss_end__ = _ebss

._user_heap_stack
                0x2000fb68      0x600 load address 0x08019e08
                0x2000fb68                        . = ALIGN (0x8)
                [!provide]                        PROVIDE (end = .)
                0x2000fb68                        PROVIDE (_end = .)
                0x2000fd68                        . = (. + _Min_Heap_Size)
 *fill*         0x2000fb68      0x200 
                0x20010168                        . = (. + _Min_Stack_Size)
 *fill*         0x2000fd68      0x400 
                0x20010168                        . = ALIGN (0x8)

/DISCARD/
 libc.a(*)
 libm.a(*)
 libgcc.a(*)

.ARM.attributes
                0x00000000       0x30
 *(.ARM.attributes)
 .ARM.attributes
                0x00000000       0x22 C:/ST/STM32CubeIDE_1.16.1/STM32CubeIDE/plugins/com.st.stm32cube.ide.mcu.externaltools.gnu-tools-for-stm32.12.3.rel1.win32_1.0.200.202406191623/tools/bin/../lib/gcc/arm-none-eabi/12.3.1/thumb/v7e-m+fp/hard/crti.o
 .ARM.attributes
                0x00000022       0x34 C:/ST/STM32CubeIDE_1.16.1/STM32CubeIDE/plugins/com.st.stm32cube.ide.mcu.externaltools.gnu-tools-for-stm32.12.3.rel1.win32_1.0.200.202406191623/tools/bin/../lib/gcc/arm-none-eabi/12.3.1/thumb/v7e-m+fp/hard/crtbegin.o
 .ARM.attributes
                0x00000056       0x34 ./Core/Src/adc.o
 .ARM.attributes
                0x0000008a       0x34 ./Core/Src/adc_dblbuf.o
 .ARM.attributes
                0x000000be       0x34 ./Core/Src/aes.o
 .ARM.attributes
                0x000000f2       0x34 ./Core/Src/dma.o
 .ARM.attributes
                0x00000126       0x34 ./Core/Src/gpio.o
 .ARM.attributes
                0x0000015a       0x34 ./Core/Src/main.o
 .ARM.attributes
                0x0000018e       0x34 ./Core/Src/packet.o
 .ARM.attributes
                0x000001c2       0x34 ./Core/Src/retarget.o
 .ARM.attributes
                0x000001f6       0x34 ./Core/Src/s2lp.o
 .ARM.attributes
                0x0000022a       0x34 ./Core/Src/spectrogram.o
 .ARM.attributes
                0x0000025e       0x34 ./Core/Src/spi.o
 .ARM.attributes
                0x00000292       0x34 ./Core/Src/stm32l4xx_hal_msp.o
 .ARM.attributes
                0x000002c6       0x34 ./Core/Src/stm32l4xx_it.o
 .ARM.attributes
                0x000002fa       0x34 ./Core/Src/sysmem.o
 .ARM.attributes
                0x0000032e       0x34 ./Core/Src/system_stm32l4xx.o
 .ARM.attributes
                0x00000362       0x34 ./Core/Src/tim.o
 .ARM.attributes
                0x00000396       0x34 ./Core/Src/usart.o
 .ARM.attributes
                0x000003ca       0x34 ./Core/Src/utils.o
 .ARM.attributes
                0x000003fe       0x21 ./Core/Startup/startup_stm32l4a6zgtx.o
 .ARM.attributes
                0x0000041f       0x34 ./Drivers/STM32L4xx_HAL_Driver/Src/stm32l4xx_hal.o
 .ARM.attributes
                0x00000453       0x34 ./Drivers/STM32L4xx_HAL_Driver/Src/stm32l4xx_hal_adc.o
 .ARM.attributes
                0x00000487       0x34 ./Drivers/STM32L4xx_HAL_Driver/Src/stm32l4xx_hal_adc_ex.o
 .ARM.attributes
                0x000004bb       0x34 ./Drivers/STM32L4xx_HAL_Driver/Src/stm32l4xx_hal_cortex.o
 .ARM.attributes
                0x000004ef       0x34 ./Drivers/STM32L4xx_HAL_Driver/Src/stm32l4xx_hal_cryp.o
 .ARM.attributes
                0x00000523       0x34 ./Drivers/STM32L4xx_HAL_Driver/Src/stm32l4xx_hal_cryp_ex.o
 .ARM.attributes
                0x00000557       0x34 ./Drivers/STM32L4xx_HAL_Driver/Src/stm32l4xx_hal_dma.o
 .ARM.attributes
                0x0000058b       0x34 ./Drivers/STM32L4xx_HAL_Driver/Src/stm32l4xx_hal_gpio.o
 .ARM.attributes
                0x000005bf       0x34 ./Drivers/STM32L4xx_HAL_Driver/Src/stm32l4xx_hal_pwr.o
 .ARM.attributes
                0x000005f3       0x34 ./Drivers/STM32L4xx_HAL_Driver/Src/stm32l4xx_hal_pwr_ex.o
 .ARM.attributes
                0x00000627       0x34 ./Drivers/STM32L4xx_HAL_Driver/Src/stm32l4xx_hal_rcc.o
 .ARM.attributes
                0x0000065b       0x34 ./Drivers/STM32L4xx_HAL_Driver/Src/stm32l4xx_hal_rcc_ex.o
 .ARM.attributes
                0x0000068f       0x34 ./Drivers/STM32L4xx_HAL_Driver/Src/stm32l4xx_hal_spi.o
 .ARM.attributes
                0x000006c3       0x34 ./Drivers/STM32L4xx_HAL_Driver/Src/stm32l4xx_hal_tim.o
 .ARM.attributes
                0x000006f7       0x34 ./Drivers/STM32L4xx_HAL_Driver/Src/stm32l4xx_hal_tim_ex.o
 .ARM.attributes
                0x0000072b       0x34 ./Drivers/STM32L4xx_HAL_Driver/Src/stm32l4xx_hal_uart.o
 .ARM.attributes
                0x0000075f       0x34 C:\Dev\GIT\LELEC210X_GROUP_E\mcu\reoptimization_main_app\ARM_CMSIS\CMSIS\DSP\Lib\GCC\libarm_cortexM4lf_math.a(arm_rfft_q15.o)
 .ARM.attributes
                0x00000793       0x34 C:\Dev\GIT\LELEC210X_GROUP_E\mcu\reoptimization_main_app\ARM_CMSIS\CMSIS\DSP\Lib\GCC\libarm_cortexM4lf_math.a(arm_rfft_init_q15.o)
 .ARM.attributes
                0x000007c7       0x34 C:\Dev\GIT\LELEC210X_GROUP_E\mcu\reoptimization_main_app\ARM_CMSIS\CMSIS\DSP\Lib\GCC\libarm_cortexM4lf_math.a(arm_mult_q15.o)
 .ARM.attributes
                0x000007fb       0x34 C:\Dev\GIT\LELEC210X_GROUP_E\mcu\reoptimization_main_app\ARM_CMSIS\CMSIS\DSP\Lib\GCC\libarm_cortexM4lf_math.a(arm_dot_prod_q15.o)
 .ARM.attributes
                0x0000082f       0x39 C:\Dev\GIT\LELEC210X_GROUP_E\mcu\reoptimization_main_app\ARM_CMSIS\CMSIS\DSP\Lib\GCC\libarm_cortexM4lf_math.a(arm_const_structs.o)
 .ARM.attributes
                0x00000868       0x39 C:\Dev\GIT\LELEC210X_GROUP_E\mcu\reoptimization_main_app\ARM_CMSIS\CMSIS\DSP\Lib\GCC\libarm_cortexM4lf_math.a(arm_common_tables.o)
 .ARM.attributes
                0x000008a1       0x34 C:\Dev\GIT\LELEC210X_GROUP_E\mcu\reoptimization_main_app\ARM_CMSIS\CMSIS\DSP\Lib\GCC\libarm_cortexM4lf_math.a(arm_cfft_q15.o)
 .ARM.attributes
                0x000008d5       0x34 C:\Dev\GIT\LELEC210X_GROUP_E\mcu\reoptimization_main_app\ARM_CMSIS\CMSIS\DSP\Lib\GCC\libarm_cortexM4lf_math.a(arm_cfft_radix4_q15.o)
 .ARM.attributes
                0x00000909       0x34 C:\Dev\GIT\LELEC210X_GROUP_E\mcu\reoptimization_main_app\ARM_CMSIS\CMSIS\DSP\Lib\GCC\libarm_cortexM4lf_math.a(arm_bitreversal2.o)
 .ARM.attributes
                0x0000093d       0x34 C:/ST/STM32CubeIDE_1.16.1/STM32CubeIDE/plugins/com.st.stm32cube.ide.mcu.externaltools.gnu-tools-for-stm32.12.3.rel1.win32_1.0.200.202406191623/tools/bin/../lib/gcc/arm-none-eabi/12.3.1/../../../../arm-none-eabi/lib/thumb/v7e-m+fp/hard\libc_nano.a(libc_a-malloc.o)
 .ARM.attributes
                0x00000971       0x34 C:/ST/STM32CubeIDE_1.16.1/STM32CubeIDE/plugins/com.st.stm32cube.ide.mcu.externaltools.gnu-tools-for-stm32.12.3.rel1.win32_1.0.200.202406191623/tools/bin/../lib/gcc/arm-none-eabi/12.3.1/../../../../arm-none-eabi/lib/thumb/v7e-m+fp/hard\libc_nano.a(libc_a-mallocr.o)
 .ARM.attributes
                0x000009a5       0x34 C:/ST/STM32CubeIDE_1.16.1/STM32CubeIDE/plugins/com.st.stm32cube.ide.mcu.externaltools.gnu-tools-for-stm32.12.3.rel1.win32_1.0.200.202406191623/tools/bin/../lib/gcc/arm-none-eabi/12.3.1/../../../../arm-none-eabi/lib/thumb/v7e-m+fp/hard\libc_nano.a(libc_a-mlock.o)
 .ARM.attributes
                0x000009d9       0x34 C:/ST/STM32CubeIDE_1.16.1/STM32CubeIDE/plugins/com.st.stm32cube.ide.mcu.externaltools.gnu-tools-for-stm32.12.3.rel1.win32_1.0.200.202406191623/tools/bin/../lib/gcc/arm-none-eabi/12.3.1/../../../../arm-none-eabi/lib/thumb/v7e-m+fp/hard\libc_nano.a(libc_a-findfp.o)
 .ARM.attributes
                0x00000a0d       0x34 C:/ST/STM32CubeIDE_1.16.1/STM32CubeIDE/plugins/com.st.stm32cube.ide.mcu.externaltools.gnu-tools-for-stm32.12.3.rel1.win32_1.0.200.202406191623/tools/bin/../lib/gcc/arm-none-eabi/12.3.1/../../../../arm-none-eabi/lib/thumb/v7e-m+fp/hard\libc_nano.a(libc_a-fwalk.o)
 .ARM.attributes
                0x00000a41       0x34 C:/ST/STM32CubeIDE_1.16.1/STM32CubeIDE/plugins/com.st.stm32cube.ide.mcu.externaltools.gnu-tools-for-stm32.12.3.rel1.win32_1.0.200.202406191623/tools/bin/../lib/gcc/arm-none-eabi/12.3.1/../../../../arm-none-eabi/lib/thumb/v7e-m+fp/hard\libc_nano.a(libc_a-setvbuf.o)
 .ARM.attributes
                0x00000a75       0x34 C:/ST/STM32CubeIDE_1.16.1/STM32CubeIDE/plugins/com.st.stm32cube.ide.mcu.externaltools.gnu-tools-for-stm32.12.3.rel1.win32_1.0.200.202406191623/tools/bin/../lib/gcc/arm-none-eabi/12.3.1/../../../../arm-none-eabi/lib/thumb/v7e-m+fp/hard\libc_nano.a(libc_a-stdio.o)
 .ARM.attributes
                0x00000aa9       0x34 C:/ST/STM32CubeIDE_1.16.1/STM32CubeIDE/plugins/com.st.stm32cube.ide.mcu.externaltools.gnu-tools-for-stm32.12.3.rel1.win32_1.0.200.202406191623/tools/bin/../lib/gcc/arm-none-eabi/12.3.1/../../../../arm-none-eabi/lib/thumb/v7e-m+fp/hard\libc_nano.a(libc_a-memset.o)
 .ARM.attributes
                0x00000add       0x34 C:/ST/STM32CubeIDE_1.16.1/STM32CubeIDE/plugins/com.st.stm32cube.ide.mcu.externaltools.gnu-tools-for-stm32.12.3.rel1.win32_1.0.200.202406191623/tools/bin/../lib/gcc/arm-none-eabi/12.3.1/../../../../arm-none-eabi/lib/thumb/v7e-m+fp/hard\libc_nano.a(libc_a-closer.o)
 .ARM.attributes
                0x00000b11       0x34 C:/ST/STM32CubeIDE_1.16.1/STM32CubeIDE/plugins/com.st.stm32cube.ide.mcu.externaltools.gnu-tools-for-stm32.12.3.rel1.win32_1.0.200.202406191623/tools/bin/../lib/gcc/arm-none-eabi/12.3.1/../../../../arm-none-eabi/lib/thumb/v7e-m+fp/hard\libc_nano.a(libc_a-reent.o)
 .ARM.attributes
                0x00000b45       0x34 C:/ST/STM32CubeIDE_1.16.1/STM32CubeIDE/plugins/com.st.stm32cube.ide.mcu.externaltools.gnu-tools-for-stm32.12.3.rel1.win32_1.0.200.202406191623/tools/bin/../lib/gcc/arm-none-eabi/12.3.1/../../../../arm-none-eabi/lib/thumb/v7e-m+fp/hard\libc_nano.a(libc_a-impure.o)
 .ARM.attributes
                0x00000b79       0x34 C:/ST/STM32CubeIDE_1.16.1/STM32CubeIDE/plugins/com.st.stm32cube.ide.mcu.externaltools.gnu-tools-for-stm32.12.3.rel1.win32_1.0.200.202406191623/tools/bin/../lib/gcc/arm-none-eabi/12.3.1/../../../../arm-none-eabi/lib/thumb/v7e-m+fp/hard\libc_nano.a(libc_a-lseekr.o)
 .ARM.attributes
                0x00000bad       0x34 C:/ST/STM32CubeIDE_1.16.1/STM32CubeIDE/plugins/com.st.stm32cube.ide.mcu.externaltools.gnu-tools-for-stm32.12.3.rel1.win32_1.0.200.202406191623/tools/bin/../lib/gcc/arm-none-eabi/12.3.1/../../../../arm-none-eabi/lib/thumb/v7e-m+fp/hard\libc_nano.a(libc_a-readr.o)
 .ARM.attributes
                0x00000be1       0x34 C:/ST/STM32CubeIDE_1.16.1/STM32CubeIDE/plugins/com.st.stm32cube.ide.mcu.externaltools.gnu-tools-for-stm32.12.3.rel1.win32_1.0.200.202406191623/tools/bin/../lib/gcc/arm-none-eabi/12.3.1/../../../../arm-none-eabi/lib/thumb/v7e-m+fp/hard\libc_nano.a(libc_a-sbrkr.o)
 .ARM.attributes
                0x00000c15       0x34 C:/ST/STM32CubeIDE_1.16.1/STM32CubeIDE/plugins/com.st.stm32cube.ide.mcu.externaltools.gnu-tools-for-stm32.12.3.rel1.win32_1.0.200.202406191623/tools/bin/../lib/gcc/arm-none-eabi/12.3.1/../../../../arm-none-eabi/lib/thumb/v7e-m+fp/hard\libc_nano.a(libc_a-writer.o)
 .ARM.attributes
                0x00000c49       0x34 C:/ST/STM32CubeIDE_1.16.1/STM32CubeIDE/plugins/com.st.stm32cube.ide.mcu.externaltools.gnu-tools-for-stm32.12.3.rel1.win32_1.0.200.202406191623/tools/bin/../lib/gcc/arm-none-eabi/12.3.1/../../../../arm-none-eabi/lib/thumb/v7e-m+fp/hard\libc_nano.a(libc_a-errno.o)
 .ARM.attributes
                0x00000c7d       0x34 C:/ST/STM32CubeIDE_1.16.1/STM32CubeIDE/plugins/com.st.stm32cube.ide.mcu.externaltools.gnu-tools-for-stm32.12.3.rel1.win32_1.0.200.202406191623/tools/bin/../lib/gcc/arm-none-eabi/12.3.1/../../../../arm-none-eabi/lib/thumb/v7e-m+fp/hard\libc_nano.a(libc_a-init.o)
 .ARM.attributes
                0x00000cb1       0x34 C:/ST/STM32CubeIDE_1.16.1/STM32CubeIDE/plugins/com.st.stm32cube.ide.mcu.externaltools.gnu-tools-for-stm32.12.3.rel1.win32_1.0.200.202406191623/tools/bin/../lib/gcc/arm-none-eabi/12.3.1/../../../../arm-none-eabi/lib/thumb/v7e-m+fp/hard\libc_nano.a(libc_a-lock.o)
 .ARM.attributes
                0x00000ce5       0x34 C:/ST/STM32CubeIDE_1.16.1/STM32CubeIDE/plugins/com.st.stm32cube.ide.mcu.externaltools.gnu-tools-for-stm32.12.3.rel1.win32_1.0.200.202406191623/tools/bin/../lib/gcc/arm-none-eabi/12.3.1/../../../../arm-none-eabi/lib/thumb/v7e-m+fp/hard\libc_nano.a(libc_a-memcpy-stub.o)
 .ARM.attributes
                0x00000d19       0x34 C:/ST/STM32CubeIDE_1.16.1/STM32CubeIDE/plugins/com.st.stm32cube.ide.mcu.externaltools.gnu-tools-for-stm32.12.3.rel1.win32_1.0.200.202406191623/tools/bin/../lib/gcc/arm-none-eabi/12.3.1/../../../../arm-none-eabi/lib/thumb/v7e-m+fp/hard\libc_nano.a(libc_a-freer.o)
 .ARM.attributes
                0x00000d4d       0x34 C:/ST/STM32CubeIDE_1.16.1/STM32CubeIDE/plugins/com.st.stm32cube.ide.mcu.externaltools.gnu-tools-for-stm32.12.3.rel1.win32_1.0.200.202406191623/tools/bin/../lib/gcc/arm-none-eabi/12.3.1/../../../../arm-none-eabi/lib/thumb/v7e-m+fp/hard\libc_nano.a(libc_a-fflush.o)
 .ARM.attributes
                0x00000d81       0x34 C:/ST/STM32CubeIDE_1.16.1/STM32CubeIDE/plugins/com.st.stm32cube.ide.mcu.externaltools.gnu-tools-for-stm32.12.3.rel1.win32_1.0.200.202406191623/tools/bin/../lib/gcc/arm-none-eabi/12.3.1/../../../../arm-none-eabi/lib/thumb/v7e-m+fp/hard\libc_nano.a(libc_a-makebuf.o)
 .ARM.attributes
                0x00000db5       0x34 C:/ST/STM32CubeIDE_1.16.1/STM32CubeIDE/plugins/com.st.stm32cube.ide.mcu.externaltools.gnu-tools-for-stm32.12.3.rel1.win32_1.0.200.202406191623/tools/bin/../lib/gcc/arm-none-eabi/12.3.1/../../../../arm-none-eabi/lib/thumb/v7e-m+fp/hard\libc_nano.a(libc_a-fstatr.o)
 .ARM.attributes
                0x00000de9       0x22 C:/ST/STM32CubeIDE_1.16.1/STM32CubeIDE/plugins/com.st.stm32cube.ide.mcu.externaltools.gnu-tools-for-stm32.12.3.rel1.win32_1.0.200.202406191623/tools/bin/../lib/gcc/arm-none-eabi/12.3.1/thumb/v7e-m+fp/hard\libgcc.a(_aeabi_uldivmod.o)
 .ARM.attributes
                0x00000e0b       0x34 C:/ST/STM32CubeIDE_1.16.1/STM32CubeIDE/plugins/com.st.stm32cube.ide.mcu.externaltools.gnu-tools-for-stm32.12.3.rel1.win32_1.0.200.202406191623/tools/bin/../lib/gcc/arm-none-eabi/12.3.1/thumb/v7e-m+fp/hard\libgcc.a(_udivmoddi4.o)
 .ARM.attributes
                0x00000e3f       0x22 C:/ST/STM32CubeIDE_1.16.1/STM32CubeIDE/plugins/com.st.stm32cube.ide.mcu.externaltools.gnu-tools-for-stm32.12.3.rel1.win32_1.0.200.202406191623/tools/bin/../lib/gcc/arm-none-eabi/12.3.1/thumb/v7e-m+fp/hard\libgcc.a(_dvmd_tls.o)
 .ARM.attributes
                0x00000e61       0x22 C:/ST/STM32CubeIDE_1.16.1/STM32CubeIDE/plugins/com.st.stm32cube.ide.mcu.externaltools.gnu-tools-for-stm32.12.3.rel1.win32_1.0.200.202406191623/tools/bin/../lib/gcc/arm-none-eabi/12.3.1/thumb/v7e-m+fp/hard/crtn.o
OUTPUT(reoptimization_main_app.elf elf32-littlearm)
LOAD linker stubs
LOAD C:/ST/STM32CubeIDE_1.16.1/STM32CubeIDE/plugins/com.st.stm32cube.ide.mcu.externaltools.gnu-tools-for-stm32.12.3.rel1.win32_1.0.200.202406191623/tools/bin/../lib/gcc/arm-none-eabi/12.3.1/../../../../arm-none-eabi/lib/thumb/v7e-m+fp/hard\libc.a
LOAD C:/ST/STM32CubeIDE_1.16.1/STM32CubeIDE/plugins/com.st.stm32cube.ide.mcu.externaltools.gnu-tools-for-stm32.12.3.rel1.win32_1.0.200.202406191623/tools/bin/../lib/gcc/arm-none-eabi/12.3.1/../../../../arm-none-eabi/lib/thumb/v7e-m+fp/hard\libm.a
LOAD C:/ST/STM32CubeIDE_1.16.1/STM32CubeIDE/plugins/com.st.stm32cube.ide.mcu.externaltools.gnu-tools-for-stm32.12.3.rel1.win32_1.0.200.202406191623/tools/bin/../lib/gcc/arm-none-eabi/12.3.1/thumb/v7e-m+fp/hard\libgcc.a

.comment        0x00000000       0xbc
 .comment       0x00000000       0x43 ./Core/Src/adc.o
                                 0x44 (size before relaxing)
 .comment       0x00000043       0x44 ./Core/Src/adc_dblbuf.o
 .comment       0x00000043       0x44 ./Core/Src/aes.o
 .comment       0x00000043       0x44 ./Core/Src/dma.o
 .comment       0x00000043       0x44 ./Core/Src/gpio.o
 .comment       0x00000043       0x44 ./Core/Src/main.o
 .comment       0x00000043       0x44 ./Core/Src/packet.o
 .comment       0x00000043       0x44 ./Core/Src/retarget.o
 .comment       0x00000043       0x44 ./Core/Src/s2lp.o
 .comment       0x00000043       0x44 ./Core/Src/spectrogram.o
 .comment       0x00000043       0x44 ./Core/Src/spi.o
 .comment       0x00000043       0x44 ./Core/Src/stm32l4xx_hal_msp.o
 .comment       0x00000043       0x44 ./Core/Src/stm32l4xx_it.o
 .comment       0x00000043       0x44 ./Core/Src/sysmem.o
 .comment       0x00000043       0x44 ./Core/Src/system_stm32l4xx.o
 .comment       0x00000043       0x44 ./Core/Src/tim.o
 .comment       0x00000043       0x44 ./Core/Src/usart.o
 .comment       0x00000043       0x44 ./Core/Src/utils.o
 .comment       0x00000043       0x44 ./Drivers/STM32L4xx_HAL_Driver/Src/stm32l4xx_hal.o
 .comment       0x00000043       0x44 ./Drivers/STM32L4xx_HAL_Driver/Src/stm32l4xx_hal_adc.o
 .comment       0x00000043       0x44 ./Drivers/STM32L4xx_HAL_Driver/Src/stm32l4xx_hal_adc_ex.o
 .comment       0x00000043       0x44 ./Drivers/STM32L4xx_HAL_Driver/Src/stm32l4xx_hal_cortex.o
 .comment       0x00000043       0x44 ./Drivers/STM32L4xx_HAL_Driver/Src/stm32l4xx_hal_cryp.o
 .comment       0x00000043       0x44 ./Drivers/STM32L4xx_HAL_Driver/Src/stm32l4xx_hal_cryp_ex.o
 .comment       0x00000043       0x44 ./Drivers/STM32L4xx_HAL_Driver/Src/stm32l4xx_hal_dma.o
 .comment       0x00000043       0x44 ./Drivers/STM32L4xx_HAL_Driver/Src/stm32l4xx_hal_gpio.o
 .comment       0x00000043       0x44 ./Drivers/STM32L4xx_HAL_Driver/Src/stm32l4xx_hal_pwr.o
 .comment       0x00000043       0x44 ./Drivers/STM32L4xx_HAL_Driver/Src/stm32l4xx_hal_pwr_ex.o
 .comment       0x00000043       0x44 ./Drivers/STM32L4xx_HAL_Driver/Src/stm32l4xx_hal_rcc.o
 .comment       0x00000043       0x44 ./Drivers/STM32L4xx_HAL_Driver/Src/stm32l4xx_hal_rcc_ex.o
 .comment       0x00000043       0x44 ./Drivers/STM32L4xx_HAL_Driver/Src/stm32l4xx_hal_spi.o
 .comment       0x00000043       0x44 ./Drivers/STM32L4xx_HAL_Driver/Src/stm32l4xx_hal_tim.o
 .comment       0x00000043       0x44 ./Drivers/STM32L4xx_HAL_Driver/Src/stm32l4xx_hal_tim_ex.o
 .comment       0x00000043       0x44 ./Drivers/STM32L4xx_HAL_Driver/Src/stm32l4xx_hal_uart.o
 .comment       0x00000043       0x79 C:\Dev\GIT\LELEC210X_GROUP_E\mcu\reoptimization_main_app\ARM_CMSIS\CMSIS\DSP\Lib\GCC\libarm_cortexM4lf_math.a(arm_rfft_q15.o)
                                 0x7a (size before relaxing)
 .comment       0x000000bc       0x7a C:\Dev\GIT\LELEC210X_GROUP_E\mcu\reoptimization_main_app\ARM_CMSIS\CMSIS\DSP\Lib\GCC\libarm_cortexM4lf_math.a(arm_rfft_init_q15.o)
 .comment       0x000000bc       0x7a C:\Dev\GIT\LELEC210X_GROUP_E\mcu\reoptimization_main_app\ARM_CMSIS\CMSIS\DSP\Lib\GCC\libarm_cortexM4lf_math.a(arm_mult_q15.o)
 .comment       0x000000bc       0x7a C:\Dev\GIT\LELEC210X_GROUP_E\mcu\reoptimization_main_app\ARM_CMSIS\CMSIS\DSP\Lib\GCC\libarm_cortexM4lf_math.a(arm_dot_prod_q15.o)
 .comment       0x000000bc       0x7a C:\Dev\GIT\LELEC210X_GROUP_E\mcu\reoptimization_main_app\ARM_CMSIS\CMSIS\DSP\Lib\GCC\libarm_cortexM4lf_math.a(arm_const_structs.o)
 .comment       0x000000bc       0x7a C:\Dev\GIT\LELEC210X_GROUP_E\mcu\reoptimization_main_app\ARM_CMSIS\CMSIS\DSP\Lib\GCC\libarm_cortexM4lf_math.a(arm_common_tables.o)
 .comment       0x000000bc       0x7a C:\Dev\GIT\LELEC210X_GROUP_E\mcu\reoptimization_main_app\ARM_CMSIS\CMSIS\DSP\Lib\GCC\libarm_cortexM4lf_math.a(arm_cfft_q15.o)
 .comment       0x000000bc       0x7a C:\Dev\GIT\LELEC210X_GROUP_E\mcu\reoptimization_main_app\ARM_CMSIS\CMSIS\DSP\Lib\GCC\libarm_cortexM4lf_math.a(arm_cfft_radix4_q15.o)
 .comment       0x000000bc       0x7a C:\Dev\GIT\LELEC210X_GROUP_E\mcu\reoptimization_main_app\ARM_CMSIS\CMSIS\DSP\Lib\GCC\libarm_cortexM4lf_math.a(arm_bitreversal2.o)

.debug_info     0x00000000     0xf554
 .debug_info    0x00000000     0x1801 C:\Dev\GIT\LELEC210X_GROUP_E\mcu\reoptimization_main_app\ARM_CMSIS\CMSIS\DSP\Lib\GCC\libarm_cortexM4lf_math.a(arm_rfft_q15.o)
 .debug_info    0x00001801     0x1ce3 C:\Dev\GIT\LELEC210X_GROUP_E\mcu\reoptimization_main_app\ARM_CMSIS\CMSIS\DSP\Lib\GCC\libarm_cortexM4lf_math.a(arm_rfft_init_q15.o)
 .debug_info    0x000034e4      0xec8 C:\Dev\GIT\LELEC210X_GROUP_E\mcu\reoptimization_main_app\ARM_CMSIS\CMSIS\DSP\Lib\GCC\libarm_cortexM4lf_math.a(arm_mult_q15.o)
 .debug_info    0x000043ac      0xd27 C:\Dev\GIT\LELEC210X_GROUP_E\mcu\reoptimization_main_app\ARM_CMSIS\CMSIS\DSP\Lib\GCC\libarm_cortexM4lf_math.a(arm_dot_prod_q15.o)
 .debug_info    0x000050d3     0x21e3 C:\Dev\GIT\LELEC210X_GROUP_E\mcu\reoptimization_main_app\ARM_CMSIS\CMSIS\DSP\Lib\GCC\libarm_cortexM4lf_math.a(arm_const_structs.o)
 .debug_info    0x000072b6     0x1e86 C:\Dev\GIT\LELEC210X_GROUP_E\mcu\reoptimization_main_app\ARM_CMSIS\CMSIS\DSP\Lib\GCC\libarm_cortexM4lf_math.a(arm_common_tables.o)
 .debug_info    0x0000913c     0x16dc C:\Dev\GIT\LELEC210X_GROUP_E\mcu\reoptimization_main_app\ARM_CMSIS\CMSIS\DSP\Lib\GCC\libarm_cortexM4lf_math.a(arm_cfft_q15.o)
 .debug_info    0x0000a818     0x3392 C:\Dev\GIT\LELEC210X_GROUP_E\mcu\reoptimization_main_app\ARM_CMSIS\CMSIS\DSP\Lib\GCC\libarm_cortexM4lf_math.a(arm_cfft_radix4_q15.o)
 .debug_info    0x0000dbaa     0x19aa C:\Dev\GIT\LELEC210X_GROUP_E\mcu\reoptimization_main_app\ARM_CMSIS\CMSIS\DSP\Lib\GCC\libarm_cortexM4lf_math.a(arm_bitreversal2.o)

.debug_abbrev   0x00000000     0x17a9
 .debug_abbrev  0x00000000      0x348 C:\Dev\GIT\LELEC210X_GROUP_E\mcu\reoptimization_main_app\ARM_CMSIS\CMSIS\DSP\Lib\GCC\libarm_cortexM4lf_math.a(arm_rfft_q15.o)
 .debug_abbrev  0x00000348      0x230 C:\Dev\GIT\LELEC210X_GROUP_E\mcu\reoptimization_main_app\ARM_CMSIS\CMSIS\DSP\Lib\GCC\libarm_cortexM4lf_math.a(arm_rfft_init_q15.o)
 .debug_abbrev  0x00000578      0x2ab C:\Dev\GIT\LELEC210X_GROUP_E\mcu\reoptimization_main_app\ARM_CMSIS\CMSIS\DSP\Lib\GCC\libarm_cortexM4lf_math.a(arm_mult_q15.o)
 .debug_abbrev  0x00000823      0x2c8 C:\Dev\GIT\LELEC210X_GROUP_E\mcu\reoptimization_main_app\ARM_CMSIS\CMSIS\DSP\Lib\GCC\libarm_cortexM4lf_math.a(arm_dot_prod_q15.o)
 .debug_abbrev  0x00000aeb      0x1f0 C:\Dev\GIT\LELEC210X_GROUP_E\mcu\reoptimization_main_app\ARM_CMSIS\CMSIS\DSP\Lib\GCC\libarm_cortexM4lf_math.a(arm_const_structs.o)
 .debug_abbrev  0x00000cdb      0x1ec C:\Dev\GIT\LELEC210X_GROUP_E\mcu\reoptimization_main_app\ARM_CMSIS\CMSIS\DSP\Lib\GCC\libarm_cortexM4lf_math.a(arm_common_tables.o)
 .debug_abbrev  0x00000ec7      0x32a C:\Dev\GIT\LELEC210X_GROUP_E\mcu\reoptimization_main_app\ARM_CMSIS\CMSIS\DSP\Lib\GCC\libarm_cortexM4lf_math.a(arm_cfft_q15.o)